07-05 16:21:53.140   407   407 I recovery: type=1400 audit(0.0:100): avc: denied { execmem } for scontext=u:r:recovery:s0 tcontext=u:r:recovery:s0 tclass=process permissive=1
07-05 16:21:53.140   407   407 I recovery: type=1400 audit(0.0:101): avc: denied { execute } for path="/dev/ashmem3848e5fd-8681-4093-b2f6-d832cfca83f2" dev="tmpfs" ino=11245 scontext=u:r:recovery:s0 tcontext=u:object_r:ashmem_libcutils_device:s0 tclass=chr_file permissive=1
07-05 16:21:53.167   407   407 I ArmToArm64Assembler: generated scanline__00000077:03010101_00008001_00000000 [195 ipp] (241 ins) at [0x75a16f43c0:0x75a16f4784] in 83077ns
07-05 16:21:53.205   407   407 I ArmToArm64Assembler: generated scanline__00000077:03545401_00000A01_00000000 [ 69 ipp] (113 ins) at [0x75a16f4790:0x75a16f4954] in 66154ns
07-05 16:21:53.212   407   407 I ArmToArm64Assembler: generated scanline__00000077:03545401_00000A08_00000000 [ 69 ipp] (116 ins) at [0x75a16f4960:0x75a16f4b30] in 59693ns
07-05 16:21:53.200   407   407 I recovery: type=1400 audit(0.0:102): avc: denied { ioctl } for path="/dev/block/dm-0" dev="tmpfs" ino=12081 ioctlcmd=0x5331 scontext=u:r:recovery:s0 tcontext=u:object_r:dm_device:s0 tclass=blk_file permissive=1
07-05 16:21:53.200   407   407 I recovery: type=1400 audit(0.0:103): avc: denied { ioctl } for path="/dev/block/dm-1" dev="tmpfs" ino=12086 ioctlcmd=0x5331 scontext=u:r:recovery:s0 tcontext=u:object_r:dm_device:s0 tclass=blk_file permissive=1
07-05 16:21:54.155   402   402 I keystore2: found android.hardware.keymaster@4.0::IKeymasterDevice with interface name default and seclevel TRUSTED_ENVIRONMENT
07-05 16:21:54.155   411   411 D TlcTeeKeyMaster: TEE_GetHmacSharingParameters
07-05 16:21:54.156   411   411 D TlcTeeKeyMaster: TEE_GetHmacSharingParameters exiting with 0
07-05 16:21:54.156   411   411 D TlcTeeKeyMaster: TEE_ComputeSharedMac
07-05 16:21:54.156   411   411 D TlcTeeKeyMaster: TEE_ComputeSharedMac exiting with 0
07-05 16:21:54.156   402   416 I keystore2: keystore2::shared_secret_negotiation: Shared secret negotiation concluded successfully.
07-05 16:21:54.156   400   400 E SELinux : avc:  denied  { add } for pid=402 uid=0 name=android.system.keystore2.IKeystoreService/default scontext=u:r:recovery:s0 tcontext=u:object_r:keystore_service:s0 tclass=service_manager permissive=1
07-05 16:21:54.156   400   400 I servicemanager: getDeviceHalManifest: Reading VINTF information.
07-05 16:21:54.160   400   400 I servicemanager: getDeviceHalManifest: Successfully processed VINTF information
07-05 16:21:54.160   400   400 I servicemanager: getFrameworkHalManifest: Reading VINTF information.
07-05 16:21:54.160   400   400 I servicemanager: getFrameworkHalManifest: Successfully processed VINTF information
07-05 16:21:54.160   400   400 I servicemanager: Found android.system.keystore2.IKeystoreService/default in framework VINTF manifest.
07-05 16:21:54.160   400   400 E SELinux : avc:  denied  { add } for pid=402 uid=0 name=android.security.apc scontext=u:r:recovery:s0 tcontext=u:object_r:apc_service:s0 tclass=service_manager permissive=1
07-05 16:21:54.161   400   400 E SELinux : avc:  denied  { add } for pid=402 uid=0 name=android.security.authorization scontext=u:r:recovery:s0 tcontext=u:object_r:authorization_service:s0 tclass=service_manager permissive=1
07-05 16:21:54.161   400   400 E SELinux : avc:  denied  { add } for pid=402 uid=0 name=android.security.maintenance scontext=u:r:recovery:s0 tcontext=u:object_r:keystore_maintenance_service:s0 tclass=service_manager permissive=1
07-05 16:21:54.161   400   400 E SELinux : avc:  denied  { add } for pid=402 uid=0 name=android.security.metrics scontext=u:r:recovery:s0 tcontext=u:object_r:keystore_metrics_service:s0 tclass=service_manager permissive=1
07-05 16:21:54.161   400   400 E SELinux : avc:  denied  { add } for pid=402 uid=0 name=android.security.legacykeystore scontext=u:r:recovery:s0 tcontext=u:object_r:legacykeystore_service:s0 tclass=service_manager permissive=1
07-05 16:21:54.161   402   402 I keystore2: keystore2_main: Successfully registered Keystore 2.0 service.
07-05 16:21:54.161   402   402 I keystore2: keystore2_main: Joining thread pool now.
07-05 16:21:54.446   407   407 I recovery: fscrypt_mount_metadata_encrypted: /data encrypt: 0 format: 0 with f2fs
07-05 16:21:54.448   407   407 I recovery: metadata_key_dir/key: /metadata/vold/metadata_encryption/key
07-05 16:21:54.420   407   407 I recovery: type=1400 audit(0.0:104): avc: denied { search } for name="vold" dev="sdc16" ino=16 scontext=u:r:recovery:s0 tcontext=u:object_r:vold_metadata_file:s0 tclass=dir permissive=1
07-05 16:21:54.449   407   407 I recovery: Key exists, using: /metadata/vold/metadata_encryption/key
07-05 16:21:54.449   407   407 I recovery: Retrieving key from keymaster
07-05 16:21:54.420   407   407 I recovery: type=1400 audit(0.0:105): avc: denied { read } for name="version" dev="sdc16" ino=64 scontext=u:r:recovery:s0 tcontext=u:object_r:vold_metadata_file:s0 tclass=file permissive=1
07-05 16:21:54.420   407   407 I recovery: type=1400 audit(0.0:106): avc: denied { open } for path="/metadata/vold/metadata_encryption/key/version" dev="sdc16" ino=64 scontext=u:r:recovery:s0 tcontext=u:object_r:vold_metadata_file:s0 tclass=file permissive=1
07-05 16:21:54.420   407   407 I recovery: type=1400 audit(0.0:107): avc: denied { getattr } for path="/metadata/vold/metadata_encryption/key/version" dev="sdc16" ino=64 scontext=u:r:recovery:s0 tcontext=u:object_r:vold_metadata_file:s0 tclass=file permissive=1
07-05 16:21:54.450   407   407 D ProcessState: Binder ioctl to enable oneway spam detection failed: Invalid argument
07-05 16:21:54.450   400   400 E SELinux : avc:  denied  { find } for pid=407 uid=0 name=android.system.keystore2.IKeystoreService/default scontext=u:r:recovery:s0 tcontext=u:object_r:keystore_service:s0 tclass=service_manager permissive=1
07-05 16:21:54.451   407   407 I recovery: reading blob_file: /metadata/vold/metadata_encryption/key/keymaster_key_blob
07-05 16:21:54.451   402   402 I SELinux : SELinux: Loaded keystore2_key_contexts from:
07-05 16:21:54.451   402   402 I SELinux :     /system/etc/selinux/plat_keystore2_key_contexts
07-05 16:21:54.451   402   402 E SELinux : avc:  denied  { manage_blob } for  scontext=u:r:recovery:s0 tcontext=u:object_r:vold_key:s0 tclass=keystore2_key permissive=1
07-05 16:21:54.451   402   402 E SELinux : avc:  denied  { use } for  scontext=u:r:recovery:s0 tcontext=u:object_r:vold_key:s0 tclass=keystore2_key permissive=1
07-05 16:21:54.451   411   411 D TlcTeeKeyMaster: TEE_Begin 4.1
07-05 16:21:54.451   411   411 D TlcTeeKeyMaster: purpose = 0x00000001
07-05 16:21:54.452   411   411 E TlcTeeKeyMaster: (keymaster_error_t)tci->response.header.returnCode == -62
07-05 16:21:54.452   411   411 E TlcTeeKeyMaster: transact(session_handle, tci) == -62
07-05 16:21:54.452   411   411 D TlcTeeKeyMaster: TEE_Begin exiting with -62
07-05 16:21:54.454   411   411 D TlcTeeKeyMaster: TEE_Begin 4.1
07-05 16:21:54.454   411   411 D TlcTeeKeyMaster: purpose = 0x00000001
07-05 16:21:54.454   411   411 D TlcTeeKeyMaster: find_spare_operation_slot: allocate op 0xc7f54c4189eaa157 to slot #0 (1 ops live)
07-05 16:21:54.455   411   411 D TlcTeeKeyMaster: TEE_Begin exiting with 0
07-05 16:21:54.455   407   407 I recovery: Upgrading key: /metadata/vold/metadata_encryption/key/keymaster_key_blob
07-05 16:21:54.455   411   411 D TlcTeeKeyMaster: TEE_Update
07-05 16:21:54.455   411   411 D TlcTeeKeyMaster: split_update_chunks
07-05 16:21:54.456   411   411 D TlcTeeKeyMaster: TEE_Update exiting with 0
07-05 16:21:54.457   411   411 D TlcTeeKeyMaster: TEE_Finish
07-05 16:21:54.457   411   411 D TlcTeeKeyMaster: split_update_chunks
07-05 16:21:54.457   411   411 D TlcTeeKeyMaster: release_operation_slot: release op slot #0 (handle 0xc7f54c4189eaa157; 0 ops live)
07-05 16:21:54.457   411   411 D TlcTeeKeyMaster: TEE_Finish exiting with 0
07-05 16:21:54.420   408   408 I health@2.1-serv: type=1400 audit(0.0:108): avc: denied { read } for scontext=u:r:recovery:s0 tcontext=u:r:recovery:s0 tclass=netlink_kobject_uevent_socket permissive=1
07-05 16:21:54.463   407   407 I recovery: Mounting metadata-encrypted filesystem:/data
07-05 16:21:54.440   407   407 I recovery: type=1400 audit(0.0:109): avc: denied { setexec } for scontext=u:r:recovery:s0 tcontext=u:r:recovery:s0 tclass=process permissive=1
07-05 16:21:54.463   407   407 D hw-ProcessState: Binder ioctl to enable oneway spam detection failed: Invalid argument
07-05 16:21:54.463   407   407 E cutils-trace: Error opening trace file: No such file or directory (2)
07-05 16:21:54.464   399   399 I hwservicemanager: getTransport: Cannot find entry android.hardware.boot@1.0::IBootControl/default in either framework or device VINTF manifest.
07-05 16:21:54.464   407   407 E HidlServiceManagement: getService: Potential race detected. The VINTF manifest is not being enforced. If a HAL server has a delay in starting and it is not in the manifest, it will not be retrieved. Please make sure all HALs on this device are in the VINTF manifest and enable PRODUCT_ENFORCE_VINTF_MANIFEST on this device (this is also enabled by PRODUCT_FULL_TREBLE). PRODUCT_ENFORCE_VINTF_MANIFEST will ensure that no race condition is possible here.
07-05 16:21:55.464   399   399 I hwservicemanager: Since android.hardware.boot@1.0::IBootControl/default is not registered, trying to start it as a lazy HAL.
07-05 16:21:55.440     1     1 I unknown : type=1107 audit(0.0:111): uid=0 auid=4294967295 ses=4294967295 subj=u:r:init:s0 msg='avc: denied { set } for property=ctl.interface_start$android.hardware.boot@1.0::IBootControl/default pid=399 uid=0 gid=0 scontext=u:r:recovery:s0 tcontext=u:object_r:ctl_interface_start_prop:s0 tclass=property_service permissive=1'
07-05 16:21:55.440   407   407 I recovery: type=1400 audit(0.0:110): avc: denied { search } for name="block" dev="sysfs" ino=20757 scontext=u:r:recovery:s0 tcontext=u:object_r:sysfs_block:s0 tclass=dir permissive=1
07-05 16:21:55.440   407   407 I recovery: type=1400 audit(0.0:112): avc: denied { write } for name="read_ahead_kb" dev="sysfs" ino=43463 scontext=u:r:recovery:s0 tcontext=u:object_r:sysfs_dm:s0 tclass=file permissive=1
07-05 16:21:55.465   407   407 I recovery: [libfs_mgr]Set readahead_kb: 128 on /sys/class/block/dm-5/queue/read_ahead_kb
07-05 16:21:55.465   399   448 W libc    : Unable to set property "ctl.interface_start" to "android.hardware.boot@1.0::IBootControl/default": error code: 0x20
07-05 16:21:55.465   399   448 I hwservicemanager: Tried to start android.hardware.boot@1.0::IBootControl/default as a lazy service, but was unable to. Usually this happens when a service is not installed, but if the service is intended to be used as a lazy service, then it may be configured incorrectly.
07-05 16:21:55.465   407   407 I recovery: [libfs_mgr]Set readahead_kb: 128 on /sys/class/block/sdc49/../queue/read_ahead_kb
07-05 16:21:55.467   407   407 I recovery: [libfs_mgr]Running /system/bin/fsck.f2fs -a -c 10000 --debug-cache /dev/block/dm-5
07-05 16:21:55.440   407   407 I recovery: type=1400 audit(0.0:113): avc: denied { search } for name="fscklogs" dev="tmpfs" ino=11885 scontext=u:r:recovery:s0 tcontext=u:object_r:fscklogs:s0 tclass=dir permissive=1
07-05 16:21:55.440   407   407 I recovery: type=1400 audit(0.0:114): avc: denied { write } for name="fscklogs" dev="tmpfs" ino=11885 scontext=u:r:recovery:s0 tcontext=u:object_r:fscklogs:s0 tclass=dir permissive=1
07-05 16:21:55.440   407   407 I recovery: type=1400 audit(0.0:115): avc: denied { add_name } for name="log" scontext=u:r:recovery:s0 tcontext=u:object_r:fscklogs:s0 tclass=dir permissive=1
07-05 16:21:55.440   407   407 I recovery: type=1400 audit(0.0:116): avc: denied { create } for name="log" scontext=u:r:recovery:s0 tcontext=u:object_r:fscklogs:s0 tclass=file permissive=1
07-05 16:21:55.440   407   407 I recovery: type=1400 audit(0.0:117): avc: denied { write open } for path="/dev/fscklogs/log" dev="tmpfs" ino=17417 scontext=u:r:recovery:s0 tcontext=u:object_r:fscklogs:s0 tclass=file permissive=1
07-05 16:21:55.440   449   449 I recovery: type=1400 audit(0.0:118): avc: denied { read write } for name="0" dev="devpts" ino=3 scontext=u:r:recovery:s0 tcontext=u:object_r:devpts:s0 tclass=chr_file permissive=1
07-05 16:21:55.440   449   449 I recovery: type=1400 audit(0.0:119): avc: denied { open } for path="/dev/pts/0" dev="devpts" ino=3 scontext=u:r:recovery:s0 tcontext=u:object_r:devpts:s0 tclass=chr_file permissive=1
07-05 16:21:55.440   449   449 I fsck.f2fs: type=1400 audit(0.0:120): avc: denied { getattr } for path="/dev/pts/0" dev="devpts" ino=3 scontext=u:r:recovery:s0 tcontext=u:object_r:devpts:s0 tclass=chr_file permissive=1
07-05 16:21:55.440   449   449 I fsck.f2fs: type=1400 audit(0.0:121): avc: denied { ioctl } for path="/dev/pts/0" dev="devpts" ino=3 ioctlcmd=0x5401 scontext=u:r:recovery:s0 tcontext=u:object_r:devpts:s0 tclass=chr_file permissive=1
07-05 16:21:55.440   407   407 I recovery: type=1400 audit(0.0:122): avc: denied { open } for path="/dev/kmsg" dev="tmpfs" ino=11291 scontext=u:r:recovery:s0 tcontext=u:object_r:kmsg_device:s0 tclass=chr_file permissive=1
07-05 16:21:55.440   407   407 I recovery: type=1400 audit(0.0:123): avc: denied { getattr } for path="/dev/fscklogs/log" dev="tmpfs" ino=17417 scontext=u:r:recovery:s0 tcontext=u:object_r:fscklogs:s0 tclass=file permissive=1
07-05 16:21:55.460     1     1 I unknown : type=1107 audit(0.0:124): uid=0 auid=4294967295 ses=4294967295 subj=u:r:init:s0 msg='avc: denied { set } for property=ro.boottime.init.fsck.data pid=407 uid=0 gid=0 scontext=u:r:recovery:s0 tcontext=u:object_r:boottime_public_prop:s0 tclass=property_service permissive=1'
07-05 16:21:55.518   407   407 I recovery: [libfs_mgr]__mount(source=/dev/block/dm-5,target=/data,type=f2fs)=0: Success
07-05 16:21:55.518   407   407 I recovery: Mounted /data
07-05 16:21:55.480     1     1 I unknown : type=1107 audit(0.0:125): uid=0 auid=4294967295 ses=4294967295 subj=u:r:init:s0 msg='avc: denied { set } for property=ro.crypto.fs_crypto_blkdev pid=407 uid=0 gid=0 scontext=u:r:recovery:s0 tcontext=u:object_r:vold_prop:s0 tclass=property_service permissive=1'
07-05 16:21:55.518   407   407 W libc    : Unable to set property "ro.crypto.metadata.enabled" to "true": error code: 0xb
07-05 16:21:55.518   407   407 W recovery: failed to set ro.crypto.metadata.enabled
07-05 16:21:55.480   407   407 I recovery: type=1400 audit(0.0:126): avc: denied { search } for name="unencrypted" dev="dm-5" ino=8 scontext=u:r:recovery:s0 tcontext=u:object_r:unencrypted_data_file:s0 tclass=dir permissive=1
07-05 16:21:55.480   407   407 I recovery: type=1400 audit(0.0:127): avc: denied { getattr } for path="/data/unencrypted/key/version" dev="dm-5" ino=10 scontext=u:r:recovery:s0 tcontext=u:object_r:unencrypted_data_file:s0 tclass=file permissive=1
07-05 16:21:56.519   407   407 I recovery: fscrypt_initialize_systemwide_keys
07-05 16:21:56.519   407   407 I recovery: Key exists, using: /data/unencrypted/key
07-05 16:21:56.519   407   407 I recovery: Retrieving key from keymaster
07-05 16:21:56.500   407   407 I recovery: type=1400 audit(0.0:128): avc: denied { read } for name="version" dev="dm-5" ino=10 scontext=u:r:recovery:s0 tcontext=u:object_r:unencrypted_data_file:s0 tclass=file permissive=1
07-05 16:21:56.500   407   407 I recovery: type=1400 audit(0.0:129): avc: denied { open } for path="/data/unencrypted/key/version" dev="dm-5" ino=10 scontext=u:r:recovery:s0 tcontext=u:object_r:unencrypted_data_file:s0 tclass=file permissive=1
07-05 16:21:56.522   407   407 I recovery: reading blob_file: /data/unencrypted/key/keymaster_key_blob
07-05 16:21:56.522   407   407 E recovery: key mkdir /tmp/keymaster_key_blob/: File exists
07-05 16:21:56.522   411   411 D TlcTeeKeyMaster: TEE_Begin 4.1
07-05 16:21:56.522   411   411 D TlcTeeKeyMaster: purpose = 0x00000001
07-05 16:21:56.523   411   411 E TlcTeeKeyMaster: (keymaster_error_t)tci->response.header.returnCode == -62
07-05 16:21:56.523   411   411 E TlcTeeKeyMaster: transact(session_handle, tci) == -62
07-05 16:21:56.523   411   411 D TlcTeeKeyMaster: TEE_Begin exiting with -62
07-05 16:21:56.524   411   411 D TlcTeeKeyMaster: TEE_Begin 4.1
07-05 16:21:56.524   411   411 D TlcTeeKeyMaster: purpose = 0x00000001
07-05 16:21:56.525   411   411 D TlcTeeKeyMaster: find_spare_operation_slot: allocate op 0x2a1cc6159db7977 to slot #0 (1 ops live)
07-05 16:21:56.525   411   411 D TlcTeeKeyMaster: TEE_Begin exiting with 0
07-05 16:21:56.526   407   407 I recovery: Upgrading key: /data/unencrypted/key/keymaster_key_blob
07-05 16:21:56.526   411   411 D TlcTeeKeyMaster: TEE_Update
07-05 16:21:56.526   411   411 D TlcTeeKeyMaster: split_update_chunks
07-05 16:21:56.527   411   411 D TlcTeeKeyMaster: TEE_Update exiting with 0
07-05 16:21:56.527   411   411 D TlcTeeKeyMaster: TEE_Finish
07-05 16:21:56.527   411   411 D TlcTeeKeyMaster: split_update_chunks
07-05 16:21:56.527   411   411 D TlcTeeKeyMaster: release_operation_slot: release op slot #0 (handle 0x2a1cc6159db7977; 0 ops live)
07-05 16:21:56.527   411   411 D TlcTeeKeyMaster: TEE_Finish exiting with 0
07-05 16:21:56.500   407   407 I recovery: type=1400 audit(0.0:130): avc: denied { read } for name="/" dev="dm-5" ino=3 scontext=u:r:recovery:s0 tcontext=u:object_r:system_data_root_file:s0 tclass=dir permissive=1
07-05 16:21:56.500   407   407 I recovery: type=1400 audit(0.0:131): avc: denied { open } for path="/data" dev="dm-5" ino=3 scontext=u:r:recovery:s0 tcontext=u:object_r:system_data_root_file:s0 tclass=dir permissive=1
07-05 16:21:56.500   407   407 I recovery: type=1400 audit(0.0:132): avc: denied { ioctl } for path="/data" dev="dm-5" ino=3 ioctlcmd=0x6617 scontext=u:r:recovery:s0 tcontext=u:object_r:system_data_root_file:s0 tclass=dir permissive=1
07-05 16:21:56.500   407   407 I recovery: type=1400 audit(0.0:133): avc: denied { module_request } for kmod="crypto-hmac(sha512)" scontext=u:r:recovery:s0 tcontext=u:r:kernel:s0 tclass=system permissive=1
07-05 16:21:56.500   407   407 I recovery: type=1400 audit(0.0:134): avc: denied { write } for scontext=u:r:recovery:s0 tcontext=u:r:init:s0 tclass=key permissive=1
07-05 16:21:56.528   407   407 I recovery: Installed fscrypt key with ref 7228a2a93c171af5c280789ebc89822e to /data
07-05 16:21:56.528   407   407 I recovery: Added fscrypt-provisioning key for 7228a2a93c171af5c280789ebc89822e to session keyring
07-05 16:21:56.500   407   407 I recovery: type=1400 audit(0.0:135): avc: denied { write } for name="unencrypted" dev="dm-5" ino=8 scontext=u:r:recovery:s0 tcontext=u:object_r:unencrypted_data_file:s0 tclass=dir permissive=1
07-05 16:21:56.500   407   407 I recovery: type=1400 audit(0.0:136): avc: denied { add_name } for name="mode" scontext=u:r:recovery:s0 tcontext=u:object_r:unencrypted_data_file:s0 tclass=dir permissive=1
07-05 16:21:56.500   407   407 I recovery: type=1400 audit(0.0:137): avc: denied { create } for name="mode" scontext=u:r:recovery:s0 tcontext=u:object_r:unencrypted_data_file:s0 tclass=file permissive=1
07-05 16:21:56.500   407   407 I recovery: type=1400 audit(0.0:138): avc: denied { write } for name="mode" dev="dm-5" ino=14 scontext=u:r:recovery:s0 tcontext=u:object_r:unencrypted_data_file:s0 tclass=file permissive=1
07-05 16:21:56.500   407   407 I recovery: type=1400 audit(0.0:139): avc: denied { ioctl } for path="/data" dev="dm-5" ino=3 ioctlcmd=0x6617 scontext=u:r:recovery:s0 tcontext=u:object_r:system_data_root_file:s0 tclass=dir permissive=1
07-05 16:21:56.529   407   407 I recovery: Wrote system DE key reference to:/data/unencrypted/ref
07-05 16:21:56.529   407   407 I recovery: Generating standard storage key
07-05 16:21:56.529   407   407 I recovery: Installed fscrypt key with ref 2d55350d46038d3af57c36fcc2957c41 to /data
07-05 16:21:56.529   407   407 I recovery: Added fscrypt-provisioning key for 2d55350d46038d3af57c36fcc2957c41 to session keyring
07-05 16:21:56.500   407   407 I recovery: type=1400 audit(0.0:140): avc: denied { search } for scontext=u:r:recovery:s0 tcontext=u:r:recovery:s0 tclass=key permissive=1
07-05 16:21:56.530   407   407 I recovery: Wrote per boot key reference to:/data/unencrypted/per_boot_ref
07-05 16:21:56.530   407   407 I recovery: fscrypt_init_user0
07-05 16:21:56.500   407   407 I recovery: type=1400 audit(0.0:141): avc: denied { search } for name="vold" dev="dm-5" ino=73 scontext=u:r:recovery:s0 tcontext=u:object_r:vold_data_file:s0 tclass=dir permissive=1
07-05 16:21:56.500   407   407 I recovery: type=1400 audit(0.0:142): avc: denied { getattr } for path="/data/misc/vold/user_keys" dev="dm-5" ino=314 scontext=u:r:recovery:s0 tcontext=u:object_r:vold_data_file:s0 tclass=dir permissive=1
07-05 16:21:56.500   407   407 I recovery: type=1400 audit(0.0:143): avc: denied { read } for name="de" dev="dm-5" ino=316 scontext=u:r:recovery:s0 tcontext=u:object_r:vold_data_file:s0 tclass=dir permissive=1
07-05 16:21:56.500   407   407 I recovery: type=1400 audit(0.0:144): avc: denied { open } for path="/data/misc/vold/user_keys/de" dev="dm-5" ino=316 scontext=u:r:recovery:s0 tcontext=u:object_r:vold_data_file:s0 tclass=dir permissive=1
07-05 16:21:56.532   407   407 I recovery: fscrypt::load_all_de_keys::retrieveKey
07-05 16:21:56.532   407   407 I recovery: Retrieving key from keymaster
07-05 16:21:56.500   407   407 I recovery: type=1400 audit(0.0:145): avc: denied { read } for name="version" dev="dm-5" ino=318 scontext=u:r:recovery:s0 tcontext=u:object_r:vold_data_file:s0 tclass=file permissive=1
07-05 16:21:56.500   407   407 I recovery: type=1400 audit(0.0:146): avc: denied { open } for path="/data/misc/vold/user_keys/de/0/version" dev="dm-5" ino=318 scontext=u:r:recovery:s0 tcontext=u:object_r:vold_data_file:s0 tclass=file permissive=1
07-05 16:21:56.500   407   407 I recovery: type=1400 audit(0.0:147): avc: denied { getattr } for path="/data/misc/vold/user_keys/de/0/version" dev="dm-5" ino=318 scontext=u:r:recovery:s0 tcontext=u:object_r:vold_data_file:s0 tclass=file permissive=1
07-05 16:21:56.533   407   407 I recovery: reading blob_file: /data/misc/vold/user_keys/de/0/keymaster_key_blob
07-05 16:21:56.534   407   407 E recovery: key mkdir /tmp/keymaster_key_blob/: File exists
07-05 16:21:56.534   411   411 D TlcTeeKeyMaster: TEE_Begin 4.1
07-05 16:21:56.534   411   411 D TlcTeeKeyMaster: purpose = 0x00000001
07-05 16:21:56.535   411   411 E TlcTeeKeyMaster: (keymaster_error_t)tci->response.header.returnCode == -62
07-05 16:21:56.535   411   411 E TlcTeeKeyMaster: transact(session_handle, tci) == -62
07-05 16:21:56.535   411   411 D TlcTeeKeyMaster: TEE_Begin exiting with -62
07-05 16:21:56.536   411   411 D TlcTeeKeyMaster: TEE_Begin 4.1
07-05 16:21:56.536   411   411 D TlcTeeKeyMaster: purpose = 0x00000001
07-05 16:21:56.537   411   411 D TlcTeeKeyMaster: find_spare_operation_slot: allocate op 0xfc85aa183a4b0fd6 to slot #0 (1 ops live)
07-05 16:21:56.537   411   411 D TlcTeeKeyMaster: TEE_Begin exiting with 0
07-05 16:21:56.537   407   407 I recovery: Upgrading key: /data/misc/vold/user_keys/de/0/keymaster_key_blob
07-05 16:21:56.537   411   411 D TlcTeeKeyMaster: TEE_Update
07-05 16:21:56.537   411   411 D TlcTeeKeyMaster: split_update_chunks
07-05 16:21:56.538   411   411 D TlcTeeKeyMaster: TEE_Update exiting with 0
07-05 16:21:56.538   411   411 D TlcTeeKeyMaster: TEE_Finish
07-05 16:21:56.538   411   411 D TlcTeeKeyMaster: split_update_chunks
07-05 16:21:56.539   411   411 D TlcTeeKeyMaster: release_operation_slot: release op slot #0 (handle 0xfc85aa183a4b0fd6; 0 ops live)
07-05 16:21:56.539   411   411 D TlcTeeKeyMaster: TEE_Finish exiting with 0
07-05 16:21:56.520   407   407 I recovery: type=1400 audit(0.0:148): avc: denied { ioctl } for path="/data" dev="dm-5" ino=3 ioctlcmd=0x6617 scontext=u:r:recovery:s0 tcontext=u:object_r:system_data_root_file:s0 tclass=dir permissive=1
07-05 16:21:56.539   407   407 I recovery: Installed fscrypt key with ref ed8c212a7eb65fb2f60438b91770ac18 to /data
07-05 16:21:56.539   407   407 I recovery: Added fscrypt-provisioning key for ed8c212a7eb65fb2f60438b91770ac18 to session keyring
07-05 16:21:56.539   407   407 I recovery: Installed de key for user 0
07-05 16:21:56.540   407   407 I recovery: fscrypt::load_all_de_keys::retrieveKey
07-05 16:21:56.540   407   407 I recovery: Retrieving key from keymaster
07-05 16:21:56.542   407   407 I recovery: reading blob_file: /data/misc/vold/user_keys/de/10/keymaster_key_blob
07-05 16:21:56.542   407   407 E recovery: key mkdir /tmp/keymaster_key_blob/: File exists
07-05 16:21:56.542   411   411 D TlcTeeKeyMaster: TEE_Begin 4.1
07-05 16:21:56.542   411   411 D TlcTeeKeyMaster: purpose = 0x00000001
07-05 16:21:56.543   411   411 E TlcTeeKeyMaster: (keymaster_error_t)tci->response.header.returnCode == -62
07-05 16:21:56.543   411   411 E TlcTeeKeyMaster: transact(session_handle, tci) == -62
07-05 16:21:56.543   411   411 D TlcTeeKeyMaster: TEE_Begin exiting with -62
07-05 16:21:56.545   411   411 D TlcTeeKeyMaster: TEE_Begin 4.1
07-05 16:21:56.545   411   411 D TlcTeeKeyMaster: purpose = 0x00000001
07-05 16:21:56.545   411   411 D TlcTeeKeyMaster: find_spare_operation_slot: allocate op 0x4cfb09bce9970be6 to slot #0 (1 ops live)
07-05 16:21:56.545   411   411 D TlcTeeKeyMaster: TEE_Begin exiting with 0
07-05 16:21:56.546   407   407 I recovery: Upgrading key: /data/misc/vold/user_keys/de/10/keymaster_key_blob
07-05 16:21:56.546   411   411 D TlcTeeKeyMaster: TEE_Update
07-05 16:21:56.546   411   411 D TlcTeeKeyMaster: split_update_chunks
07-05 16:21:56.547   411   411 D TlcTeeKeyMaster: TEE_Update exiting with 0
07-05 16:21:56.547   411   411 D TlcTeeKeyMaster: TEE_Finish
07-05 16:21:56.547   411   411 D TlcTeeKeyMaster: split_update_chunks
07-05 16:21:56.548   411   411 D TlcTeeKeyMaster: release_operation_slot: release op slot #0 (handle 0x4cfb09bce9970be6; 0 ops live)
07-05 16:21:56.548   411   411 D TlcTeeKeyMaster: TEE_Finish exiting with 0
07-05 16:21:56.520   407   407 I recovery: type=1400 audit(0.0:149): avc: denied { ioctl } for path="/data" dev="dm-5" ino=3 ioctlcmd=0x6617 scontext=u:r:recovery:s0 tcontext=u:object_r:system_data_root_file:s0 tclass=dir permissive=1
07-05 16:21:56.548   407   407 I recovery: Installed fscrypt key with ref 268e2e3eb200aa74d61fae1b20674a44 to /data
07-05 16:21:56.548   407   407 I recovery: Added fscrypt-provisioning key for 268e2e3eb200aa74d61fae1b20674a44 to session keyring
07-05 16:21:56.548   407   407 I recovery: Installed de key for user 10
07-05 16:21:56.549   407   407 I recovery: fscrypt_prepare_user_storage for volume null, user 0, serial 0, flags 1
07-05 16:21:56.520   407   407 I recovery: type=1400 audit(0.0:150): avc: denied { search } for name="cur" dev="dm-5" ino=81 scontext=u:r:recovery:s0 tcontext=u:object_r:user_profile_root_file:s0 tclass=dir permissive=1
07-05 16:21:56.520   407   407 I recovery: type=1400 audit(0.0:151): avc: denied { getattr } for path="/data/misc/profiles/cur/0" dev="dm-5" ino=328 scontext=u:r:recovery:s0 tcontext=u:object_r:user_profile_root_file:s0:c512,c768 tclass=dir permissive=1
07-05 16:21:56.520   407   407 I recovery: type=1400 audit(0.0:152): avc: denied { getattr } for path="/data/user_de/0" dev="dm-5" ino=332 scontext=u:r:recovery:s0 tcontext=u:object_r:system_data_file:s0:c512,c768 tclass=dir permissive=1
07-05 16:21:56.520   407   407 I recovery: type=1400 audit(0.0:153): avc: denied { read } for name="0" dev="dm-5" ino=329 scontext=u:r:recovery:s0 tcontext=u:object_r:system_data_file:s0 tclass=dir permissive=1
07-05 16:21:56.520   407   407 I recovery: type=1400 audit(0.0:154): avc: denied { open } for path="/data/system_de/0" dev="dm-5" ino=329 scontext=u:r:recovery:s0 tcontext=u:object_r:system_data_file:s0 tclass=dir permissive=1
07-05 16:21:56.520   407   407 I recovery: type=1400 audit(0.0:155): avc: denied { ioctl } for path="/data/system_de/0" dev="dm-5" ino=329 ioctlcmd=0x6615 scontext=u:r:recovery:s0 tcontext=u:object_r:system_data_file:s0 tclass=dir permissive=1
07-05 16:21:56.520   407   407 I recovery: type=1400 audit(0.0:156): avc: denied { ioctl } for path="/data/misc_de/0" dev="dm-5" ino=331 ioctlcmd=0x6615 scontext=u:r:recovery:s0 tcontext=u:object_r:system_data_file:s0 tclass=dir permissive=1
07-05 16:21:56.520   407   407 I recovery: type=1400 audit(0.0:157): avc: denied { read } for name="0" dev="dm-5" ino=330 scontext=u:r:recovery:s0 tcontext=u:object_r:vendor_data_file:s0 tclass=dir permissive=1
07-05 16:21:56.520   407   407 I recovery: type=1400 audit(0.0:158): avc: denied { open } for path="/data/vendor_de/0" dev="dm-5" ino=330 scontext=u:r:recovery:s0 tcontext=u:object_r:vendor_data_file:s0 tclass=dir permissive=1
07-05 16:21:56.520   407   407 I recovery: type=1400 audit(0.0:159): avc: denied { ioctl } for path="/data/vendor_de/0" dev="dm-5" ino=330 ioctlcmd=0x6615 scontext=u:r:recovery:s0 tcontext=u:object_r:vendor_data_file:s0 tclass=dir permissive=1
07-05 16:21:56.520   407   407 I recovery: type=1400 audit(0.0:160): avc: denied { read } for name="0" dev="dm-5" ino=332 scontext=u:r:recovery:s0 tcontext=u:object_r:system_data_file:s0:c512,c768 tclass=dir permissive=1
07-05 16:21:56.520   407   407 I recovery: type=1400 audit(0.0:161): avc: denied { open } for path="/data/user_de/0" dev="dm-5" ino=332 scontext=u:r:recovery:s0 tcontext=u:object_r:system_data_file:s0:c512,c768 tclass=dir permissive=1
07-05 16:21:56.520   407   407 I recovery: type=1400 audit(0.0:162): avc: denied { ioctl } for path="/data/user_de/0" dev="dm-5" ino=332 ioctlcmd=0x6615 scontext=u:r:recovery:s0 tcontext=u:object_r:system_data_file:s0:c512,c768 tclass=dir permissive=1
07-05 16:21:56.553   407   407 I recovery: Verified that /data/system_de/0 has the encryption policy ed8c212a7eb65fb2f60438b91770ac18 v2 modes 1/4 flags 0xa
07-05 16:21:56.553   407   407 I recovery: Verified that /data/misc_de/0 has the encryption policy ed8c212a7eb65fb2f60438b91770ac18 v2 modes 1/4 flags 0xa
07-05 16:21:56.553   407   407 I recovery: Verified that /data/vendor_de/0 has the encryption policy ed8c212a7eb65fb2f60438b91770ac18 v2 modes 1/4 flags 0xa
07-05 16:21:56.553   407   407 I recovery: Verified that /data/user_de/0 has the encryption policy ed8c212a7eb65fb2f60438b91770ac18 v2 modes 1/4 flags 0xa
07-05 16:21:56.540   465   465 I vold_prepare_su: type=1400 audit(0.0:163): avc: denied { getattr } for path="/data/misc_de/0/storaged" dev="dm-5" ino=335 scontext=u:r:recovery:s0 tcontext=u:object_r:storaged_data_file:s0 tclass=dir permissive=1
07-05 16:21:56.540   465   465 I vold_prepare_su: type=1400 audit(0.0:164): avc: denied { getattr } for path="/data/misc_de/0/rollback" dev="dm-5" ino=336 scontext=u:r:recovery:s0 tcontext=u:object_r:rollback_data_file:s0 tclass=dir permissive=1
07-05 16:21:56.540   465   465 I vold_prepare_su: type=1400 audit(0.0:165): avc: denied { getattr } for path="/data/misc_de/0/apexrollback" dev="dm-5" ino=337 scontext=u:r:recovery:s0 tcontext=u:object_r:apex_rollback_data_file:s0 tclass=dir permissive=1
07-05 16:21:56.540   465   465 I vold_prepare_su: type=1400 audit(0.0:166): avc: denied { getattr } for path="/data/misc_de/0/apexdata" dev="dm-5" ino=338 scontext=u:r:recovery:s0 tcontext=u:object_r:apex_module_data_file:s0 tclass=dir permissive=1
07-05 16:21:56.540   465   465 I vold_prepare_su: type=1400 audit(0.0:167): avc: denied { read } for name="/" dev="tmpfs" ino=11604 scontext=u:r:recovery:s0 tcontext=u:object_r:apex_mnt_dir:s0 tclass=dir permissive=1
07-05 16:21:56.540   465   465 I vold_prepare_su: type=1400 audit(0.0:168): avc: denied { open } for path="/apex" dev="tmpfs" ino=11604 scontext=u:r:recovery:s0 tcontext=u:object_r:apex_mnt_dir:s0 tclass=dir permissive=1
07-05 16:21:56.540   465   465 I vold_prepare_su: type=1400 audit(0.0:169): avc: denied { getattr } for path="/data/vendor_de/0/fpdata" dev="dm-5" ino=375 scontext=u:r:recovery:s0 tcontext=u:object_r:fingerprint_vendor_data_file:s0 tclass=dir permissive=1
07-05 16:21:56.540   465   465 I vold_prepare_su: type=1400 audit(0.0:170): avc: denied { getattr } for path="/data/vendor_de/0/facedata" dev="dm-5" ino=376 scontext=u:r:recovery:s0 tcontext=u:object_r:face_vendor_data_file:s0 tclass=dir permissive=1
07-05 16:21:56.540   407   407 I recovery: type=1400 audit(0.0:171): avc: denied { ioctl } for path="/data" dev="dm-5" ino=3 ioctlcmd=0x6617 scontext=u:r:recovery:s0 tcontext=u:object_r:system_data_root_file:s0 tclass=dir permissive=1
07-05 16:21:56.576   407   407 I recovery: Detected support for FS_IOC_ADD_ENCRYPTION_KEY
07-05 16:21:56.576   407   407 W libc    : Unable to set property "ro.crypto.uses_fs_ioc_add_encryption_key" to "true": error code: 0xb
07-05 16:21:56.576   407   407 I recovery: try_reload_ce_keys
07-05 16:21:56.540   407   407 I recovery: type=1400 audit(0.0:172): avc: denied { getattr } for path="/data/system/locksettings.db" dev="dm-5" ino=3242 scontext=u:r:recovery:s0 tcontext=u:object_r:system_data_file:s0 tclass=file permissive=1
07-05 16:21:56.540   407   407 I recovery: type=1400 audit(0.0:173): avc: denied { read write } for name="locksettings.db" dev="dm-5" ino=3242 scontext=u:r:recovery:s0 tcontext=u:object_r:system_data_file:s0 tclass=file permissive=1
07-05 16:21:56.540   407   407 I recovery: type=1400 audit(0.0:174): avc: denied { open } for path="/data/system/locksettings.db" dev="dm-5" ino=3242 scontext=u:r:recovery:s0 tcontext=u:object_r:system_data_file:s0 tclass=file permissive=1
07-05 16:21:56.540   407   407 I recovery: type=1400 audit(0.0:175): avc: denied { ioctl } for path="/data/system/locksettings.db" dev="dm-5" ino=3242 ioctlcmd=0xf50c scontext=u:r:recovery:s0 tcontext=u:object_r:system_data_file:s0 tclass=file permissive=1
07-05 16:21:56.540   407   407 I recovery: type=1400 audit(0.0:176): avc: denied { lock } for path="/data/system/locksettings.db" dev="dm-5" ino=3242 scontext=u:r:recovery:s0 tcontext=u:object_r:system_data_file:s0 tclass=file permissive=1
07-05 16:21:56.560   407   407 I recovery: type=1400 audit(0.0:177): avc: denied { ioctl } for path="/dev/block/dm-0" dev="tmpfs" ino=12081 ioctlcmd=0x5331 scontext=u:r:recovery:s0 tcontext=u:object_r:dm_device:s0 tclass=blk_file permissive=1
07-05 16:21:56.660   407   407 I recovery: type=1400 audit(0.0:178): avc: denied { ioctl } for path="/dev/block/dm-0" dev="tmpfs" ino=12081 ioctlcmd=0x5331 scontext=u:r:recovery:s0 tcontext=u:object_r:dm_device:s0 tclass=blk_file permissive=1
07-05 16:21:56.760   407   407 I recovery: type=1400 audit(0.0:179): avc: denied { ioctl } for path="/dev/block/dm-0" dev="tmpfs" ino=12081 ioctlcmd=0x5331 scontext=u:r:recovery:s0 tcontext=u:object_r:dm_device:s0 tclass=blk_file permissive=1
07-05 16:21:56.880   407   407 I recovery: type=1400 audit(0.0:180): avc: denied { ioctl } for path="/dev/block/dm-4" dev="tmpfs" ino=12095 ioctlcmd=0x5331 scontext=u:r:recovery:s0 tcontext=u:object_r:dm_device:s0 tclass=blk_file permissive=1
07-05 16:21:57.020   407   407 I recovery: type=1400 audit(0.0:181): avc: denied { ioctl } for path="/dev/block/dm-1" dev="tmpfs" ino=12086 ioctlcmd=0x5331 scontext=u:r:recovery:s0 tcontext=u:object_r:dm_device:s0 tclass=blk_file permissive=1
07-05 16:21:57.147   470   470 I adbd    : persist.adb.watchdog set to ''
07-05 16:21:57.148   470   470 I adbd    : persist.sys.test_harness set to ''
07-05 16:21:57.148   470   470 I adbd    : adb watchdog timeout set to 600 seconds
07-05 16:21:57.148   470   470 I adbd    : adbd started
07-05 16:21:57.148   470   474 I adbd    : opening control endpoint /dev/usb-ffs/adb/ep0
07-05 16:21:57.150   470   472 I adbd    : Waiting for persist.adb.tls_server.enable=1
07-05 16:21:57.150   470   474 I adbd    : UsbFfsConnection constructed
07-05 16:21:57.151   470   475 I adbd    : UsbFfs-monitor thread spawned
07-05 16:21:57.151   470   475 I adbd    : USB event: FUNCTIONFS_BIND
07-05 16:21:57.160   407   407 I recovery: type=1400 audit(0.0:182): avc: denied { ioctl } for path="/dev/block/dm-2" dev="tmpfs" ino=12089 ioctlcmd=0x5331 scontext=u:r:recovery:s0 tcontext=u:object_r:dm_device:s0 tclass=blk_file permissive=1
07-05 16:21:57.340   407   407 I recovery: type=1400 audit(0.0:183): avc: denied { ioctl } for path="/dev/block/dm-3" dev="tmpfs" ino=12092 ioctlcmd=0x5331 scontext=u:r:recovery:s0 tcontext=u:object_r:dm_device:s0 tclass=blk_file permissive=1
07-05 16:21:57.460   407   407 I recovery: type=1400 audit(0.0:184): avc: denied { ioctl } for path="/dev/block/sdc2" dev="tmpfs" ino=11210 ioctlcmd=0x1260 scontext=u:r:recovery:s0 tcontext=u:object_r:block_device:s0 tclass=blk_file permissive=1
07-05 16:21:57.460   407   407 I recovery: type=1400 audit(0.0:185): avc: denied { getattr } for path="/sys/devices/platform/externdevice/mmc_host/mmc0/mmc0:aaaa/block/mmcblk0/mmcblk0p1/partition" dev="sysfs" ino=42124 scontext=u:r:recovery:s0 tcontext=u:object_r:sysfs:s0 tclass=file permissive=1
07-05 16:21:57.460   407   407 I recovery: type=1400 audit(0.0:186): avc: denied { read } for name="dev" dev="sysfs" ino=42115 scontext=u:r:recovery:s0 tcontext=u:object_r:sysfs:s0 tclass=file permissive=1
07-05 16:21:57.460   407   407 I recovery: type=1400 audit(0.0:187): avc: denied { open } for path="/sys/devices/platform/externdevice/mmc_host/mmc0/mmc0:aaaa/block/mmcblk0/dev" dev="sysfs" ino=42115 scontext=u:r:recovery:s0 tcontext=u:object_r:sysfs:s0 tclass=file permissive=1
07-05 16:21:57.544   470   475 I adbd    : USB event: FUNCTIONFS_ENABLE
07-05 16:21:57.544   470   477 I adbd    : UsbFfs-worker thread spawned
07-05 16:21:57.669   470   470 I adbd    : UsbFfs: already offline
07-05 16:21:57.669   470   470 I adbd    : authentication not required
07-05 16:21:57.762   480   480 W exfat   : volume was not unmounted cleanly
07-05 16:21:58.300   407   407 I recovery: type=1400 audit(0.0:188): avc: denied { read } for name="/" dev="dm-5" ino=3 scontext=u:r:recovery:s0 tcontext=u:object_r:system_data_root_file:s0 tclass=dir permissive=1
07-05 16:21:58.300   407   407 I recovery: type=1400 audit(0.0:189): avc: denied { open } for path="/data" dev="dm-5" ino=3 scontext=u:r:recovery:s0 tcontext=u:object_r:system_data_root_file:s0 tclass=dir permissive=1
07-05 16:21:58.300   407   407 I recovery: type=1400 audit(0.0:190): avc: denied { getattr } for path="/data/unencrypted" dev="dm-5" ino=8 scontext=u:r:recovery:s0 tcontext=u:object_r:unencrypted_data_file:s0 tclass=dir permissive=1
07-05 16:21:58.300   407   407 I recovery: type=1400 audit(0.0:191): avc: denied { getattr } for path="/data/bootchart" dev="dm-5" ino=17 scontext=u:r:recovery:s0 tcontext=u:object_r:bootchart_data_file:s0 tclass=dir permissive=1
07-05 16:21:58.300   407   407 I recovery: type=1400 audit(0.0:192): avc: denied { search } for scontext=u:r:recovery:s0 tcontext=u:r:recovery:s0 tclass=key permissive=1
07-05 16:21:58.300   407   407 I recovery: type=1400 audit(0.0:193): avc: denied { getattr } for path="/data/vendor/tombstones/wifi" dev="dm-5" ino=23 scontext=u:r:recovery:s0 tcontext=u:object_r:tombstone_wifi_data_file:s0 tclass=dir permissive=1
07-05 16:21:58.300   407   407 I recovery: type=1400 audit(0.0:194): avc: denied { read } for name="wifi" dev="dm-5" ino=23 scontext=u:r:recovery:s0 tcontext=u:object_r:tombstone_wifi_data_file:s0 tclass=dir permissive=1
07-05 16:21:58.300   407   407 I recovery: type=1400 audit(0.0:195): avc: denied { open } for path="/data/vendor/tombstones/wifi" dev="dm-5" ino=23 scontext=u:r:recovery:s0 tcontext=u:object_r:tombstone_wifi_data_file:s0 tclass=dir permissive=1
07-05 16:21:58.300   407   407 I recovery: type=1400 audit(0.0:196): avc: denied { search } for name="wifi" dev="dm-5" ino=23 scontext=u:r:recovery:s0 tcontext=u:object_r:tombstone_wifi_data_file:s0 tclass=dir permissive=1
07-05 16:21:58.300   407   407 I recovery: type=1400 audit(0.0:197): avc: denied { getattr } for path="/data/vendor/wifi/wpa" dev="dm-5" ino=411 scontext=u:r:recovery:s0 tcontext=u:object_r:wpa_data_file:s0 tclass=dir permissive=1
07-05 16:21:58.300   407   407 I recovery: type=1400 audit(0.0:198): avc: denied { read } for name="wpa" dev="dm-5" ino=411 scontext=u:r:recovery:s0 tcontext=u:object_r:wpa_data_file:s0 tclass=dir permissive=1
07-05 16:21:58.300   407   407 I recovery: type=1400 audit(0.0:199): avc: denied { open } for path="/data/vendor/wifi/wpa" dev="dm-5" ino=411 scontext=u:r:recovery:s0 tcontext=u:object_r:wpa_data_file:s0 tclass=dir permissive=1
07-05 16:21:58.300   407   407 I recovery: type=1400 audit(0.0:200): avc: denied { search } for name="wpa" dev="dm-5" ino=411 scontext=u:r:recovery:s0 tcontext=u:object_r:wpa_data_file:s0 tclass=dir permissive=1
07-05 16:21:58.300   407   407 I recovery: type=1400 audit(0.0:201): avc: denied { getattr } for path="/data/vendor/wifi/wpa/wpa_supplicant.conf" dev="dm-5" ino=3267 scontext=u:r:recovery:s0 tcontext=u:object_r:wpa_data_file:s0 tclass=file permissive=1
07-05 16:21:58.300   407   407 I recovery: type=1400 audit(0.0:202): avc: denied { getattr } for path="/data/vendor/wifi/hostapd" dev="dm-5" ino=424 scontext=u:r:recovery:s0 tcontext=u:object_r:hostapd_data_file:s0 tclass=dir permissive=1
07-05 16:21:58.300   407   407 I recovery: type=1400 audit(0.0:203): avc: denied { read } for name="hostapd" dev="dm-5" ino=424 scontext=u:r:recovery:s0 tcontext=u:object_r:hostapd_data_file:s0 tclass=dir permissive=1
07-05 16:21:58.300   407   407 I recovery: type=1400 audit(0.0:204): avc: denied { open } for path="/data/vendor/wifi/hostapd" dev="dm-5" ino=424 scontext=u:r:recovery:s0 tcontext=u:object_r:hostapd_data_file:s0 tclass=dir permissive=1
07-05 16:21:58.300   407   407 I recovery: type=1400 audit(0.0:205): avc: denied { search } for name="hostapd" dev="dm-5" ino=424 scontext=u:r:recovery:s0 tcontext=u:object_r:hostapd_data_file:s0 tclass=dir permissive=1
07-05 16:21:58.300   407   407 I recovery: type=1400 audit(0.0:206): avc: denied { getattr } for path="/data/vendor/dolby/dax_sqlite3.db" dev="dm-5" ino=3348 scontext=u:r:recovery:s0 tcontext=u:object_r:vendor_data_file:s0 tclass=file permissive=1
07-05 16:21:58.300   407   407 I recovery: type=1400 audit(0.0:207): avc: denied { getattr } for path="/data/anr" dev="dm-5" ino=20 scontext=u:r:recovery:s0 tcontext=u:object_r:anr_data_file:s0 tclass=dir permissive=1
07-05 16:21:58.300   407   407 I recovery: type=1400 audit(0.0:208): avc: denied { read } for name="anr" dev="dm-5" ino=20 scontext=u:r:recovery:s0 tcontext=u:object_r:anr_data_file:s0 tclass=dir permissive=1
07-05 16:21:58.300   407   407 I recovery: type=1400 audit(0.0:209): avc: denied { open } for path="/data/anr" dev="dm-5" ino=20 scontext=u:r:recovery:s0 tcontext=u:object_r:anr_data_file:s0 tclass=dir permissive=1
07-05 16:21:58.300   407   407 I recovery: type=1400 audit(0.0:210): avc: denied { search } for name="anr" dev="dm-5" ino=20 scontext=u:r:recovery:s0 tcontext=u:object_r:anr_data_file:s0 tclass=dir permissive=1
07-05 16:21:58.300   407   407 I recovery: type=1400 audit(0.0:211): avc: denied { getattr } for path="/data/anr/temp_anr_3137570493424905100.txt" dev="dm-5" ino=115238 scontext=u:r:recovery:s0 tcontext=u:object_r:anr_data_file:s0 tclass=file permissive=1
07-05 16:21:58.320   407   407 I recovery: type=1400 audit(0.0:212): avc: denied { getattr } for path="/data/tombstones" dev="dm-5" ino=21 scontext=u:r:recovery:s0 tcontext=u:object_r:tombstone_data_file:s0 tclass=dir permissive=1
07-05 16:21:58.320   407   407 I recovery: type=1400 audit(0.0:213): avc: denied { read } for name="tombstones" dev="dm-5" ino=21 scontext=u:r:recovery:s0 tcontext=u:object_r:tombstone_data_file:s0 tclass=dir permissive=1
07-05 16:21:58.320   407   407 I recovery: type=1400 audit(0.0:214): avc: denied { open } for path="/data/tombstones" dev="dm-5" ino=21 scontext=u:r:recovery:s0 tcontext=u:object_r:tombstone_data_file:s0 tclass=dir permissive=1
07-05 16:21:58.320   407   407 I recovery: type=1400 audit(0.0:215): avc: denied { search } for name="tombstones" dev="dm-5" ino=21 scontext=u:r:recovery:s0 tcontext=u:object_r:tombstone_data_file:s0 tclass=dir permissive=1
07-05 16:21:58.320   407   407 I recovery: type=1400 audit(0.0:216): avc: denied { getattr } for path="/data/tombstones/tombstone_00.pb" dev="dm-5" ino=33065 scontext=u:r:recovery:s0 tcontext=u:object_r:tombstone_data_file:s0 tclass=file permissive=1
07-05 16:21:58.320   407   407 I recovery: type=1400 audit(0.0:217): avc: denied { read } for name="misc" dev="dm-5" ino=24 scontext=u:r:recovery:s0 tcontext=u:object_r:system_data_file:s0 tclass=dir permissive=1
07-05 16:21:58.320   407   407 I recovery: type=1400 audit(0.0:218): avc: denied { open } for path="/data/misc" dev="dm-5" ino=24 scontext=u:r:recovery:s0 tcontext=u:object_r:system_data_file:s0 tclass=dir permissive=1
07-05 16:21:58.320   407   407 I recovery: type=1400 audit(0.0:219): avc: denied { getattr } for path="/data/misc/keystore" dev="dm-5" ino=25 scontext=u:r:recovery:s0 tcontext=u:object_r:keystore_data_file:s0 tclass=dir permissive=1
07-05 16:21:58.320   407   407 I recovery: type=1400 audit(0.0:220): avc: denied { getattr } for path="/data/misc/recovery" dev="dm-5" ino=37 scontext=u:r:recovery:s0 tcontext=u:object_r:recovery_data_file:s0 tclass=dir permissive=1
07-05 16:21:58.320   407   407 I recovery: type=1400 audit(0.0:221): avc: denied { read } for name="recovery" dev="dm-5" ino=37 scontext=u:r:recovery:s0 tcontext=u:object_r:recovery_data_file:s0 tclass=dir permissive=1
07-05 16:21:58.320   407   407 I recovery: type=1400 audit(0.0:222): avc: denied { open } for path="/data/misc/recovery" dev="dm-5" ino=37 scontext=u:r:recovery:s0 tcontext=u:object_r:recovery_data_file:s0 tclass=dir permissive=1
07-05 16:21:58.320   407   407 I recovery: type=1400 audit(0.0:223): avc: denied { search } for name="recovery" dev="dm-5" ino=37 scontext=u:r:recovery:s0 tcontext=u:object_r:recovery_data_file:s0 tclass=dir permissive=1
07-05 16:21:58.320   407   407 I recovery: type=1400 audit(0.0:224): avc: denied { getattr } for path="/data/misc/recovery/ro.build.fingerprint" dev="dm-5" ino=38 scontext=u:r:recovery:s0 tcontext=u:object_r:recovery_data_file:s0 tclass=file permissive=1
07-05 16:21:58.320   407   407 I recovery: type=1400 audit(0.0:225): avc: denied { getattr } for path="/data/misc/bluedroid" dev="dm-5" ino=41 scontext=u:r:recovery:s0 tcontext=u:object_r:bluetooth_data_file:s0 tclass=dir permissive=1
07-05 16:21:58.320   407   407 I recovery: type=1400 audit(0.0:226): avc: denied { read } for name="bluedroid" dev="dm-5" ino=41 scontext=u:r:recovery:s0 tcontext=u:object_r:bluetooth_data_file:s0 tclass=dir permissive=1
07-05 16:21:58.320   407   407 I recovery: type=1400 audit(0.0:227): avc: denied { open } for path="/data/misc/bluedroid" dev="dm-5" ino=41 scontext=u:r:recovery:s0 tcontext=u:object_r:bluetooth_data_file:s0 tclass=dir permissive=1
07-05 16:21:58.320   407   407 I recovery: type=1400 audit(0.0:228): avc: denied { search } for name="bluedroid" dev="dm-5" ino=41 scontext=u:r:recovery:s0 tcontext=u:object_r:bluetooth_data_file:s0 tclass=dir permissive=1
07-05 16:21:58.320   407   407 I recovery: type=1400 audit(0.0:229): avc: denied { getattr } for path="/data/misc/bluedroid/bt_remote_dev_info.bak" dev="dm-5" ino=84514 scontext=u:r:recovery:s0 tcontext=u:object_r:bluetooth_data_file:s0 tclass=file permissive=1
07-05 16:21:58.320   407   407 I recovery: type=1400 audit(0.0:230): avc: denied { getattr } for path="/data/misc/bluetooth/logs" dev="dm-5" ino=43 scontext=u:r:recovery:s0 tcontext=u:object_r:bluetooth_logs_data_file:s0 tclass=dir permissive=1
07-05 16:21:58.320   407   407 I recovery: type=1400 audit(0.0:231): avc: denied { read } for name="logs" dev="dm-5" ino=43 scontext=u:r:recovery:s0 tcontext=u:object_r:bluetooth_logs_data_file:s0 tclass=dir permissive=1
07-05 16:21:58.320   407   407 I recovery: type=1400 audit(0.0:232): avc: denied { open } for path="/data/misc/bluetooth/logs" dev="dm-5" ino=43 scontext=u:r:recovery:s0 tcontext=u:object_r:bluetooth_logs_data_file:s0 tclass=dir permissive=1
07-05 16:21:58.320   407   407 I recovery: type=1400 audit(0.0:233): avc: denied { search } for name="logs" dev="dm-5" ino=43 scontext=u:r:recovery:s0 tcontext=u:object_r:bluetooth_logs_data_file:s0 tclass=dir permissive=1
07-05 16:21:58.320   407   407 I recovery: type=1400 audit(0.0:234): avc: denied { getattr } for path="/data/misc/nfc/logs" dev="dm-5" ino=45 scontext=u:r:recovery:s0 tcontext=u:object_r:nfc_logs_data_file:s0 tclass=dir permissive=1
07-05 16:21:58.320   407   407 I recovery: type=1400 audit(0.0:235): avc: denied { read } for name="logs" dev="dm-5" ino=45 scontext=u:r:recovery:s0 tcontext=u:object_r:nfc_logs_data_file:s0 tclass=dir permissive=1
07-05 16:21:58.320   407   407 I recovery: type=1400 audit(0.0:236): avc: denied { open } for path="/data/misc/nfc/logs" dev="dm-5" ino=45 scontext=u:r:recovery:s0 tcontext=u:object_r:nfc_logs_data_file:s0 tclass=dir permissive=1
07-05 16:21:58.320   407   407 I recovery: type=1400 audit(0.0:237): avc: denied { search } for name="logs" dev="dm-5" ino=45 scontext=u:r:recovery:s0 tcontext=u:object_r:nfc_logs_data_file:s0 tclass=dir permissive=1
07-05 16:21:58.320   407   407 I recovery: type=1400 audit(0.0:238): avc: denied { getattr } for path="/data/misc/nfc/logs/native_crash_logs" dev="dm-5" ino=48448 scontext=u:r:recovery:s0 tcontext=u:object_r:nfc_logs_data_file:s0 tclass=file permissive=1
07-05 16:21:58.320   407   407 I recovery: type=1400 audit(0.0:239): avc: denied { getattr } for path="/data/misc/credstore" dev="dm-5" ino=46 scontext=u:r:recovery:s0 tcontext=u:object_r:credstore_data_file:s0 tclass=dir permissive=1
07-05 16:21:58.320   407   407 I recovery: type=1400 audit(0.0:240): avc: denied { read } for name="credstore" dev="dm-5" ino=46 scontext=u:r:recovery:s0 tcontext=u:object_r:credstore_data_file:s0 tclass=dir permissive=1
