07-05 16:21:48.858     0     0 I mt6781-mt6366 sound: mt6781_mt6366_dev_probe(), update spk dai
07-05 16:21:48.858     0     0 I         : [OPLUS_CHG][bq25601d_float_voltage_write]bq25601d_set_float_voltage vfloat_mv = 4385 value=128
07-05 16:21:48.858     0     0 I mt6781-mt6366 sound: mt6781_mt6366_dev_probe(), update platform dai
07-05 16:21:48.858     0     0 I mt6781-mt6366 sound: mt6781_mt6366_dev_probe(), update audio-codec dai
07-05 16:21:48.858     0     0 I mt6781-mt6366 sound: mt6781_mt6366_dev_probe(), devm_snd_soc_register_card
07-05 16:21:48.858     0     0 D [debug][soc_sia81xx_init]: aux_dev = sia81xx.0
07-05 16:21:48.858     0     0 I mt6781-mt6366 sound: ASoC: CPU DAI audio_task_offload_dai not registered
07-05 16:21:48.858     0     0 E mt6781-mt6366 sound: mt6781_mt6366_dev_probe snd_soc_register_card fail -517
07-05 16:21:48.858     0     0 D         : probe of sound returned 0 after 139 usecs
07-05 16:21:48.858     0     0 D         : probe of odm:rt5133-gpio1 returned -517 after 0 usecs
07-05 16:21:48.858     0     0 D         : probe of odm:rt5133-gpio2 returned -517 after 0 usecs
07-05 16:21:48.858     0     0 D         : probe of odm:rt5133-gpio3 returned -517 after 0 usecs
07-05 16:21:48.858     0     0 I         : [GT9896s-INF][__do_register_ext_module:51] __do_register_ext_module IN
07-05 16:21:48.859     0     0 E         : [OPLUS_CHG][oplus_mt6370_charging_current_write_fast]set fast charge current:0 main_cur:0
07-05 16:21:48.859     0     0 I         : mt6370_pmu_charger mt6370_pmu_charger: __mt6370_set_ieoc: ieoc = 150000 (0x01)
07-05 16:21:48.860     0     0 I         : mt6370_pmu_charger mt6370_pmu_charger: __mt6370_set_mivr: mivr = 4400000 (0x05)
07-05 16:21:48.861     0     0 I         : [OPLUS_CHG][bq25601d_unsuspend_charger]rc = 0
07-05 16:21:49.197     0     0 I         : [OPLUS_CHG][bq25601d_float_voltage_write]bq25601d_set_float_voltage vfloat_mv = 4435 value=144
07-05 16:21:49.202     0     0 I         : [OPLUS_CHG][bq25601d_reset_charger]rc = 0
07-05 16:21:49.202     0     0 I         : [OPLUS_CHG][bq25601d_float_voltage_write]bq25601d_set_float_voltage vfloat_mv = 4435 value=144
07-05 16:21:49.203     0     0 I         : [OPLUS_CHG][bq25601d_charging_current_write_fast]chg_cur = 512
07-05 16:21:49.203     0     0 I         : [OPLUS_CHG][bq25601d_set_termchg_current]value=1
07-05 16:21:49.205     0     0 I         : [OPLUS_CHG][bq25601d_unsuspend_charger]rc = 0
07-05 16:21:49.537     0     0 I [battery_type_check]: ret = 1,ret_value[292]
07-05 16:21:49.537     0     0 I         : [battery_value= 292
07-05 16:21:49.537     0     0 E [battery_type_check]: adc_value[292], battery_type[8],g_fg_battery_id[2]
07-05 16:21:49.537     0     0 I         : [OPLUS_CHG][oplus_chg_variables_init]use get_oplus_high_battery_status
07-05 16:21:49.537     0     0 I [battery_type_check]: ret = 1,ret_value[292]
07-05 16:21:49.537     0     0 I         : [battery_value= 292
07-05 16:21:49.537     0     0 E [battery_type_check]: adc_value[292], battery_type[8],g_fg_battery_id[2]
07-05 16:21:49.537     0     0 I         : [OPLUS_CHG][oplus_get_smooth_soc_switch]smooth_switch = 0
07-05 16:21:49.538     0     0 I         : vbat_out_old=38560, vthr=686, T_curr=410, vbat_out=38598
07-05 16:21:49.538     0     0 I         : mt635x-auxadc mt635x-auxadc: name:BATADC, channel=0, adc_out=0x5b67, adc_result=3860
07-05 16:21:49.540     0     0 I         : vbat_out_old=38560, vthr=686, T_curr=410, vbat_out=38598
07-05 16:21:49.540     0     0 I         : mt635x-auxadc mt635x-auxadc: name:BATADC, channel=0, adc_out=0x5b6c, adc_result=3860
07-05 16:21:49.542     0     0 I         : vbat_out_old=38550, vthr=686, T_curr=410, vbat_out=38588
07-05 16:21:49.542     0     0 I         : [fgauge_read_current] final current=1372 (ratio=1000)
07-05 16:21:49.542     0     0 I         : [fgauge_read_current] final current=426 (ratio=1000)
07-05 16:21:49.542     0     0 E         : [OPLUS_CHG][oplus_chg_get_battery_data][soc ui_soc soc_load smooth_soc smooth_switch] = [52 52 52 52 0]
07-05 16:21:49.542     0     0 E [OPLUS_CHG][oplus_get_pps_ops_name_from_dt]pps_ops_name: mcu-op10
07-05 16:21:49.543     0     0 E         : charger charger: battery psy not found
07-05 16:21:49.543     0     0 E         : [OPLUS_CHG][oplus_pps_ops_desc_get]pps_ops_list_head list_empty
07-05 16:21:49.543     0     0 E         : [OPLUS_CHG][oplus_quirks_init]start
07-05 16:21:49.543     0     0 E         : [OPLUS_CHG][oplus_quirks_init]0
07-05 16:21:49.543     0     0 E         : [OPLUS_CHG][oplus_quirks_init]1
07-05 16:21:49.543     0     0 E         : [OPLUS_CHG][oplus_quirks_init]2
07-05 16:21:49.543     0     0 E         : [OPLUS_CHG][oplus_quirks_init]3
07-05 16:21:49.543     0     0 E         : [OPLUS_CHG][oplus_quirks_init]4
07-05 16:21:49.543     0     0 E         : [OPLUS_CHG][oplus_quirks_init]5
07-05 16:21:49.543     0     0 E         : [OPLUS_CHG][oplus_quirks_init]6
07-05 16:21:49.543     0     0 E         : [OPLUS_CHG][oplus_quirks_init]7
07-05 16:21:49.543     0     0 E         : [OPLUS_CHG][oplus_quirks_init]8
07-05 16:21:49.543     0     0 E         : [OPLUS_CHG][oplus_quirks_init]9
07-05 16:21:49.543     0     0 E         : [OPLUS_CHG][oplus_quirks_init]10
07-05 16:21:49.543     0     0 E         : [OPLUS_CHG][oplus_quirks_init]11
07-05 16:21:49.543     0     0 E         : [OPLUS_CHG][oplus_chg_debug_info_reset]enter
07-05 16:21:49.543     0     0 I         : [fgauge_read_current] final current=426 (ratio=1000)
07-05 16:21:49.543     0     0 I         : [CH3_DBG] bat_cur = 426
07-05 16:21:49.544     0     0 I         : [fgauge_read_current] final current=244 (ratio=1000)
07-05 16:21:49.544     0     0 I mtk_bif_is_hw_exist: do not have bif driver
07-05 16:21:49.544     0     0 I         : [BattVoltToTemp] 1117 12000 2800 0
07-05 16:21:49.544     0     0 I         : [force_get_tbat_internal] tbat_precise bat_temperature_val:355
07-05 16:21:49.544     0     0 I [force_get_tbat] t: 35 precise:355
07-05 16:21:49.544     0     0 E         : [OPLUS_CHG][oplus_chg_variables_reset]charger detect is 0
07-05 16:21:49.544     0     0 W         : last full = 0, full = 0
07-05 16:21:49.544     0     0 E         : [OPLUS_CHG][mtk_charger_probe]Couldn't get charger_id_chan...
07-05 16:21:49.544     0     0 E         : [OPLUS_CHG][oplus_ccdetect_support_check]not support, return false
07-05 16:21:49.544     0     0 E [oplus_usbtemp_monitor_common]: run first chip->usbtemp_max_temp_thr[57], chip->usbtemp_temp_up_time_thr[30]!
07-05 16:21:49.544     0     0 D         : probe of charger returned 1 after 687392 usecs
07-05 16:21:49.544     0     0 D         : initcall mtk_charger_init+0x0/0x20 returned 0 after 671572 usecs
07-05 16:21:49.544     0     0 D         : calling  of_fdt_raw_init+0x0/0x7c @ 1
07-05 16:21:49.544     0     0 D         : initcall of_fdt_raw_init+0x0/0x7c returned 0 after 167 usecs
07-05 16:21:49.544     0     0 D         : calling  devfreq_boost_init+0x0/0xc4 @ 1
07-05 16:21:49.544     0     0 E         : [OPLUS_CHG][oplus_mt6370_charging_current_write_fast]set fast charge current:0 main_cur:0
07-05 16:21:49.544     0     0 D         : initcall devfreq_boost_init+0x0/0xc4 returned 0 after 24 usecs
07-05 16:21:49.544     0     0 D         : calling  tcp_congestion_default+0x0/0x24 @ 1
07-05 16:21:49.544     0     0 D         : initcall tcp_congestion_default+0x0/0x24 returned 0 after 1 usecs
07-05 16:21:49.544     0     0 D         : calling  ip_auto_config+0x0/0x38c @ 1
07-05 16:21:49.544     0     0 D         : initcall ip_auto_config+0x0/0x38c returned 0 after 5 usecs
07-05 16:21:52.117   399   399 D hw-ProcessState: Binder ioctl to enable oneway spam detection failed: Invalid argument
07-05 16:21:49.544     0     0 D         : calling  regulatory_init_db+0x0/0xa4 @ 1
07-05 16:21:49.544     0     0 I cfg80211: Loading compiled-in X.509 certificates for regulatory database
07-05 16:21:49.545     0     0 D         : probe of debug-kinfo returned 0 after 16 usecs
07-05 16:21:49.545     0     0 I mt6781-mt6366 sound: mt6781_mt6366_dev_probe(), ++
07-05 16:21:49.545     0     0 W mt6781-mt6366 sound: mtk_spk_update_info(), mtk_spk_i2s_mck no use
07-05 16:21:49.545     0     0 I mt6781-mt6366 sound: mtk_spk_update_info(), mtk_spk_type 0, spk_out_dai_link_idx 30, spk_out_dai_link_idx 29, mck: -1
07-05 16:21:49.545     0     0 I mt6781-mt6366 sound: mt6781_mt6366_dev_probe(), update spk dai
07-05 16:21:49.545     0     0 I mt6781-mt6366 sound: mt6781_mt6366_dev_probe(), update platform dai
07-05 16:21:49.545     0     0 I mt6781-mt6366 sound: mt6781_mt6366_dev_probe(), update audio-codec dai
07-05 16:21:49.545     0     0 I mt6781-mt6366 sound: mt6781_mt6366_dev_probe(), devm_snd_soc_register_card
07-05 16:21:49.545     0     0 D [debug][soc_sia81xx_init]: aux_dev = sia81xx.0
07-05 16:21:49.545     0     0 I mt6781-mt6366 sound: ASoC: CPU DAI audio_task_offload_dai not registered
07-05 16:21:49.545     0     0 E mt6781-mt6366 sound: mt6781_mt6366_dev_probe snd_soc_register_card fail -517
07-05 16:21:49.545     0     0 D         : probe of sound returned 0 after 119 usecs
07-05 16:21:49.545     0     0 D         : probe of odm:rt5133-gpio1 returned -517 after 0 usecs
07-05 16:21:49.545     0     0 D         : probe of odm:rt5133-gpio2 returned -517 after 0 usecs
07-05 16:21:49.545     0     0 D         : probe of odm:rt5133-gpio3 returned -517 after 0 usecs
07-05 16:21:49.545     0     0 I cfg80211: Loaded X.509 cert 'sforshee: 00b28ddf47aef9cea7'
07-05 16:21:49.545     0     0 D         : initcall regulatory_init_db+0x0/0xa4 returned 0 after 751 usecs
07-05 16:21:49.545     0     0 D         : calling  clear_boot_tracer+0x0/0x3c @ 1
07-05 16:21:49.545     0     0 D         : initcall clear_boot_tracer+0x0/0x3c returned 0 after 0 usecs
07-05 16:21:49.545     0     0 D         : calling  fb_logo_late_init+0x0/0x14 @ 1
07-05 16:21:49.545     0     0 D         : initcall fb_logo_late_init+0x0/0x14 returned 0 after 0 usecs
07-05 16:21:49.545     0     0 D         : calling  clk_disable_unused+0x0/0x1f0 @ 1
07-05 16:21:49.545     0     0 W clk     : Not disabling unused clocks
07-05 16:21:49.545     0     0 D         : initcall clk_disable_unused+0x0/0x1f0 returned 0 after 0 usecs
07-05 16:21:49.545     0     0 D         : calling  regulator_init_complete+0x0/0x64 @ 1
07-05 16:21:49.545     0     0 D         : initcall regulator_init_complete+0x0/0x64 returned 0 after 8 usecs
07-05 16:21:49.545     0     0 D         : calling  emimpu_ap_region_init+0x0/0x68 @ 1
07-05 16:21:49.545     0     0 I emimpu_ap_region_init: enable AP region
07-05 16:21:49.545     0     0 D         : initcall emimpu_ap_region_init+0x0/0x68 returned 0 after 10 usecs
07-05 16:21:49.545     0     0 D         : calling  mt6781_lpm_trace_init+0x0/0x5c @ 1
07-05 16:21:49.545     0     0 D         : initcall mt6781_lpm_trace_init+0x0/0x5c returned 0 after 157 usecs
07-05 16:21:49.545     0     0 D         : calling  mt6781_init+0x0/0x1c @ 1
07-05 16:21:49.546     0     0 W platform regulatory.0: Direct firmware load for regulatory.db failed with error -2
07-05 16:21:52.117   399   399 E SELinux : avc:  denied  { add } for interface=android.hidl.base::IBase sid=u:r:recovery:s0 pid=399 scontext=u:r:recovery:s0 tcontext=u:object_r:hidl_base_hwservice:s0 tclass=hwservice_manager permissive=1
07-05 16:21:49.546     0     0 W platform regulatory.0: Falling back to syfs fallback for: regulatory.db
07-05 16:21:49.546     0     0 D         : initcall mt6781_init+0x0/0x1c returned 0 after 871 usecs
07-05 16:21:49.546     0     0 D         : calling  init_perf_common+0x0/0x80 @ 1
07-05 16:21:49.546     0     0 D         : initcall init_perf_common+0x0/0x80 returned 0 after 2 usecs
07-05 16:21:49.546     0     0 D         : calling  lastbus_init+0x0/0x40 @ 1
07-05 16:21:49.546     0     0 D         : probe of 10001000.lastbus returned 1 after 101 usecs
07-05 16:21:52.118   399   399 E SELinux : avc:  denied  { add } for interface=android.hidl.manager::IServiceManager sid=u:r:recovery:s0 pid=399 scontext=u:r:recovery:s0 tcontext=u:object_r:hidl_manager_hwservice:s0 tclass=hwservice_manager permissive=1
07-05 16:21:49.547     0     0 D         : initcall lastbus_init+0x0/0x40 returned 0 after 393 usecs
07-05 16:21:49.547     0     0 D         : calling  tcpc_class_complete_init+0x0/0x38 @ 1
07-05 16:21:49.547     0     0 I         : __tcpc_class_complete_work = type_c_port0
07-05 16:21:49.547     0     0 D         : probe of debug-kinfo returned 0 after 15 usecs
07-05 16:21:49.547     0     0 I mt6781-mt6366 sound: mt6781_mt6366_dev_probe(), ++
07-05 16:21:49.547     0     0 W mt6781-mt6366 sound: mtk_spk_update_info(), mtk_spk_i2s_mck no use
07-05 16:21:52.118   399   399 I hwservicemanager: getFrameworkHalManifest: Reading VINTF information.
07-05 16:21:49.547     0     0 I mt6781-mt6366 sound: mtk_spk_update_info(), mtk_spk_type 0, spk_out_dai_link_idx 30, spk_out_dai_link_idx 29, mck: -1
07-05 16:21:49.547     0     0 I mt6781-mt6366 sound: mt6781_mt6366_dev_probe(), update spk dai
07-05 16:21:49.547     0     0 I mt6781-mt6366 sound: mt6781_mt6366_dev_probe(), update platform dai
07-05 16:21:49.547     0     0 I mt6781-mt6366 sound: mt6781_mt6366_dev_probe(), update audio-codec dai
07-05 16:21:49.547     0     0 I mt6781-mt6366 sound: mt6781_mt6366_dev_probe(), devm_snd_soc_register_card
07-05 16:21:49.547     0     0 D [debug][soc_sia81xx_init]: aux_dev = sia81xx.0
07-05 16:21:49.547     0     0 I mt6781-mt6366 sound: ASoC: CPU DAI audio_task_offload_dai not registered
07-05 16:21:49.547     0     0 E mt6781-mt6366 sound: mt6781_mt6366_dev_probe snd_soc_register_card fail -517
07-05 16:21:49.547     0     0 D         : probe of sound returned 0 after 143 usecs
07-05 16:21:49.547     0     0 D         : probe of odm:rt5133-gpio1 returned -517 after 0 usecs
07-05 16:21:49.547     0     0 D         : probe of odm:rt5133-gpio2 returned -517 after 0 usecs
07-05 16:21:49.547     0     0 D         : probe of odm:rt5133-gpio3 returned -517 after 0 usecs
07-05 16:21:49.549     0     0 W         : Perf order domain is not ready!
07-05 16:21:49.550     0     0 I         : ///PD dbg info 38d
07-05 16:21:49.550     0     0 I <    2.491>TCPC-TYPEC: typec_init: SNK
07-05 16:21:49.553     0     0 W         : Perf order domain is not ready!
07-05 16:21:49.553     0     0 I tcpc_device_irq_enable: tcpc irq enable OK!
07-05 16:21:49.553     0     0 D         : initcall tcpc_class_complete_init+0x0/0x38 returned 0 after 6220 usecs
07-05 16:21:49.553     0     0 D         : calling  rt_pd_manager_init+0x0/0x20 @ 1
07-05 16:21:49.553     0     0 W         : Perf order domain is not ready!
07-05 16:21:49.553     0     0 W         : Perf order domain is not ready!
07-05 16:21:49.553     0     0 I         : rt-pd-manager rt-pd-manager: rt_pd_manager_probe (1.0.8_MTK)
07-05 16:21:49.553     0     0 I         : rt-pd-manager rt-pd-manager: rt_pd_manager_probe OK!!
07-05 16:21:49.553     0     0 D         : probe of rt-pd-manager returned 1 after 55 usecs
07-05 16:21:49.553     0     0 D         : initcall rt_pd_manager_init+0x0/0x20 returned 0 after 349 usecs
07-05 16:21:49.553     0     0 D         : calling  of_platform_sync_state_init+0x0/0x18 @ 1
07-05 16:21:49.554     0     0 W         : Perf order domain is not ready!
07-05 16:21:49.554     0     0 D         : initcall of_platform_sync_state_init+0x0/0x18 returned 0 after 71 usecs
07-05 16:21:49.554     0     0 D         : calling  helio_dvfsrc_init+0x0/0x20 @ 1
07-05 16:21:49.554     0     0 E         : SPM FIRMWARE IS NOT READY
07-05 16:21:49.554     0     0 D         : probe of 10012000.dvfsrc returned 0 after 16 usecs
07-05 16:21:49.554     0     0 W         : Perf order domain is not ready!
07-05 16:21:49.554     0     0 W         : Perf order domain is not ready!
07-05 16:21:49.554     0     0 D         : initcall helio_dvfsrc_init+0x0/0x20 returned 0 after 246 usecs
07-05 16:21:52.118   399   399 I hwservicemanager: getDeviceHalManifest: Reading VINTF information.
07-05 16:21:49.554     0     0 D         : calling  alsa_sound_last_init+0x0/0x8c @ 1
07-05 16:21:49.554     0     0 I         : ALSA device list:
07-05 16:21:49.554     0     0 I         : No soundcards found.
07-05 16:21:49.554     0     0 D         : initcall alsa_sound_last_init+0x0/0x8c returned 0 after 1 usecs
07-05 16:21:49.554     0     0 E         : Warning: unable to open an initial console.
07-05 16:21:49.554     0     0 W         : Perf order domain is not ready!
07-05 16:21:49.554     0     0 W         : Perf order domain is not ready!
07-05 16:21:49.554     0     0 I         : Freeing unused kernel memory: 1280K
07-05 16:21:49.554     0     0 W         : Perf order domain is not ready!
07-05 16:21:49.554     0     0 I         : Run /init as init process
07-05 16:21:49.554     0     0 W         : Perf order domain is not ready!
07-05 16:21:49.554     0     0 W         : Perf order domain is not ready!
07-05 16:21:49.555     0     0 W         : Perf order domain is not ready!
07-05 16:21:49.555     0     0 W         : Perf order domain is not ready!
07-05 16:21:49.556     0     0 E         : get prop 4 is not supported in batt
07-05 16:21:49.556     0     0 I         : [fgauge_read_current] final current=3066 (ratio=1000)
07-05 16:21:49.556     0     0 I         : [fgauge_read_current] final current=3066 (ratio=1000)
07-05 16:21:49.586     0     0 E         : get prop 4 is not supported in batt
07-05 16:21:49.587     0     0 I         : [fgauge_read_current] final current=4576 (ratio=1000)
07-05 16:21:49.587     0     0 I         : [fgauge_read_current] final current=4576 (ratio=1000)
07-05 16:21:49.596     0     0 I         : ///PD dbg info 327d
07-05 16:21:49.596     0     0 I <    2.491>TCPC-TYPEC: PowerOffCharge
07-05 16:21:49.596     0     0 I <    2.491>TCPC-TYPEC: ** Unattached.SNK
07-05 16:21:49.596     0     0 I <    2.494>TCPC-TCPC: Alert:0x0203, Mask:0x1067f
07-05 16:21:49.596     0     0 I         : <
07-05 16:21:49.596     0     0 I 2.494>TCPC-TCPC: FaultAlert=0x20
07-05 16:21:49.596     0     0 I <    2.494>TCPC-TYPEC: [CC_Alert] 0/5
07-05 16:21:49.596     0     0 I <    2.494>TCPC-TYPEC: typec_is_cc_attach: cc_attach[1]
07-05 16:21:49.596     0     0 I         : <
07-05 16:21:49.596     0     0 I 2.495>TCPC-TYPEC: ** AttachWait.SNK
07-05 16:21:49.596     0     0 I <    2.495>TCPC-TCPC: ps_change=2
07-05 16:21:49.599     0     0 D         : probe of debug-kinfo returned 0 after 21 usecs
07-05 16:21:49.599     0     0 I mt6781-mt6366 sound: mt6781_mt6366_dev_probe(), ++
07-05 16:21:49.599     0     0 W mt6781-mt6366 sound: mtk_spk_update_info(), mtk_spk_i2s_mck no use
07-05 16:21:49.599     0     0 I mt6781-mt6366 sound: mtk_spk_update_info(), mtk_spk_type 0, spk_out_dai_link_idx 30, spk_out_dai_link_idx 29, mck: -1
07-05 16:21:49.599     0     0 I mt6781-mt6366 sound: mt6781_mt6366_dev_probe(), update spk dai
07-05 16:21:49.599     0     0 I mt6781-mt6366 sound: mt6781_mt6366_dev_probe(), update platform dai
07-05 16:21:49.599     0     0 I mt6781-mt6366 sound: mt6781_mt6366_dev_probe(), update audio-codec dai
07-05 16:21:49.599     0     0 I mt6781-mt6366 sound: mt6781_mt6366_dev_probe(), devm_snd_soc_register_card
07-05 16:21:49.599     0     0 D [debug][soc_sia81xx_init]: aux_dev = sia81xx.0
07-05 16:21:49.600     0     0 I mt6781-mt6366 sound: ASoC: CPU DAI audio_task_offload_dai not registered
07-05 16:21:49.600     0     0 E mt6781-mt6366 sound: mt6781_mt6366_dev_probe snd_soc_register_card fail -517
07-05 16:21:49.600     0     0 D         : probe of sound returned 0 after 129 usecs
07-05 16:21:49.600     0     0 D         : probe of odm:rt5133-gpio1 returned -517 after 0 usecs
07-05 16:21:49.600     0     0 D         : probe of odm:rt5133-gpio2 returned -517 after 0 usecs
07-05 16:21:49.600     0     0 D         : probe of odm:rt5133-gpio3 returned -517 after 0 usecs
07-05 16:21:49.636     0     0 E         : [OPLUS_CHG][oplus_mt6370_charging_current_write_fast]set fast charge current:0 main_cur:0
07-05 16:21:49.674     0     0 W         : Perf order domain is not ready!
07-05 16:21:49.674     0     0 I         : ///PD dbg info 76d
07-05 16:21:49.674     0     0 I <    2.615>TCPC-TYPEC: [CC_Change] 0/5
07-05 16:21:49.674     0     0 I <    2.615>TCPC-TYPEC: ** Attached.SNK
07-05 16:21:49.675     0     0 W         : Perf order domain is not ready!
07-05 16:21:49.675     0     0 W         : Perf order domain is not ready!
07-05 16:21:49.675     0     0 W         : Perf order domain is not ready!
07-05 16:21:49.675     0     0 W         : Perf order domain is not ready!
07-05 16:21:49.675     0     0 I         : rt-pd-manager rt-pd-manager: pd_tcp_notifier_call sink vbus 5000mV 100mA type(0x01)
07-05 16:21:49.675     0     0 I mtk-extcon-usb extcon_usb: old_state=0, new_state=1
07-05 16:21:49.675     0     0 I         : pd_tcp_notifier_call USB Plug in, pol = 1
07-05 16:21:49.675     0     0 I         : [fg_charger_in_handler] notify daemon 0 0
07-05 16:21:49.675     0     0 I battery_callback: 1
07-05 16:21:49.675     0     0 I         : [fgauge_read_columb_internal] CAR=0 r_fg_value=50 car_tune_value=1000
07-05 16:21:49.675     0     0 I         : [read_fg_hw_info_Iavg] fg_iavg_reg 0x0 fg_iavg_reg_tmp 0x0 27_16 0x0 15_00 0x0
07-05 16:21:49.675     0     0 I         : [read_fg_hw_info_Iavg] is_bat_charging 0 fg_iavg_ma 0x0
07-05 16:21:49.675     0     0 I [gauge_enable_interrupt]intr_number: 88 361 en = 0, depth b[0],a[1]
07-05 16:21:49.675     0     0 I         : [gauge_enable_interrupt]do nothing, intr_number:89 362 en = 0, depth:1 1
07-05 16:21:49.676     0     0 I         : [fgauge_read_columb_internal] CAR=0 r_fg_value=50 car_tune_value=1000
07-05 16:21:49.676     0     0 I         : [FGADC_intr_end][FG_INTR_INIT][read_fg_hw_info] curr_1 320 curr_2 -510 Iavg 320 sign 1 car 0 ncar -35222 time 1
07-05 16:21:49.676     0     0 I [fg_sw_bat_cycle_accu]car[o:0 n:0],diff_car: 0,ncar[o:0 n:0 hw:-35222] thr 0
07-05 16:21:49.676     0     0 I         : rt-pd-manager rt-pd-manager: pd_tcp_notifier_call Charger plug in, polarity = 1
07-05 16:21:49.716     0     0 I         : ///PD dbg info 77d
07-05 16:21:49.716     0     0 I <    2.615>TCPC-TYPEC: Attached-> SINK
07-05 16:21:49.716     0     0 I <    2.615>TCPC-TCPC: usb_port_attached
07-05 16:21:49.736     0     0 W         : oplus_custome_sync_work is called
07-05 16:21:49.736     0     0 W oplus_custome_sync_work: file /dev/block/by-name/oplus_custom is no exit
07-05 16:21:49.738     0     0 I         : vbat_out_old=38490, vthr=686, T_curr=410, vbat_out=38528
07-05 16:21:49.738     0     0 W mt635x_auxadc_read_raw: 3 callbacks suppressed
07-05 16:21:49.738     0     0 I         : mt635x-auxadc mt635x-auxadc: name:BATADC, channel=0, adc_out=0x5b42, adc_result=3853
07-05 16:21:49.741     0     0 I         : vbat_out_old=38490, vthr=686, T_curr=410, vbat_out=38528
07-05 16:21:49.741     0     0 I         : mt635x-auxadc mt635x-auxadc: name:BATADC, channel=0, adc_out=0x5b41, adc_result=3853
07-05 16:21:49.743     0     0 I         : vbat_out_old=38490, vthr=686, T_curr=410, vbat_out=38528
07-05 16:21:49.743     0     0 I         : mt635x-auxadc mt635x-auxadc: name:BATADC, channel=0, adc_out=0x5b41, adc_result=3853
07-05 16:21:49.743     0     0 I         : [fgauge_read_current] final current=14 (ratio=1000)
07-05 16:21:49.743     0     0 I         : [fgauge_read_current] final current=14 (ratio=1000)
07-05 16:21:49.743     0     0 I         : [fgauge_read_current] final current=38 (ratio=1000)
07-05 16:21:49.743     0     0 I         : [CH3_DBG] bat_cur = -38
07-05 16:21:49.744     0     0 I         : mt635x-auxadc mt635x-auxadc: name:BAT_TEMP, channel=3, adc_out=0x4f8, adc_result=1117
07-05 16:21:49.744     0     0 I         : [fgauge_read_current] final current=38 (ratio=1000)
07-05 16:21:49.744     0     0 I         : [BattVoltToTemp] 1117 12000 2800 0
07-05 16:21:49.744     0     0 I         : [force_get_tbat_internal] tbat_precise bat_temperature_val:355
07-05 16:21:49.744     0     0 I [force_get_tbat] t: 35 precise:355
07-05 16:21:49.744     0     0 I         : mt635x-auxadc mt635x-auxadc: name:VCDT, channel=2, adc_out=0x499, adc_result=517
07-05 16:21:49.744     0     0 E         : get prop 4 is not supported in batt
07-05 16:21:49.744     0     0 I         : [fgauge_read_current] final current=38 (ratio=1000)
07-05 16:21:49.745     0     0 I         : [fgauge_read_current] final current=38 (ratio=1000)
07-05 16:21:49.896     0     0 E         : [sensor_devinfo] read_oplus_custom 432 : failed to open file /dev/block/by-name/oplus_custom 000000009cef6704 -1
07-05 16:21:49.896     0     0 E         : [sensor_devinfo] sensor_read_oplus_custom 492 : read_oplus_custom error = -1
07-05 16:21:49.896     0     0 E         : [sensor_devinfo] sensor_devinfo_work 1274 : try 9
07-05 16:21:50.128     0     0 I         : mt6370_pmu_charger mt6370_pmu_charger: mt6370_enable_chg_type_det: en = 1
07-05 16:21:50.128     0     0 I         : mt6370_pmu_charger mt6370_pmu_charger: mt6370_enable_chgdet_flow: CDP free
07-05 16:21:50.128     0     0 I         : mt6370_pmu_charger mt6370_pmu_charger: __mt6370_enable_chgdet_flow: en = 1
07-05 16:21:50.128     0     0 I         : mt6370_pmu_charger mt6370_pmu_charger: mt6370_set_usbsw_state: state = 0
07-05 16:21:50.128     0     0 I mtk-tphy usb-phy: u2_phy_instance_set_mode_ext submode(1)
07-05 16:21:50.128     0     0 I [MUSB]Charger_Detect_Init 119: Charger_Detect_Init
07-05 16:21:50.274     0     0 W         : Perf order domain is not ready!
07-05 16:21:50.274     0     0 I         : mt6370_pmu_irq_handler
07-05 16:21:50.274     0     0 W         : Perf order domain is not ready!
07-05 16:21:50.274     0     0 W         : Perf order domain is not ready!
07-05 16:21:50.274     0     0 W         : Perf order domain is not ready!
07-05 16:21:50.275     0     0 W         : Perf order domain is not ready!
07-05 16:21:50.275     0     0 W         : Perf order domain is not ready!
07-05 16:21:50.275     0     0 W         : Perf order domain is not ready!
07-05 16:21:50.275     0     0 W         : Perf order domain is not ready!
07-05 16:21:50.275     0     0 W         : Perf order domain is not ready!
07-05 16:21:50.275     0     0 W         : Perf order domain is not ready!
07-05 16:21:50.275     0     0 W         : Perf order domain is not ready!
07-05 16:21:50.275     0     0 W         : Perf order domain is not ready!
07-05 16:21:50.276     0     0 W         : Perf order domain is not ready!
07-05 16:21:50.276     0     0 W         : Perf order domain is not ready!
07-05 16:21:50.276     0     0 W         : Perf order domain is not ready!
07-05 16:21:50.276     0     0 W         : Perf order domain is not ready!
07-05 16:21:50.276     0     0 W         : Perf order domain is not ready!
07-05 16:21:50.276     0     0 W         : Perf order domain is not ready!
07-05 16:21:50.276     0     0 W         : Perf order domain is not ready!
07-05 16:21:50.277     0     0 W         : Perf order domain is not ready!
07-05 16:21:50.277     0     0 W         : Perf order domain is not ready!
07-05 16:21:50.277     0     0 W         : Perf order domain is not ready!
07-05 16:21:50.277     0     0 W         : Perf order domain is not ready!
07-05 16:21:50.277     0     0 W         : Perf order domain is not ready!
07-05 16:21:50.277     0     0 W         : Perf order domain is not ready!
07-05 16:21:50.277     0     0 W         : Perf order domain is not ready!
07-05 16:21:50.277     0     0 W         : Perf order domain is not ready!
07-05 16:21:50.278     0     0 W         : Perf order domain is not ready!
07-05 16:21:50.278     0     0 W         : Perf order domain is not ready!
07-05 16:21:50.278     0     0 W         : Perf order domain is not ready!
07-05 16:21:50.278     0     0 W         : Perf order domain is not ready!
07-05 16:21:50.278     0     0 W         : Perf order domain is not ready!
07-05 16:21:50.278     0     0 W         : Perf order domain is not ready!
07-05 16:21:50.278     0     0 W         : Perf order domain is not ready!
07-05 16:21:50.278     0     0 W         : Perf order domain is not ready!
07-05 16:21:50.279     0     0 W         : Perf order domain is not ready!
07-05 16:21:50.279     0     0 W         : Perf order domain is not ready!
07-05 16:21:50.279     0     0 W         : Perf order domain is not ready!
07-05 16:21:50.279     0     0 W         : Perf order domain is not ready!
07-05 16:21:50.279     0     0 W         : Perf order domain is not ready!
07-05 16:21:50.279     0     0 W         : Perf order domain is not ready!
07-05 16:21:50.279     0     0 W         : Perf order domain is not ready!
07-05 16:21:50.280     0     0 W         : Perf order domain is not ready!
07-05 16:21:50.280     0     0 W         : Perf order domain is not ready!
07-05 16:21:50.280     0     0 W         : Perf order domain is not ready!
07-05 16:21:50.280     0     0 W         : Perf order domain is not ready!
07-05 16:21:50.280     0     0 W         : Perf order domain is not ready!
07-05 16:21:50.280     0     0 W         : Perf order domain is not ready!
07-05 16:21:50.280     0     0 W         : Perf order domain is not ready!
07-05 16:21:50.280     0     0 W         : Perf order domain is not ready!
07-05 16:21:50.281     0     0 W         : Perf order domain is not ready!
07-05 16:21:50.281     0     0 W         : Perf order domain is not ready!
07-05 16:21:50.281     0     0 I mt6370_pmu 5-0034: mt6370_pmu_irq_handler: handler irq_domain = (6, 0)
07-05 16:21:50.281     0     0 I         : mt6370_pmu_charger mt6370_pmu_charger: mt6370_pmu_attachi_irq_handler
07-05 16:21:50.281     0     0 I         : mt6370_pmu_charger mt6370_pmu_charger: __mt6370_chgdet_handler
07-05 16:21:50.281     0     0 W         : Perf order domain is not ready!
07-05 16:21:50.281     0     0 E         : mt6370_pmu_charger mt6370_pmu_charger: __mt6370_chgdet_handler: __mt6370_chgdet_handler:chg_data->bc12_cnt:1
07-05 16:21:50.281     0     0 I         : mt6370_pmu_charger mt6370_pmu_charger: mt6370_bc12_workaround
07-05 16:21:50.281     0     0 W         : Perf order domain is not ready!
07-05 16:21:50.281     0     0 W         : Perf order domain is not ready!
07-05 16:21:50.281     0     0 W         : Perf order domain is not ready!
07-05 16:21:50.291     0     0 W         : Perf order domain is not ready!
07-05 16:21:50.291     0     0 W         : Perf order domain is not ready!
07-05 16:21:50.292     0     0 W         : Perf order domain is not ready!
07-05 16:21:50.438     0     0 W         : Perf order domain is not ready!
07-05 16:21:50.438     0     0 I         : mt6370_pmu_irq_handler
07-05 16:21:50.438     0     0 W         : Perf order domain is not ready!
07-05 16:21:50.438     0     0 W         : Perf order domain is not ready!
07-05 16:21:50.438     0     0 W         : Perf order domain is not ready!
07-05 16:21:50.438     0     0 W         : Perf order domain is not ready!
07-05 16:21:50.438     0     0 W         : Perf order domain is not ready!
07-05 16:21:50.438     0     0 W         : Perf order domain is not ready!
07-05 16:21:50.439     0     0 W         : Perf order domain is not ready!
07-05 16:21:50.439     0     0 W         : Perf order domain is not ready!
07-05 16:21:50.439     0     0 W         : Perf order domain is not ready!
07-05 16:21:50.439     0     0 W         : Perf order domain is not ready!
07-05 16:21:50.439     0     0 W         : Perf order domain is not ready!
07-05 16:21:50.439     0     0 W         : Perf order domain is not ready!
07-05 16:21:50.439     0     0 W         : Perf order domain is not ready!
07-05 16:21:50.440     0     0 W         : Perf order domain is not ready!
07-05 16:21:50.440     0     0 W         : Perf order domain is not ready!
07-05 16:21:50.440     0     0 W         : Perf order domain is not ready!
07-05 16:21:50.440     0     0 W         : Perf order domain is not ready!
07-05 16:21:50.440     0     0 W         : Perf order domain is not ready!
07-05 16:21:50.440     0     0 W         : Perf order domain is not ready!
07-05 16:21:50.440     0     0 W         : Perf order domain is not ready!
07-05 16:21:50.440     0     0 W         : Perf order domain is not ready!
07-05 16:21:50.441     0     0 W         : Perf order domain is not ready!
07-05 16:21:50.441     0     0 W         : Perf order domain is not ready!
07-05 16:21:50.441     0     0 W         : Perf order domain is not ready!
07-05 16:21:50.441     0     0 W         : Perf order domain is not ready!
07-05 16:21:50.441     0     0 W         : Perf order domain is not ready!
07-05 16:21:50.441     0     0 W         : Perf order domain is not ready!
07-05 16:21:50.441     0     0 W         : Perf order domain is not ready!
07-05 16:21:50.441     0     0 W         : Perf order domain is not ready!
07-05 16:21:50.442     0     0 W         : Perf order domain is not ready!
07-05 16:21:50.442     0     0 W         : Perf order domain is not ready!
07-05 16:21:50.442     0     0 W         : Perf order domain is not ready!
07-05 16:21:50.442     0     0 W         : Perf order domain is not ready!
07-05 16:21:50.442     0     0 W         : Perf order domain is not ready!
07-05 16:21:50.442     0     0 W         : Perf order domain is not ready!
07-05 16:21:50.442     0     0 W         : Perf order domain is not ready!
07-05 16:21:50.443     0     0 W         : Perf order domain is not ready!
07-05 16:21:50.443     0     0 W         : Perf order domain is not ready!
07-05 16:21:50.443     0     0 W         : Perf order domain is not ready!
07-05 16:21:50.443     0     0 W         : Perf order domain is not ready!
07-05 16:21:50.443     0     0 W         : Perf order domain is not ready!
07-05 16:21:50.443     0     0 W         : Perf order domain is not ready!
07-05 16:21:50.443     0     0 W         : Perf order domain is not ready!
07-05 16:21:50.443     0     0 W         : Perf order domain is not ready!
07-05 16:21:50.444     0     0 W         : Perf order domain is not ready!
07-05 16:21:50.444     0     0 W         : Perf order domain is not ready!
07-05 16:21:50.444     0     0 W         : Perf order domain is not ready!
07-05 16:21:50.444     0     0 W         : Perf order domain is not ready!
07-05 16:21:50.444     0     0 W         : Perf order domain is not ready!
07-05 16:21:50.444     0     0 W         : Perf order domain is not ready!
07-05 16:21:50.444     0     0 W         : Perf order domain is not ready!
07-05 16:21:50.444     0     0 I mt6370_pmu 5-0034: mt6370_pmu_irq_handler: handler irq_domain = (6, 0)
07-05 16:21:50.444     0     0 I         : mt6370_pmu_charger mt6370_pmu_charger: mt6370_pmu_attachi_irq_handler
07-05 16:21:50.444     0     0 I         : mt6370_pmu_charger mt6370_pmu_charger: __mt6370_chgdet_handler
07-05 16:21:50.444     0     0 W         : Perf order domain is not ready!
07-05 16:21:50.444     0     0 E         : mt6370_pmu_charger mt6370_pmu_charger: __mt6370_chgdet_handler: __mt6370_chgdet_handler:chg_data->bc12_cnt:2
07-05 16:21:50.444     0     0 I         : mt6370_pmu_charger mt6370_pmu_charger: mt6370_bc12_workaround
07-05 16:21:50.445     0     0 W         : Perf order domain is not ready!
07-05 16:21:50.445     0     0 W         : Perf order domain is not ready!
07-05 16:21:52.122   399   399 I hwservicemanager: getDeviceHalManifest: Successfully processed VINTF information
07-05 16:21:50.445     0     0 W         : Perf order domain is not ready!
07-05 16:21:50.455     0     0 W         : Perf order domain is not ready!
07-05 16:21:52.122   399   399 I hwservicemanager: getFrameworkHalManifest: Successfully processed VINTF information
07-05 16:21:50.455     0     0 W         : Perf order domain is not ready!
07-05 16:21:50.455     0     0 W         : Perf order domain is not ready!
07-05 16:21:50.601     0     0 W         : Perf order domain is not ready!
07-05 16:21:50.601     0     0 I         : mt6370_pmu_irq_handler
07-05 16:21:50.601     0     0 W         : Perf order domain is not ready!
07-05 16:21:50.602     0     0 W         : Perf order domain is not ready!
07-05 16:21:50.602     0     0 W         : Perf order domain is not ready!
07-05 16:21:50.602     0     0 W         : Perf order domain is not ready!
07-05 16:21:50.602     0     0 W         : Perf order domain is not ready!
07-05 16:21:50.602     0     0 W         : Perf order domain is not ready!
07-05 16:21:50.602     0     0 W         : Perf order domain is not ready!
07-05 16:21:50.602     0     0 W         : Perf order domain is not ready!
07-05 16:21:50.603     0     0 W         : Perf order domain is not ready!
07-05 16:21:52.122   399   399 E SELinux : avc:  denied  { add } for interface=android.hidl.token::ITokenManager sid=u:r:recovery:s0 pid=399 scontext=u:r:recovery:s0 tcontext=u:object_r:hidl_token_hwservice:s0 tclass=hwservice_manager permissive=1
07-05 16:21:50.603     0     0 W         : Perf order domain is not ready!
07-05 16:21:50.603     0     0 W         : Perf order domain is not ready!
07-05 16:21:50.603     0     0 W         : Perf order domain is not ready!
07-05 16:21:50.603     0     0 W         : Perf order domain is not ready!
07-05 16:21:50.603     0     0 W         : Perf order domain is not ready!
07-05 16:21:50.603     0     0 W         : Perf order domain is not ready!
07-05 16:21:50.603     0     0 W         : Perf order domain is not ready!
07-05 16:21:50.604     0     0 W         : Perf order domain is not ready!
07-05 16:21:50.604     0     0 W         : Perf order domain is not ready!
07-05 16:21:50.604     0     0 W         : Perf order domain is not ready!
07-05 16:21:50.604     0     0 W         : Perf order domain is not ready!
07-05 16:21:50.604     0     0 W         : Perf order domain is not ready!
07-05 16:21:50.604     0     0 W         : Perf order domain is not ready!
07-05 16:21:50.604     0     0 W         : Perf order domain is not ready!
07-05 16:21:50.604     0     0 W         : Perf order domain is not ready!
07-05 16:21:50.605     0     0 W         : Perf order domain is not ready!
07-05 16:21:50.605     0     0 W         : Perf order domain is not ready!
07-05 16:21:50.605     0     0 W         : Perf order domain is not ready!
07-05 16:21:50.605     0     0 W         : Perf order domain is not ready!
07-05 16:21:50.605     0     0 W         : Perf order domain is not ready!
07-05 16:21:50.605     0     0 W         : Perf order domain is not ready!
07-05 16:21:50.605     0     0 W         : Perf order domain is not ready!
07-05 16:21:50.606     0     0 W         : Perf order domain is not ready!
07-05 16:21:50.606     0     0 W         : Perf order domain is not ready!
07-05 16:21:50.606     0     0 W         : Perf order domain is not ready!
07-05 16:21:50.606     0     0 W         : Perf order domain is not ready!
07-05 16:21:50.606     0     0 W         : Perf order domain is not ready!
07-05 16:21:50.606     0     0 W         : Perf order domain is not ready!
07-05 16:21:50.606     0     0 W         : Perf order domain is not ready!
07-05 16:21:50.606     0     0 W         : Perf order domain is not ready!
07-05 16:21:50.607     0     0 W         : Perf order domain is not ready!
07-05 16:21:50.607     0     0 W         : Perf order domain is not ready!
07-05 16:21:50.607     0     0 W         : Perf order domain is not ready!
07-05 16:21:50.607     0     0 W         : Perf order domain is not ready!
07-05 16:21:50.607     0     0 W         : Perf order domain is not ready!
07-05 16:21:50.607     0     0 W         : Perf order domain is not ready!
07-05 16:21:50.607     0     0 W         : Perf order domain is not ready!
07-05 16:21:50.607     0     0 W         : Perf order domain is not ready!
07-05 16:21:50.608     0     0 W         : Perf order domain is not ready!
07-05 16:21:50.608     0     0 W         : Perf order domain is not ready!
07-05 16:21:50.608     0     0 W         : Perf order domain is not ready!
07-05 16:21:50.608     0     0 W         : Perf order domain is not ready!
07-05 16:21:50.608     0     0 I mt6370_pmu 5-0034: mt6370_pmu_irq_handler: handler irq_domain = (6, 0)
07-05 16:21:50.608     0     0 I         : mt6370_pmu_charger mt6370_pmu_charger: mt6370_pmu_attachi_irq_handler
07-05 16:21:50.608     0     0 I         : mt6370_pmu_charger mt6370_pmu_charger: __mt6370_chgdet_handler
07-05 16:21:50.608     0     0 W         : Perf order domain is not ready!
07-05 16:21:50.608     0     0 I         : mt6370_pmu_charger mt6370_pmu_charger: __mt6370_enable_chgdet_flow: en = 0
07-05 16:21:50.608     0     0 I         : mt6370_pmu_charger mt6370_pmu_charger: mt6370_set_usbsw_state: state = 1
07-05 16:21:50.608     0     0 I mtk-tphy usb-phy: u2_phy_instance_set_mode_ext submode(2)
07-05 16:21:50.608     0     0 I [MUSB]Charger_Detect_Release 133: Charger_Detect_Release
07-05 16:21:50.608     0     0 W         : Perf order domain is not ready!
07-05 16:21:50.608     0     0 W         : Perf order domain is not ready!
07-05 16:21:50.608     0     0 I         : mt6370_pmu_charger mt6370_pmu_charger: mt6370_inform_psy_changed: pwr_rdy = 1, type = 1
07-05 16:21:52.123   408   408 D hw-ProcessState: Binder ioctl to enable oneway spam detection failed: Invalid argument
07-05 16:21:50.608     0     0 I         : mt_charger_set_property
07-05 16:21:50.608     0     0 I         : mt_charger_set_property
07-05 16:21:50.608     0     0 I dump_charger_name: charger type: 1, Standard USB Host
07-05 16:21:50.608     0     0 I         : mt_usb_connect_v1 in mtk extcon
07-05 16:21:50.608     0     0 W         : notify charger in
07-05 16:21:50.608     0     0 I battery_get_boot_mode: boot mode=2
07-05 16:21:50.608     0     0 I         : mtk_battery boot mode =2
07-05 16:21:50.608     0     0 I         : [wakeup_fg_algo_recovery] intr_num=0x8
07-05 16:21:50.608     0     0 I mtk-extcon-usb extcon_usb: cur_dr(2) new_dr(1)
07-05 16:21:50.608     0     0 E         : mtk_charger_int_handler, Charger Plug In
07-05 16:21:50.608     0     0 I battery_callback: 1
07-05 16:21:50.608     0     0 I         : mt_usb mt_usb: role_sx_set role 2, latest_role: 0
07-05 16:21:50.608     0     0 E         : get prop 4 is not supported in batt
07-05 16:21:50.608     0     0 I         : mt_usb mt_usb: mt_usb_role_sx_set: if vbus_event true
07-05 16:21:50.609     0     0 I         : [fgauge_read_columb_internal] CAR=0 r_fg_value=50 car_tune_value=1000
07-05 16:21:50.609     0     0 I mtk-tphy usb-phy: u2_phy_instance_set_mode mode(6)
07-05 16:21:50.609     0     0 I phy-usb-phy.0: u2_phy_props_set, bc12:0, src:0, vrt:0, term:0, rev6:0, dis:0
07-05 16:21:50.609     0     0 I mtk-tphy usb-phy: u2_phy_instance_set_mode_ext submode(2)
07-05 16:21:50.609     0     0 I mtk-tphy usb-phy: u2_phy_instance_power_on(0)
07-05 16:21:52.123   408   408 E cutils-trace: Error opening trace file: No such file or directory (2)
07-05 16:21:50.609     0     0 I phy-usb-phy.0: u2_phy_props_set, bc12:0, src:0, vrt:0, term:0, rev6:0, dis:0
07-05 16:21:50.609     0     0 I         : musb-hdrc musb-hdrc: mailbox VBUS_VALID
07-05 16:21:50.609     0     0 I [MUSB]mt_usb_connect 880: [MUSB] USB connect
07-05 16:21:50.609     0     0 I [MUSB]issue_connection_work 874: issue work, ops<2>
07-05 16:21:50.609     0     0 I [MUSB]do_connection_work 778: is_host<0>, power<0>, ops<2>
07-05 16:21:50.609     0     0 I [MUSB]cmode_effect_on 765: cable_mode=1, effect=0
07-05 16:21:50.609     0     0 I         : [fgauge_read_current] final current=30 (ratio=1000)
07-05 16:21:50.609     0     0 I [MUSB]do_connection_work 818: lock
07-05 16:21:50.609     0     0 I [MUSB]musb_start 1240: start, is_host=0 is_active=0
07-05 16:21:50.609     0     0 I [MUSB]mt_usb_enable 609: begin <0,0>,<2,1,1,1>
07-05 16:21:50.609     0     0 I         : [fgauge_read_current] final current=30 (ratio=1000)
07-05 16:21:50.609     0     0 E         : [OPLUS_CHG][oplus_chg_variables_reset]charger detect is 1
07-05 16:21:50.609     0     0 I         : [OPLUS_CHG][mt_power_supply_type_check]charger_type[4]
07-05 16:21:50.609     0     0 I [MUSB]mt_usb_connect 880: [MUSB] USB connect
07-05 16:21:50.609     0     0 I [MUSB]issue_connection_work 874: issue work, ops<2>
07-05 16:21:50.609     0     0 E         : [OPLUS_CHG][oplus_chg_turn_on_charging]-----------
07-05 16:21:50.609     0     0 I         : mt6370_pmu_charger mt6370_pmu_charger: __mt6370_set_cv: bat voreg = 4385000 (0x30)
07-05 16:21:50.609     0     0 I         : [read_fg_hw_info_Iavg] fg_iavg_reg 0x0 fg_iavg_reg_tmp 0x0 27_16 0x0 15_00 0x0
07-05 16:21:50.609     0     0 I         : [read_fg_hw_info_Iavg] is_bat_charging 0 fg_iavg_ma 0x0
07-05 16:21:50.609     0     0 I         : [gauge_enable_interrupt]do nothing, intr_number:88 361 en = 0, depth:1 1
07-05 16:21:50.609     0     0 I         : [gauge_enable_interrupt]do nothing, intr_number:89 362 en = 0, depth:1 1
07-05 16:21:50.609     0     0 I         : [fgauge_read_columb_internal] CAR=0 r_fg_value=50 car_tune_value=1000
07-05 16:21:50.610     0     0 I         : [FGADC_intr_end][FG_INTR_INIT][read_fg_hw_info] curr_1 -30 curr_2 76 Iavg -30 sign 1 car 0 ncar -35222 time 2
07-05 16:21:50.610     0     0 I [fg_sw_bat_cycle_accu]car[o:0 n:0],diff_car: 0,ncar[o:0 n:0 hw:-35222] thr 0
07-05 16:21:50.619     0     0 I [MUSB]mt_usb_enable 637: end, <2,1,2,1>
07-05 16:21:50.619     0     0 I [MUSB]musb_start 1289: set ignore babble MUSB_ULPI_REG_DATA=89
07-05 16:21:50.619     0     0 I [MUSB]do_connection_work 778: is_host<0>, power<1>, ops<2>
07-05 16:21:50.619     0     0 I [MUSB]cmode_effect_on 765: cable_mode=1, effect=0
07-05 16:21:50.619     0     0 I [MUSB]do_connection_work 840: do nothing, usb_on:1, power:1
07-05 16:21:50.619     0     0 I         : [OPLUS_CHG][bq25601d_float_voltage_write]bq25601d_set_float_voltage vfloat_mv = 4385 value=128
07-05 16:21:50.619     0     0 I         : [fg_charger_in_handler] notify daemon 0 1
07-05 16:21:50.619     0     0 I battery_get_boot_mode: boot mode=2
07-05 16:21:50.619     0     0 I         : mtk_battery boot mode =2
07-05 16:21:50.619     0     0 I         : [wakeup_fg_algo_recovery] intr_num=0x8
07-05 16:21:50.620     0     0 E         : [OPLUS_CHG][oplus_mt6370_charging_current_write_fast]set fast charge current:512 main_cur:512
07-05 16:21:50.620     0     0 I         : mt6370_pmu_charger mt6370_pmu_charger: __mt6370_set_ieoc: ieoc = 150000 (0x01)
07-05 16:21:50.621     0     0 I         : mt6370_pmu_charger mt6370_pmu_charger: __mt6370_set_mivr: mivr = 4400000 (0x05)
07-05 16:21:50.622     0     0 I         : [OPLUS_CHG][bq25601d_unsuspend_charger]rc = 0
07-05 16:21:50.756     0     0 E         : [sensor_devinfo] sync_utc2scp_work 586 : kernel_ts: 1783261310.719742, 1783261310.719742
07-05 16:21:50.756     0     0 I [SCP] scp_ipi_send: SCP A not ready
07-05 16:21:50.756     0     0 E         : [sensorHub] scp_ipi_send fail
07-05 16:21:50.756     0     0 E         : [sensor_devinfo] sync_utc2scp_work 594 : fail! err -1
07-05 16:21:50.756     0     0 I sd 0    : 0:0:2: [sdc] Synchronizing SCSI cache
07-05 16:21:50.756     0     0 W         : oplus_custome_sync_work is called
07-05 16:21:50.756     0     0 W oplus_custome_sync_work: file /dev/block/by-name/oplus_custom is no exit
07-05 16:21:50.916     0     0 I sd 0    : 0:0:0: [sda] Synchronizing SCSI cache
07-05 16:21:50.936     0     0 E         : [sensor_devinfo] read_oplus_custom 432 : failed to open file /dev/block/by-name/oplus_custom 000000009cef6704 -1
07-05 16:21:50.936     0     0 E         : [sensor_devinfo] sensor_read_oplus_custom 492 : read_oplus_custom error = -1
07-05 16:21:50.936     0     0 E         : [sensor_devinfo] sensor_devinfo_work 1274 : try 8
07-05 16:21:52.125   399   399 I hwservicemanager: hwservicemanager is ready now.
07-05 16:21:50.957     0     0 I         : [OPLUS_CHG][bq25601d_float_voltage_write]bq25601d_set_float_voltage vfloat_mv = 4435 value=144
07-05 16:21:50.962     0     0 I         : [OPLUS_CHG][bq25601d_reset_charger]rc = 0
07-05 16:21:50.962     0     0 I         : [OPLUS_CHG][bq25601d_float_voltage_write]bq25601d_set_float_voltage vfloat_mv = 4435 value=144
07-05 16:21:50.963     0     0 I         : [OPLUS_CHG][bq25601d_charging_current_write_fast]chg_cur = 512
07-05 16:21:52.125   399   399 E cutils-trace: Error opening trace file: No such file or directory (2)
07-05 16:21:50.963     0     0 I         : [OPLUS_CHG][bq25601d_set_termchg_current]value=1
07-05 16:21:50.965     0     0 I         : [OPLUS_CHG][bq25601d_unsuspend_charger]rc = 0
07-05 16:21:51.236     0     0 I sd 0    : 0:0:1: [sdb] Synchronizing SCSI cache
07-05 16:21:51.243     0     0 I regulator.38: regulator ext_pmic2 disable
07-05 16:21:51.243     0     0 I ufshcd-mtk 11270000.ufshci: rs,ret 0,7520 us
07-05 16:21:51.297     0     0 I         : mt6370_pmu_charger mt6370_pmu_charger: __mt6370_set_cv: bat voreg = 4435000 (0x35)
07-05 16:21:51.297     0     0 I         : [OPLUS_CHG][bq25601d_float_voltage_write]bq25601d_set_float_voltage vfloat_mv = 4435 value=144
07-05 16:21:51.298     0     0 E         : [OPLUS_CHG][oplus_mt6370_charging_current_write_fast]set fast charge current:2300 main_cur:2300
07-05 16:21:52.125   399   399 E SELinux : avc:  denied  { find } for interface=android.hardware.health::IHealth sid=u:r:recovery:s0 pid=408 scontext=u:r:recovery:s0 tcontext=u:object_r:hal_health_hwservice:s0 tclass=hwservice_manager permissive=1
07-05 16:21:51.298     0     0 I         : [OPLUS_CHG][oplus_mt6370_input_current_limit_write]usb input max current limit=650 setting 00
07-05 16:21:51.299     0     0 I         : [OPLUS_CHG][bq25601d_suspend_charger]rc = 0
07-05 16:21:51.299     0     0 I         : mt635x-auxadc mt635x-auxadc: name:VCDT, channel=2, adc_out=0x4a5, adc_result=522
07-05 16:21:51.396     0     0 I [SCP] scp_ipi_send: SCP A not ready
07-05 16:21:51.396     0     0 E         : [sensorHub] scp_ipi_send fail
