07-06 09:20:59.397     0     0 E         : [sensorHub] scp_ipi_send fail
07-06 09:20:59.397     0     0 E         : [sensorHub] scp_sensorHub_req_send fail!
07-06 09:20:59.438     0     0 I         : mt635x-auxadc mt635x-auxadc: name:VCDT, channel=2, adc_out=0x49b, adc_result=518
07-06 09:20:59.438     0     0 I         : [OPLUS_CHG][oplus_mt6370_input_current_limit_write]usb input max current limit aicl chg_vol=4901 i[1]=500 sw_aicl_point:4550 aicl_end
07-06 09:20:59.438     0     0 I         : mt6370_pmu_charger mt6370_pmu_charger: __mt6370_set_ieoc: ieoc = 270000 (0x03)
07-06 09:20:59.440     0     0 I         : vbat_out_old=37370, vthr=691, T_curr=380, vbat_out=37400
07-06 09:20:59.440     0     0 I         : mt635x-auxadc mt635x-auxadc: name:BATADC, channel=0, adc_out=0x5898, adc_result=3740
07-06 09:20:59.442     0     0 I         : vbat_out_old=37380, vthr=691, T_curr=380, vbat_out=37410
07-06 09:20:59.442     0     0 I         : mt635x-auxadc mt635x-auxadc: name:BATADC, channel=0, adc_out=0x58a0, adc_result=3741
07-06 09:20:59.444     0     0 I         : vbat_out_old=37360, vthr=691, T_curr=380, vbat_out=37390
07-06 09:20:59.444     0     0 I         : mt635x-auxadc mt635x-auxadc: name:BATADC, channel=0, adc_out=0x5892, adc_result=3739
07-06 09:20:59.445     0     0 I         : [fgauge_read_current] final current=1068 (ratio=1000)
07-06 09:20:59.445     0     0 I         : [fgauge_read_current] final current=1068 (ratio=1000)
07-06 09:20:59.445     0     0 I         : [fgauge_read_current] final current=1068 (ratio=1000)
07-06 09:20:59.445     0     0 I         : [CH3_DBG] bat_cur = 1068
07-06 09:20:59.446     0     0 I         : [fgauge_read_current] final current=1068 (ratio=1000)
07-06 09:20:59.446     0     0 I         : [BattVoltToTemp] 1140 12000 2800 -1
07-06 09:20:59.446     0     0 I         : [force_get_tbat_internal] tbat_precise bat_temperature_val:331
07-06 09:20:59.446     0     0 I [force_get_tbat] t: 33 precise:331
07-06 09:20:59.446     0     0 I         : mt6370_pmu_charger mt6370_pmu_charger: __mt6370_set_mivr: mivr = 4500000 (0x06)
07-06 09:20:59.446     0     0 E         : [OPLUS_CHG][oplus_chg_print_bcc_log]BCC[18 / 18 / 18 / 3730 / -106 / 331 / 4834 / 0]
07-06 09:20:59.446     0     0 I         : mt6370_pmu_charger mt6370_pmu_charger: __mt6370_set_cv: bat voreg = 4435000 (0x35)
07-06 09:20:59.446     0     0 I         : [OPLUS_CHG][bq25601d_float_voltage_write]bq25601d_set_float_voltage vfloat_mv = 4435 value=144
07-06 09:20:59.447     0     0 E         : [OPLUS_CHG][oplus_mt6370_charging_current_write_fast]set fast charge current:2300 main_cur:2300
07-06 09:20:59.447     0     0 I         : [OPLUS_CHG][oplus_chg_check_tbatt_normal_status]tbatt_normal_status status change, [1 160 220 340 370 400 430]
07-06 09:20:59.447     0     0 I         : [OPLUS_CHG][oplus_mt6370_registers_read_full]registers read full
07-06 09:20:59.537     0     0 E         : get prop 4 is not supported in batt
07-06 09:20:59.538     0     0 I         : [fgauge_read_current] final current=1136 (ratio=1000)
07-06 09:20:59.538     0     0 I         : [fgauge_read_current] final current=1196 (ratio=1000)
07-06 09:20:59.680     0     0 I SELinux : Permission nlmsg_getneigh in class netlink_route_socket not defined in policy.
07-06 09:20:59.680     0     0 I SELinux : the above unknown classes and permissions will be denied
07-06 09:20:59.680     0     0 I SELinux : policy capability network_peer_controls=1
07-06 09:20:59.680     0     0 I SELinux : policy capability open_perms=1
07-06 09:20:59.680     0     0 I SELinux : policy capability extended_socket_class=1
07-06 09:20:59.680     0     0 I SELinux : policy capability always_check_network=0
07-06 09:20:59.680     0     0 I SELinux : policy capability cgroup_seclabel=0
07-06 09:20:59.680     0     0 I SELinux : policy capability nnp_nosuid_transition=1
07-06 09:20:59.797     0     0 W         : oplus_custome_sync_work is called
07-06 09:20:59.797     0     0 W oplus_custome_sync_work: file /dev/block/by-name/oplus_custom is no exit
07-06 09:20:59.760   397   397 W auditd  : type=1403 audit(0.0:2): auid=4294967295 ses=4294967295 lsm=selinux res=1
07-06 09:20:59.877     0     0 I mtk-msdc externdevice: mmc0: clock 0Hz busmode 2 powermode 0 cs 0 Vdd 0 width 1 timing 0
07-06 09:20:59.880     0     0 E mmc0    : [SDLOCK] sdcard is unlocked on suspend and set auto_unlock = true.
07-06 09:20:59.940     0     0 I         : mt6370_pmu_charger mt6370_pmu_charger: mt6370_dump_register: ICHG = 2300mA, AICR = 500mA, MIVR = 4500mV, IEOC = 250mA, CV = 4430mV
07-06 09:20:59.940     0     0 I         : mt6370_pmu_charger mt6370_pmu_charger: mt6370_dump_register: VSYS = 3735mV, VBAT = 3725mV, IBAT = 0mA, IBUS = 450mA, VBUS = 4850mV
07-06 09:20:59.940     0     0 I         : mt6370_pmu_charger mt6370_pmu_charger: mt6370_dump_register: CHG_EN = 1, CHG_STATUS = progress, CHG_STAT = 0xA0
07-06 09:20:59.940     0     0 I         : mt6370_pmu_charger mt6370_pmu_charger: mt6370_dump_register: CHG_CTRL1 = 0x10, CHG_CTRL2 = 0x1B
07-06 09:20:59.977     0     0 E         : [sensor_devinfo] read_oplus_custom 432 : failed to open file /dev/block/by-name/oplus_custom 000000008fbd8693 -1
07-06 09:20:59.977     0     0 E         : [sensor_devinfo] sensor_read_oplus_custom 492 : read_oplus_custom error = -1
07-06 09:20:59.977     0     0 E         : [sensor_devinfo] sensor_devinfo_work 1274 : try 7
07-06 09:20:59.960     1     1 I init    : type=1400 audit(0.0:3): avc: denied { write } for name="kernel_init_done" dev="sysfs" ino=19467 scontext=u:r:init:s0 tcontext=u:object_r:sysfs:s0 tclass=file permissive=1
07-06 09:20:59.960     1     1 I init    : type=1400 audit(0.0:4): avc: denied { open } for path="/sys/module/musb_hdrc/parameters/kernel_init_done" dev="sysfs" ino=19467 scontext=u:r:init:s0 tcontext=u:object_r:sysfs:s0 tclass=file permissive=1
07-06 09:21:00.000   385   385 I ueventd : type=1400 audit(0.0:5): avc: denied { sys_nice } for capability=23 scontext=u:r:ueventd:s0 tcontext=u:r:ueventd:s0 tclass=capability permissive=1
07-06 09:21:00.063     0     0 E         : get prop 4 is not supported in batt
07-06 09:21:00.063     0     0 I         : [fgauge_read_current] final current=1234 (ratio=1000)
07-06 09:21:00.064     0     0 I         : [fgauge_read_current] final current=1234 (ratio=1000)
07-06 09:21:00.179     0     0 I bootmode: 0x2 boottype: 0x2
07-06 09:21:00.179     0     0 I         : cannot find "androidboot.usbconfig="
07-06 09:21:00.180     0     0 I         : file system registered
07-06 09:21:00.182     0     0 I         : Mass Storage Function, version: 2009/09/11
07-06 09:21:00.182     0     0 I LUN     : removable file: (no medium)
07-06 09:21:00.120   400   400 I vndservicemanag: type=1400 audit(0.0:6): avc: denied { read } for name="vndbinder" dev="binder" ino=6 scontext=u:r:recovery:s0 tcontext=u:object_r:vndbinder_device:s0 tclass=chr_file permissive=1
07-06 09:21:00.190     0     0 I binder  : 399:399 ioctl 40046210 7fe23af604 returned -22
07-06 09:21:00.120   399   399 I servicemanager: type=1400 audit(0.0:7): avc: denied { create } for scontext=u:r:recovery:s0 tcontext=u:r:recovery:s0 tclass=netlink_selinux_socket permissive=1
07-06 09:21:00.120   399   399 I servicemanager: type=1400 audit(0.0:8): avc: denied { bind } for scontext=u:r:recovery:s0 tcontext=u:r:recovery:s0 tclass=netlink_selinux_socket permissive=1
07-06 09:21:00.120   399   399 I servicemanager: type=1400 audit(0.0:9): avc: denied { read } for name="perms" dev="selinuxfs" ino=67112490 scontext=u:r:recovery:s0 tcontext=u:object_r:selinuxfs:s0 tclass=dir permissive=1
07-06 09:21:00.120   399   399 I servicemanager: type=1400 audit(0.0:10): avc: denied { open } for path="/sys/fs/selinux/class/service_manager/perms" dev="selinuxfs" ino=67112490 scontext=u:r:recovery:s0 tcontext=u:object_r:selinuxfs:s0 tclass=dir permissive=1
07-06 09:21:00.120   399   399 I servicemanager: type=1400 audit(0.0:11): avc: denied { write } for name="access" dev="selinuxfs" ino=6 scontext=u:r:recovery:s0 tcontext=u:object_r:selinuxfs:s0 tclass=file permissive=1
07-06 09:21:00.120   399   399 I servicemanager: type=1400 audit(0.0:12): avc: denied { compute_av } for scontext=u:r:recovery:s0 tcontext=u:object_r:kernel:s0 tclass=security permissive=1
07-06 09:21:00.120   397   397 I init    : type=1400 audit(0.0:13): avc: denied { entrypoint } for path="/system/bin/logd" dev="rootfs" ino=7455 scontext=u:r:logd:s0 tcontext=u:object_r:rootfs:s0 tclass=file permissive=1
07-06 09:21:00.120   399   399 I servicemanager: type=1400 audit(0.0:14): avc: denied { set_context_mgr } for scontext=u:r:recovery:s0 tcontext=u:r:recovery:s0 tclass=binder permissive=1
07-06 09:21:00.120   397   397 I logd    : type=1400 audit(0.0:15): avc: denied { map } for path="/system/bin/logd" dev="rootfs" ino=7455 scontext=u:r:logd:s0 tcontext=u:object_r:rootfs:s0 tclass=file permissive=1
07-06 09:21:00.195     0     0 I ffs_data_put(): freeing
07-06 09:21:00.197     0     0 E [OPLUS_CHG][oplus_set_otg_switch_status]: otg switch[1]
07-06 09:21:00.197     0     0 I         : ///PD dbg info 42d
07-06 09:21:00.197     0     0 I <    5.141>TCPC-TYPEC: typec_new_role: DRP
07-06 09:21:00.198     0     0 I binder  : 400:400 ioctl 40046210 7ff4dc8b34 returned -22
07-06 09:21:00.160   407   407 I android.hardwar: type=1400 audit(0.0:29): avc: denied { write } for path="/dev/kmsg" dev="tmpfs" ino=11189 scontext=u:r:recovery:s0 tcontext=u:object_r:kmsg_device:s0 tclass=chr_file permissive=1
07-06 09:21:00.160   398   398 I hwservicemanage: type=1400 audit(0.0:30): avc: denied { create } for scontext=u:r:recovery:s0 tcontext=u:r:recovery:s0 tclass=netlink_selinux_socket permissive=1
07-06 09:21:00.160   398   398 I hwservicemanage: type=1400 audit(0.0:31): avc: denied { bind } for scontext=u:r:recovery:s0 tcontext=u:r:recovery:s0 tclass=netlink_selinux_socket permissive=1
07-06 09:21:00.160   401   401 I keystore2: type=1400 audit(0.0:32): avc: denied { read } for name="u:object_r:keystore_crash_prop:s0" dev="tmpfs" ino=11433 scontext=u:r:recovery:s0 tcontext=u:object_r:keystore_crash_prop:s0 tclass=file permissive=1
07-06 09:21:00.160   401   401 I keystore2: type=1400 audit(0.0:33): avc: denied { open } for path="/dev/__properties__/u:object_r:keystore_crash_prop:s0" dev="tmpfs" ino=11433 scontext=u:r:recovery:s0 tcontext=u:object_r:keystore_crash_prop:s0 tclass=file permissive=1
07-06 09:21:00.160   401   401 I keystore2: type=1400 audit(0.0:34): avc: denied { getattr } for path="/dev/__properties__/u:object_r:keystore_crash_prop:s0" dev="tmpfs" ino=11433 scontext=u:r:recovery:s0 tcontext=u:object_r:keystore_crash_prop:s0 tclass=file permissive=1
07-06 09:21:00.160   401   401 I keystore2: type=1400 audit(0.0:35): avc: denied { map } for path="/dev/__properties__/u:object_r:keystore_crash_prop:s0" dev="tmpfs" ino=11433 scontext=u:r:recovery:s0 tcontext=u:object_r:keystore_crash_prop:s0 tclass=file permissive=1
07-06 09:21:00.160     1     1 I unknown : type=1107 audit(0.0:36): uid=0 auid=4294967295 ses=4294967295 subj=u:r:init:s0 msg='avc: denied { set } for property=keystore.crash_count pid=401 uid=0 gid=1017 scontext=u:r:recovery:s0 tcontext=u:object_r:keystore_crash_prop:s0 tclass=property_service permissive=1'
07-06 09:21:00.160     1     1 I unknown : type=1107 audit(0.0:37): uid=0 auid=4294967295 ses=4294967295 subj=u:r:init:s0 msg='avc: denied { set } for property=hwservicemanager.ready pid=398 uid=0 gid=0 scontext=u:r:recovery:s0 tcontext=u:object_r:hwservicemanager_prop:s0 tclass=property_service permissive=1'
07-06 09:21:00.160   401   401 I Binder:401_2: type=1400 audit(0.0:38): avc: denied { call } for scontext=u:r:recovery:s0 tcontext=u:r:recovery:s0 tclass=binder permissive=1
07-06 09:21:00.160   401   401 I Binder:401_2: type=1400 audit(0.0:39): avc: denied { transfer } for scontext=u:r:recovery:s0 tcontext=u:r:recovery:s0 tclass=binder permissive=1
07-06 09:21:00.220   406   406 I recovery: type=1400 audit(0.0:40): avc: denied { getattr } for path="/sys/devices/virtual/thermal/thermal_zone3/temp" dev="sysfs" ino=31244 scontext=u:r:recovery:s0 tcontext=u:object_r:sysfs:s0 tclass=file permissive=1
07-06 09:21:00.220     1     1 I unknown : type=1107 audit(0.0:41): uid=0 auid=4294967295 ses=4294967295 subj=u:r:init:s0 msg='avc: denied { set } for property=orangefox.super.partition pid=406 uid=0 gid=0 scontext=u:r:recovery:s0 tcontext=u:object_r:default_prop:s0 tclass=property_service permissive=1'
07-06 09:21:00.240   406   406 I recovery: type=1400 audit(0.0:42): avc: denied { write } for name="brightness" dev="sysfs" ino=41907 scontext=u:r:recovery:s0 tcontext=u:object_r:sysfs:s0 tclass=file permissive=1
07-06 09:21:00.240   406   406 I recovery: type=1400 audit(0.0:43): avc: denied { open } for path="/sys/devices/platform/i2c_leds/leds/lcd-backlight/brightness" dev="sysfs" ino=41907 scontext=u:r:recovery:s0 tcontext=u:object_r:sysfs:s0 tclass=file permissive=1
07-06 09:21:00.260   415   415 I chmod   : type=1400 audit(0.0:44): avc: denied { setattr } for name="bash" dev="rootfs" ino=7325 scontext=u:r:recovery:s0 tcontext=u:object_r:rootfs:s0 tclass=file permissive=1
07-06 09:21:00.260     1     1 I unknown : type=1107 audit(0.0:45): uid=0 auid=4294967295 ses=4294967295 subj=u:r:init:s0 msg='avc: denied { set } for property=ro.product.device pid=406 uid=0 gid=0 scontext=u:r:recovery:s0 tcontext=u:object_r:build_prop:s0 tclass=property_service permissive=1'
07-06 09:21:00.291   406   406 W libc    : Unable to set property "ro.product.device" to "spaced": error code: 0xb
07-06 09:21:00.300   406   406 W libc    : Unable to set property "ro.fastbootd.available" to "1": error code: 0xb
07-06 09:21:00.307   406   406 I recovery: Boot command: boot-recovery
07-06 09:21:00.280   406   406 I recovery: type=1400 audit(0.0:46): avc: denied { write } for name="etc" dev="rootfs" ino=7600 scontext=u:r:recovery:s0 tcontext=u:object_r:rootfs:s0 tclass=dir permissive=1
07-06 09:21:00.280   406   406 I recovery: type=1400 audit(0.0:47): avc: denied { add_name } for name="mtab" scontext=u:r:recovery:s0 tcontext=u:object_r:rootfs:s0 tclass=dir permissive=1
07-06 09:21:00.280   406   406 I recovery: type=1400 audit(0.0:48): avc: denied { create } for name="mtab" scontext=u:r:recovery:s0 tcontext=u:object_r:rootfs:s0 tclass=lnk_file permissive=1
07-06 09:21:00.314   406   406 I recovery: [libfs_mgr]Created logical partition system on device /dev/block/dm-0
07-06 09:21:00.320   406   406 I recovery: [libfs_mgr]Created logical partition vendor on device /dev/block/dm-1
07-06 09:21:00.326   406   406 I recovery: [libfs_mgr]Created logical partition product on device /dev/block/dm-2
07-06 09:21:00.331   406   406 I recovery: [libfs_mgr]Created logical partition odm on device /dev/block/dm-3
07-06 09:21:00.332   406   406 I recovery: [libfs_mgr]Created logical partition system_ext on device /dev/block/dm-4
07-06 09:21:00.300   406   406 I recovery: type=1400 audit(0.0:49): avc: denied { create } for name="system_root" scontext=u:r:recovery:s0 tcontext=u:object_r:rootfs:s0 tclass=dir permissive=1
07-06 09:21:00.300   406   406 I recovery: type=1400 audit(0.0:50): avc: denied { ioctl } for path="/dev/block/dm-0" dev="tmpfs" ino=14391 ioctlcmd=0x5331 scontext=u:r:recovery:s0 tcontext=u:object_r:dm_device:s0 tclass=blk_file permissive=1
07-06 09:21:00.300   406   406 I recovery: type=1400 audit(0.0:51): avc: denied { sys_rawio } for capability=17 scontext=u:r:recovery:s0 tcontext=u:r:recovery:s0 tclass=capability permissive=1
07-06 09:21:00.440   406   406 I recovery: type=1400 audit(0.0:52): avc: denied { write } for name="by-name" dev="tmpfs" ino=11211 scontext=u:r:recovery:s0 tcontext=u:object_r:block_device:s0 tclass=dir permissive=1
07-06 09:21:00.440   406   406 I recovery: type=1400 audit(0.0:53): avc: denied { add_name } for name="system" scontext=u:r:recovery:s0 tcontext=u:object_r:block_device:s0 tclass=dir permissive=1
07-06 09:21:00.440   406   406 I recovery: type=1400 audit(0.0:54): avc: denied { create } for name="system" scontext=u:r:recovery:s0 tcontext=u:object_r:block_device:s0 tclass=lnk_file permissive=1
07-06 09:21:00.440   406   406 I recovery: type=1400 audit(0.0:55): avc: denied { remove_name } for name="system_ext" dev="rootfs" ino=10677 scontext=u:r:recovery:s0 tcontext=u:object_r:rootfs:s0 tclass=dir permissive=1
07-06 09:21:00.440   406   406 I recovery: type=1400 audit(0.0:56): avc: denied { unlink } for name="system_ext" dev="rootfs" ino=10677 scontext=u:r:recovery:s0 tcontext=u:object_r:rootfs:s0 tclass=lnk_file permissive=1
07-06 09:21:00.440   406   406 I recovery: type=1400 audit(0.0:57): avc: denied { ioctl } for path="/dev/block/dm-4" dev="tmpfs" ino=11989 ioctlcmd=0x5331 scontext=u:r:recovery:s0 tcontext=u:object_r:dm_device:s0 tclass=blk_file permissive=1
07-06 09:21:00.600   406   406 I recovery: type=1400 audit(0.0:58): avc: denied { ioctl } for path="/dev/block/dm-1" dev="tmpfs" ino=14396 ioctlcmd=0x5331 scontext=u:r:recovery:s0 tcontext=u:object_r:dm_device:s0 tclass=blk_file permissive=1
07-06 09:21:00.760   305   305 I kworker/7:2: type=1400 audit(0.0:59): avc: denied { search } for name="block" dev="tmpfs" ino=11205 scontext=u:r:kernel:s0 tcontext=u:object_r:block_device:s0 tclass=dir permissive=1
07-06 09:21:00.760   305   305 I kworker/7:2: type=1400 audit(0.0:60): avc: denied { read write } for name="sdc7" dev="tmpfs" ino=11666 scontext=u:r:kernel:s0 tcontext=u:object_r:block_device:s0 tclass=blk_file permissive=1
07-06 09:21:00.760   305   305 I kworker/7:2: type=1400 audit(0.0:61): avc: denied { open } for path="/dev/block/sdc7" dev="tmpfs" ino=11666 scontext=u:r:kernel:s0 tcontext=u:object_r:block_device:s0 tclass=blk_file permissive=1
07-06 09:21:00.800   406   406 I recovery: type=1400 audit(0.0:62): avc: denied { ioctl } for path="/dev/block/dm-2" dev="tmpfs" ino=14399 ioctlcmd=0x5331 scontext=u:r:recovery:s0 tcontext=u:object_r:dm_device:s0 tclass=blk_file permissive=1
07-06 09:21:00.880   406   406 I recovery: type=1400 audit(0.0:63): avc: denied { ioctl } for path="/dev/block/dm-3" dev="tmpfs" ino=14402 ioctlcmd=0x5331 scontext=u:r:recovery:s0 tcontext=u:object_r:dm_device:s0 tclass=blk_file permissive=1
07-06 09:21:01.000   406   406 I recovery: type=1400 audit(0.0:64): avc: denied { read } for name="dev" dev="sysfs" ino=36025 scontext=u:r:recovery:s0 tcontext=u:object_r:sysfs:s0 tclass=file permissive=1
07-06 09:21:01.000   406   406 I recovery: type=1400 audit(0.0:65): avc: denied { getattr } for path="/persist/.foxs" dev="sdc17" ino=46 scontext=u:r:recovery:s0 tcontext=u:object_r:media_rw_data_file:s0 tclass=file permissive=1
07-06 09:21:01.000   406   406 I recovery: type=1400 audit(0.0:66): avc: denied { read } for name=".foxs" dev="sdc17" ino=46 scontext=u:r:recovery:s0 tcontext=u:object_r:media_rw_data_file:s0 tclass=file permissive=1
07-06 09:21:01.000   406   406 I recovery: type=1400 audit(0.0:67): avc: denied { open } for path="/persist/.foxs" dev="sdc17" ino=46 scontext=u:r:recovery:s0 tcontext=u:object_r:media_rw_data_file:s0 tclass=file permissive=1
07-06 09:21:01.000     1     1 I unknown : type=1107 audit(0.0:68): uid=0 auid=4294967295 ses=4294967295 subj=u:r:init:s0 msg='avc: denied { set } for property=persist.sys.timezone pid=406 uid=0 gid=0 scontext=u:r:recovery:s0 tcontext=u:object_r:exported_system_prop:s0 tclass=property_service permissive=1'
07-06 09:21:01.183   398   398 E SELinux : avc:  denied  { find } for interface=android.hardware.keymaster::IKeymasterDevice sid=u:r:recovery:s0 pid=401 scontext=u:r:recovery:s0 tcontext=u:object_r:hal_keymaster_hwservice:s0 tclass=hwservice_manager permissive=1
07-06 09:21:01.183   398   398 I hwservicemanager: getTransport: Cannot find entry android.hardware.keymaster@4.0::IKeymasterDevice/default in either framework or device VINTF manifest.
07-06 09:21:01.184   401   401 E HidlServiceManagement: getService: Potential race detected. The VINTF manifest is not being enforced. If a HAL server has a delay in starting and it is not in the manifest, it will not be retrieved. Please make sure all HALs on this device are in the VINTF manifest and enable PRODUCT_ENFORCE_VINTF_MANIFEST on this device (this is also enabled by PRODUCT_FULL_TREBLE). PRODUCT_ENFORCE_VINTF_MANIFEST will ensure that no race condition is possible here.
07-06 09:21:01.188   407   407 E HidlServiceManagement: Could not find instance 'default' in library android.hardware.health@2.0-impl-default.so. Keeping library open.
07-06 09:21:01.160   407   407 I android.hardwar: type=1400 audit(0.0:69): avc: denied { getattr } for path="/dev/kmsg" dev="tmpfs" ino=11189 scontext=u:r:recovery:s0 tcontext=u:object_r:kmsg_device:s0 tclass=chr_file permissive=1
07-06 09:21:01.189   407   407 I android.hardware.health@2.1-service: default instance initializing with healthd_config...
07-06 09:21:01.189   398   398 E SELinux : avc:  denied  { add } for interface=android.hardware.health::IHealth sid=u:r:recovery:s0 pid=407 scontext=u:r:recovery:s0 tcontext=u:object_r:hal_health_hwservice:s0 tclass=hwservice_manager permissive=1
07-06 09:21:01.189   407   407 I HidlServiceManagement: Registered android.hardware.health@2.1::IHealth/default
07-06 09:21:01.190   407   407 I HidlServiceManagement: Removing namespace from process name android.hardware.health@2.1-service to health@2.1-service.
07-06 09:21:01.190   407   407 I android.hardware.health@2.1-service: default: Hal init done
07-06 09:21:01.160   407   407 I health@2.1-serv: type=1400 audit(0.0:70): avc: denied { wake_alarm } for capability=35 scontext=u:r:recovery:s0 tcontext=u:r:recovery:s0 tclass=capability2 permissive=1
07-06 09:21:01.160   407   407 I health@2.1-serv: type=1400 audit(0.0:71): avc: denied { create } for scontext=u:r:recovery:s0 tcontext=u:r:recovery:s0 tclass=netlink_kobject_uevent_socket permissive=1
07-06 09:21:01.160   407   407 I health@2.1-serv: type=1400 audit(0.0:72): avc: denied { setopt } for scontext=u:r:recovery:s0 tcontext=u:r:recovery:s0 tclass=netlink_kobject_uevent_socket permissive=1
07-06 09:21:01.160   407   407 I health@2.1-serv: type=1400 audit(0.0:73): avc: denied { getopt } for scontext=u:r:recovery:s0 tcontext=u:r:recovery:s0 tclass=netlink_kobject_uevent_socket permissive=1
07-06 09:21:01.160   407   407 I health@2.1-serv: type=1400 audit(0.0:74): avc: denied { bind } for scontext=u:r:recovery:s0 tcontext=u:r:recovery:s0 tclass=netlink_kobject_uevent_socket permissive=1
07-06 09:21:01.200   406   406 I recovery: type=1400 audit(0.0:75): avc: denied { ioctl } for path="/dev/block/dm-1" dev="tmpfs" ino=14396 ioctlcmd=0x5331 scontext=u:r:recovery:s0 tcontext=u:object_r:dm_device:s0 tclass=blk_file permissive=1
07-06 09:21:01.200   406   406 I recovery: type=1400 audit(0.0:76): avc: denied { ioctl } for path="/dev/block/dm-3" dev="tmpfs" ino=14402 ioctlcmd=0x5331 scontext=u:r:recovery:s0 tcontext=u:object_r:dm_device:s0 tclass=blk_file permissive=1
07-06 09:21:01.200   406   406 I recovery: type=1400 audit(0.0:77): avc: denied { write } for name="properties_serial" dev="tmpfs" ino=11548 scontext=u:r:recovery:s0 tcontext=u:object_r:properties_serial:s0 tclass=file permissive=1
07-06 09:21:01.200   406   406 I recovery: type=1400 audit(0.0:78): avc: denied { write } for name="u:object_r:vold_config_prop:s0" dev="tmpfs" ino=11534 scontext=u:r:recovery:s0 tcontext=u:object_r:vold_config_prop:s0 tclass=file permissive=1
07-06 09:21:01.200   406   406 I recovery: type=1400 audit(0.0:79): avc: denied { write } for name="u:object_r:storage_config_prop:s0" dev="tmpfs" ino=11496 scontext=u:r:recovery:s0 tcontext=u:object_r:storage_config_prop:s0 tclass=file permissive=1
07-06 09:21:01.200   406   406 I recovery: type=1400 audit(0.0:80): avc: denied { create } for name="additional.fstab" scontext=u:r:recovery:s0 tcontext=u:object_r:rootfs:s0 tclass=file permissive=1
07-06 09:21:01.200   406   406 I recovery: type=1400 audit(0.0:81): avc: denied { write } for path="/system/etc/additional.fstab" dev="rootfs" ino=12008 scontext=u:r:recovery:s0 tcontext=u:object_r:rootfs:s0 tclass=file permissive=1
07-06 09:21:01.640   406   406 I recovery: type=1400 audit(0.0:82): avc: denied { read write } for name="card0" dev="tmpfs" ino=13420 scontext=u:r:recovery:s0 tcontext=u:object_r:device:s0 tclass=chr_file permissive=1
07-06 09:21:01.640   406   406 I recovery: type=1400 audit(0.0:83): avc: denied { open } for path="/dev/dri/card0" dev="tmpfs" ino=13420 scontext=u:r:recovery:s0 tcontext=u:object_r:device:s0 tclass=chr_file permissive=1
07-06 09:21:01.640   406   406 I recovery: type=1400 audit(0.0:84): avc: denied { ioctl } for path="/dev/dri/card0" dev="tmpfs" ino=13420 ioctlcmd=0x640c scontext=u:r:recovery:s0 tcontext=u:object_r:device:s0 tclass=chr_file permissive=1
07-06 09:21:01.640   406   406 I recovery: type=1400 audit(0.0:85): avc: denied { map } for path="/dev/dri/card0" dev="tmpfs" ino=13420 scontext=u:r:recovery:s0 tcontext=u:object_r:device:s0 tclass=chr_file permissive=1
07-06 09:21:01.660   406   406 I recovery: type=1400 audit(0.0:86): avc: denied { execmem } for scontext=u:r:recovery:s0 tcontext=u:r:recovery:s0 tclass=process permissive=1
07-06 09:21:01.677   406   406 E ashmem  : memfd: ro.vndk.version not defined or invalid (), this is mandated since P.
07-06 09:21:01.660   406   406 I recovery: type=1400 audit(0.0:87): avc: denied { execute } for path="/dev/ashmem96e47204-5acd-4db1-b7ab-3b4912978cda" dev="tmpfs" ino=89 scontext=u:r:recovery:s0 tcontext=u:object_r:ashmem_libcutils_device:s0 tclass=chr_file permissive=1
07-06 09:21:01.677   406   406 I ArmToArm64Assembler: generated scanline__00000077:03010101_00008001_00000000 [195 ipp] (241 ins) at [0x6e33cf43c0:0x6e33cf4784] in 37769ns
07-06 09:21:01.695   406   406 I ArmToArm64Assembler: generated scanline__00000077:03545401_00000A01_00000000 [ 69 ipp] (113 ins) at [0x6e33cf4790:0x6e33cf4954] in 32000ns
07-06 09:21:01.698   406   406 I ArmToArm64Assembler: generated scanline__00000077:03545401_00000A08_00000000 [ 69 ipp] (116 ins) at [0x6e33cf4960:0x6e33cf4b30] in 27077ns
07-06 09:21:01.700   406   406 I recovery: type=1400 audit(0.0:88): avc: denied { ioctl } for path="/dev/block/dm-0" dev="tmpfs" ino=14391 ioctlcmd=0x5331 scontext=u:r:recovery:s0 tcontext=u:object_r:dm_device:s0 tclass=blk_file permissive=1
07-06 09:21:01.700   406   406 I recovery: type=1400 audit(0.0:89): avc: denied { ioctl } for path="/dev/block/dm-1" dev="tmpfs" ino=14396 ioctlcmd=0x5331 scontext=u:r:recovery:s0 tcontext=u:object_r:dm_device:s0 tclass=blk_file permissive=1
07-06 09:21:02.184   398   398 I hwservicemanager: Since android.hardware.keymaster@4.0::IKeymasterDevice/default is not registered, trying to start it as a lazy HAL.
07-06 09:21:02.184   398   398 I hwservicemanager: getTransport: Cannot find entry android.hardware.keymaster@3.0::IKeymasterDevice/default in either framework or device VINTF manifest.
07-06 09:21:02.184   401   401 E HidlServiceManagement: getService: Potential race detected. The VINTF manifest is not being enforced. If a HAL server has a delay in starting and it is not in the manifest, it will not be retrieved. Please make sure all HALs on this device are in the VINTF manifest and enable PRODUCT_ENFORCE_VINTF_MANIFEST on this device (this is also enabled by PRODUCT_FULL_TREBLE). PRODUCT_ENFORCE_VINTF_MANIFEST will ensure that no race condition is possible here.
07-06 09:21:02.160     1     1 I unknown : type=1107 audit(0.0:90): uid=0 auid=4294967295 ses=4294967295 subj=u:r:init:s0 msg='avc: denied { set } for property=ctl.interface_start$android.hardware.keymaster@4.0::IKeymasterDevice/default pid=398 uid=0 gid=0 scontext=u:r:recovery:s0 tcontext=u:object_r:ctl_interface_start_prop:s0 tclass=property_service permissive=1'
07-06 09:21:02.185   398   437 W libc    : Unable to set property "ctl.interface_start" to "android.hardware.keymaster@4.0::IKeymasterDevice/default": error code: 0x20
07-06 09:21:02.185   398   437 I hwservicemanager: Tried to start android.hardware.keymaster@4.0::IKeymasterDevice/default as a lazy service, but was unable to. Usually this happens when a service is not installed, but if the service is intended to be used as a lazy service, then it may be configured incorrectly.
07-06 09:21:02.940   406   406 I recovery: fscrypt_mount_metadata_encrypted: /data encrypt: 0 format: 0 with f2fs
07-06 09:21:02.943   406   406 I recovery: metadata_key_dir/key: /metadata/vold/metadata_encryption/key
07-06 09:21:02.920   406   406 I recovery: type=1400 audit(0.0:91): avc: denied { search } for name="vold" dev="sdc16" ino=16 scontext=u:r:recovery:s0 tcontext=u:object_r:vold_metadata_file:s0 tclass=dir permissive=1
07-06 09:21:02.943   406   406 I recovery: Key exists, using: /metadata/vold/metadata_encryption/key
07-06 09:21:02.943   406   406 I recovery: Retrieving key from keymaster
07-06 09:21:02.920   406   406 I recovery: type=1400 audit(0.0:92): avc: denied { read } for name="version" dev="sdc16" ino=64 scontext=u:r:recovery:s0 tcontext=u:object_r:vold_metadata_file:s0 tclass=file permissive=1
07-06 09:21:02.920   406   406 I recovery: type=1400 audit(0.0:93): avc: denied { open } for path="/metadata/vold/metadata_encryption/key/version" dev="sdc16" ino=64 scontext=u:r:recovery:s0 tcontext=u:object_r:vold_metadata_file:s0 tclass=file permissive=1
07-06 09:21:02.920   406   406 I recovery: type=1400 audit(0.0:94): avc: denied { getattr } for path="/metadata/vold/metadata_encryption/key/version" dev="sdc16" ino=64 scontext=u:r:recovery:s0 tcontext=u:object_r:vold_metadata_file:s0 tclass=file permissive=1
07-06 09:21:02.944   406   406 D ProcessState: Binder ioctl to enable oneway spam detection failed: Invalid argument
07-06 09:21:02.945   399   399 E SELinux : avc:  denied  { find } for pid=406 uid=0 name=android.system.keystore2.IKeystoreService/default scontext=u:r:recovery:s0 tcontext=u:object_r:keystore_service:s0 tclass=service_manager permissive=1
07-06 09:21:02.945   399   399 I servicemanager: Since 'android.system.keystore2.IKeystoreService/default' could not be found, trying to start it as a lazy AIDL service
07-06 09:21:02.945   399   438 W libc    : Unable to set property "ctl.interface_start" to "aidl/android.system.keystore2.IKeystoreService/default": error code: 0x20
07-06 09:21:02.945   399   438 I servicemanager: Tried to start aidl service android.system.keystore2.IKeystoreService/default as a lazy service, but was unable to. Usually this happens when a service is not installed, but if the service is intended to be used as a lazy service, then it may be configured incorrectly.
07-06 09:21:03.185   398   398 I hwservicemanager: Since android.hardware.keymaster@3.0::IKeymasterDevice/default is not registered, trying to start it as a lazy HAL.
07-06 09:21:03.185   401   401 E keystore2: keystore2_main: panicked at 'Failed to create service android.system.keystore2.IKeystoreService/default because of In KeystoreService::new_native_binder: Trying to construct mandatory security level TEE.
07-06 09:21:03.185   401   401 E keystore2: 
07-06 09:21:03.185   401   401 E keystore2: Caused by:
07-06 09:21:03.185   401   401 E keystore2:     0: In KeystoreSecurityLevel::new_native_binder.
07-06 09:21:03.185   401   401 E keystore2:     1: In get_keymint_device.
07-06 09:21:03.185   401   401 E keystore2:     2: In connect_keymint: Trying to get Legacy wrapper.
07-06 09:21:03.185   401   401 E keystore2:     3: Error::Km(ErrorCode(-68)).', system/security/keystore2/src/keystore2_main.rs:82:9
--------- beginning of crash
07-06 09:21:03.185   401   401 F libc    : Fatal signal 6 (SIGABRT), code -1 (SI_QUEUE) in tid 401 (Binder:401_2), pid 401 (Binder:401_2)
07-06 09:21:03.185   398   439 W libc    : Unable to set property "ctl.interface_start" to "android.hardware.keymaster@3.0::IKeymasterDevice/default": error code: 0x20
07-06 09:21:03.185   398   439 I hwservicemanager: Tried to start android.hardware.keymaster@3.0::IKeymasterDevice/default as a lazy service, but was unable to. Usually this happens when a service is not installed, but if the service is intended to be used as a lazy service, then it may be configured incorrectly.
07-06 09:21:03.186   441   441 F libc    : failed to exec crash_dump helper: No such file or directory
07-06 09:21:03.187   401   401 F libc    : crash_dump helper failed to exec, or was killed
07-06 09:21:03.187   401   401 F libc    : failed to wait for crash_dump helper: No child processes
07-06 09:21:03.500   407   407 I health@2.1-serv: type=1400 audit(0.0:95): avc: denied { read } for scontext=u:r:recovery:s0 tcontext=u:r:recovery:s0 tclass=netlink_kobject_uevent_socket permissive=1
07-06 09:21:03.945   406   406 W ServiceManager: Waited one second for android.system.keystore2.IKeystoreService/default (is service started? are binder threads started and available?)
07-06 09:21:03.945   399   399 I servicemanager: Since 'android.system.keystore2.IKeystoreService/default' could not be found, trying to start it as a lazy AIDL service
07-06 09:21:03.945   399   442 W libc    : Unable to set property "ctl.interface_start" to "aidl/android.system.keystore2.IKeystoreService/default": error code: 0x20
07-06 09:21:03.946   399   442 I servicemanager: Tried to start aidl service android.system.keystore2.IKeystoreService/default as a lazy service, but was unable to. Usually this happens when a service is not installed, but if the service is intended to be used as a lazy service, then it may be configured incorrectly.
07-06 09:21:04.945   406   406 W ServiceManager: Waited one second for android.system.keystore2.IKeystoreService/default (is service started? are binder threads started and available?)
07-06 09:21:04.945   399   399 I servicemanager: Since 'android.system.keystore2.IKeystoreService/default' could not be found, trying to start it as a lazy AIDL service
07-06 09:21:04.946   399   443 W libc    : Unable to set property "ctl.interface_start" to "aidl/android.system.keystore2.IKeystoreService/default": error code: 0x20
07-06 09:21:04.946   399   443 I servicemanager: Tried to start aidl service android.system.keystore2.IKeystoreService/default as a lazy service, but was unable to. Usually this happens when a service is not installed, but if the service is intended to be used as a lazy service, then it may be configured incorrectly.
07-06 09:21:05.174   444   444 I keystore2: keystore2_main: Keystore2 is starting.
07-06 09:21:05.175   444   444 I keystore2: keystore2_main: Starting thread pool now.
07-06 09:21:05.175   444   444 D ProcessState: Binder ioctl to enable oneway spam detection failed: Invalid argument
07-06 09:21:05.175   444   444 I keystore2: getDeviceHalManifest: Reading VINTF information.
07-06 09:21:05.178   444   444 I keystore2: getDeviceHalManifest: Successfully processed VINTF information
07-06 09:21:05.178   444   446 I keystore2: keystore2::shared_secret_negotiation: Shared secret negotiation concluded successfully.
07-06 09:21:05.179   444   444 D hw-ProcessState: Binder ioctl to enable oneway spam detection failed: Invalid argument
07-06 09:21:05.179   444   444 E cutils-trace: Error opening trace file: No such file or directory (2)
07-06 09:21:05.179   444   444 E HidlServiceManagement: getService: Potential race detected. The VINTF manifest is not being enforced. If a HAL server has a delay in starting and it is not in the manifest, it will not be retrieved. Please make sure all HALs on this device are in the VINTF manifest and enable PRODUCT_ENFORCE_VINTF_MANIFEST on this device (this is also enabled by PRODUCT_FULL_TREBLE). PRODUCT_ENFORCE_VINTF_MANIFEST will ensure that no race condition is possible here.
07-06 09:21:05.204   445   445 I adbd    : persist.adb.watchdog set to ''
07-06 09:21:05.204   445   445 I adbd    : persist.sys.test_harness set to ''
07-06 09:21:05.204   445   445 I adbd    : adb watchdog timeout set to 600 seconds
07-06 09:21:05.205   445   445 I adbd    : adbd started
07-06 09:21:05.205   445   452 I adbd    : opening control endpoint /dev/usb-ffs/adb/ep0
07-06 09:21:05.205   445   450 I adbd    : Waiting for persist.adb.tls_server.enable=1
07-06 09:21:05.206   445   452 I adbd    : UsbFfsConnection constructed
07-06 09:21:05.206   445   453 I adbd    : UsbFfs-monitor thread spawned
07-06 09:21:05.206   445   453 I adbd    : USB event: FUNCTIONFS_BIND
07-06 09:21:05.599   445   453 I adbd    : USB event: FUNCTIONFS_ENABLE
07-06 09:21:05.600   445   454 I adbd    : UsbFfs-worker thread spawned
07-06 09:21:05.946   406   406 W ServiceManager: Waited one second for android.system.keystore2.IKeystoreService/default (is service started? are binder threads started and available?)
07-06 09:21:05.946   399   399 I servicemanager: Since 'android.system.keystore2.IKeystoreService/default' could not be found, trying to start it as a lazy AIDL service
07-06 09:21:05.946   399   455 W libc    : Unable to set property "ctl.interface_start" to "aidl/android.system.keystore2.IKeystoreService/default": error code: 0x20
07-06 09:21:05.946   399   455 I servicemanager: Tried to start aidl service android.system.keystore2.IKeystoreService/default as a lazy service, but was unable to. Usually this happens when a service is not installed, but if the service is intended to be used as a lazy service, then it may be configured incorrectly.
07-06 09:21:06.060   445   445 I adbd    : UsbFfs: already offline
07-06 09:21:06.060   445   445 I adbd    : authentication not required
07-06 09:21:06.179   398   398 I hwservicemanager: getTransport: Cannot find entry android.hardware.keymaster@4.0::IKeymasterDevice/default in either framework or device VINTF manifest.
07-06 09:21:06.179   444   444 E HidlServiceManagement: getService: Potential race detected. The VINTF manifest is not being enforced. If a HAL server has a delay in starting and it is not in the manifest, it will not be retrieved. Please make sure all HALs on this device are in the VINTF manifest and enable PRODUCT_ENFORCE_VINTF_MANIFEST on this device (this is also enabled by PRODUCT_FULL_TREBLE). PRODUCT_ENFORCE_VINTF_MANIFEST will ensure that no race condition is possible here.
07-06 09:21:06.946   406   406 W ServiceManager: Waited one second for android.system.keystore2.IKeystoreService/default (is service started? are binder threads started and available?)
07-06 09:21:06.946   399   399 I servicemanager: Since 'android.system.keystore2.IKeystoreService/default' could not be found, trying to start it as a lazy AIDL service
07-06 09:21:06.946   399   456 W libc    : Unable to set property "ctl.interface_start" to "aidl/android.system.keystore2.IKeystoreService/default": error code: 0x20
07-06 09:21:06.946   399   456 I servicemanager: Tried to start aidl service android.system.keystore2.IKeystoreService/default as a lazy service, but was unable to. Usually this happens when a service is not installed, but if the service is intended to be used as a lazy service, then it may be configured incorrectly.
07-06 09:21:07.179   398   398 I hwservicemanager: Since android.hardware.keymaster@4.0::IKeymasterDevice/default is not registered, trying to start it as a lazy HAL.
07-06 09:21:07.180   398   398 I hwservicemanager: getTransport: Cannot find entry android.hardware.keymaster@3.0::IKeymasterDevice/default in either framework or device VINTF manifest.
07-06 09:21:07.180   444   444 E HidlServiceManagement: getService: Potential race detected. The VINTF manifest is not being enforced. If a HAL server has a delay in starting and it is not in the manifest, it will not be retrieved. Please make sure all HALs on this device are in the VINTF manifest and enable PRODUCT_ENFORCE_VINTF_MANIFEST on this device (this is also enabled by PRODUCT_FULL_TREBLE). PRODUCT_ENFORCE_VINTF_MANIFEST will ensure that no race condition is possible here.
07-06 09:21:07.180   398   457 W libc    : Unable to set property "ctl.interface_start" to "android.hardware.keymaster@4.0::IKeymasterDevice/default": error code: 0x20
07-06 09:21:07.180   398   457 I hwservicemanager: Tried to start android.hardware.keymaster@4.0::IKeymasterDevice/default as a lazy service, but was unable to. Usually this happens when a service is not installed, but if the service is intended to be used as a lazy service, then it may be configured incorrectly.
