07-05 16:21:51.396     0     0 E         : [sensorHub] scp_sensorHub_req_send fail!
07-05 16:21:51.436     0     0 I         : mt635x-auxadc mt635x-auxadc: name:VCDT, channel=2, adc_out=0x49d, adc_result=518
07-05 16:21:51.436     0     0 I         : [OPLUS_CHG][oplus_mt6370_input_current_limit_write]usb input max current limit aicl chg_vol=4901 i[1]=500 sw_aicl_point:4550 aicl_end
07-05 16:21:51.436     0     0 I         : mt6370_pmu_charger mt6370_pmu_charger: __mt6370_set_ieoc: ieoc = 270000 (0x03)
07-05 16:21:51.438     0     0 I         : vbat_out_old=38640, vthr=687, T_curr=404, vbat_out=38676
07-05 16:21:52.125   408   408 E HidlServiceManagement: getService: Potential race detected. The VINTF manifest is not being enforced. If a HAL server has a delay in starting and it is not in the manifest, it will not be retrieved. Please make sure all HALs on this device are in the VINTF manifest and enable PRODUCT_ENFORCE_VINTF_MANIFEST on this device (this is also enabled by PRODUCT_FULL_TREBLE). PRODUCT_ENFORCE_VINTF_MANIFEST will ensure that no race condition is possible here.
07-05 16:21:51.438     0     0 I         : mt635x-auxadc mt635x-auxadc: name:BATADC, channel=0, adc_out=0x5b9a, adc_result=3868
07-05 16:21:51.440     0     0 I         : vbat_out_old=38640, vthr=687, T_curr=404, vbat_out=38676
07-05 16:21:51.440     0     0 I         : mt635x-auxadc mt635x-auxadc: name:BATADC, channel=0, adc_out=0x5b9b, adc_result=3868
07-05 16:21:51.442     0     0 I         : vbat_out_old=38630, vthr=686, T_curr=410, vbat_out=38668
07-05 16:21:51.442     0     0 I         : mt635x-auxadc mt635x-auxadc: name:BATADC, channel=0, adc_out=0x5b96, adc_result=3867
07-05 16:21:51.442     0     0 I         : [fgauge_read_current] final current=1036 (ratio=1000)
07-05 16:21:51.442     0     0 I         : [fgauge_read_current] final current=1036 (ratio=1000)
07-05 16:21:51.442     0     0 I         : [fgauge_read_current] final current=1036 (ratio=1000)
07-05 16:21:51.442     0     0 I         : [CH3_DBG] bat_cur = 1036
07-05 16:21:51.443     0     0 I         : [fgauge_read_current] final current=1014 (ratio=1000)
07-05 16:21:51.443     0     0 I         : [BattVoltToTemp] 1116 12000 2800 -1
07-05 16:21:51.443     0     0 I         : [force_get_tbat_internal] tbat_precise bat_temperature_val:356
07-05 16:21:51.443     0     0 I [force_get_tbat] t: 35 precise:356
07-05 16:21:51.444     0     0 E         : [OPLUS_CHG][oplus_chg_print_bcc_log]BCC[52 / 52 / 52 / 3858 / -103 / 356 / 4882 / 0]
07-05 16:21:51.444     0     0 I         : mt6370_pmu_charger mt6370_pmu_charger: __mt6370_set_mivr: mivr = 4500000 (0x06)
07-05 16:21:51.445     0     0 I         : mt6370_pmu_charger mt6370_pmu_charger: __mt6370_set_cv: bat voreg = 4435000 (0x35)
07-05 16:21:51.445     0     0 I         : [OPLUS_CHG][bq25601d_float_voltage_write]bq25601d_set_float_voltage vfloat_mv = 4435 value=144
07-05 16:21:51.445     0     0 E         : [OPLUS_CHG][oplus_mt6370_charging_current_write_fast]set fast charge current:2300 main_cur:2300
07-05 16:21:51.446     0     0 I         : [OPLUS_CHG][oplus_chg_check_tbatt_normal_status]tbatt_normal_status status change, [2 160 220 340 370 400 430]
07-05 16:21:51.446     0     0 I         : [OPLUS_CHG][oplus_mt6370_registers_read_full]registers read full
07-05 16:21:51.536     0     0 E         : get prop 4 is not supported in batt
07-05 16:21:51.536     0     0 I         : [fgauge_read_current] final current=1190 (ratio=1000)
07-05 16:21:51.536     0     0 I         : [fgauge_read_current] final current=1136 (ratio=1000)
07-05 16:21:51.637     0     0 I SELinux : Permission nlmsg_getneigh in class netlink_route_socket not defined in policy.
07-05 16:21:51.637     0     0 I SELinux : the above unknown classes and permissions will be denied
07-05 16:21:51.637     0     0 I SELinux : policy capability network_peer_controls=1
07-05 16:21:51.637     0     0 I SELinux : policy capability open_perms=1
07-05 16:21:51.637     0     0 I SELinux : policy capability extended_socket_class=1
07-05 16:21:51.637     0     0 I SELinux : policy capability always_check_network=0
07-05 16:21:51.637     0     0 I SELinux : policy capability cgroup_seclabel=0
07-05 16:21:51.637     0     0 I SELinux : policy capability nnp_nosuid_transition=1
07-05 16:21:51.776     0     0 W         : oplus_custome_sync_work is called
07-05 16:21:51.776     0     0 W oplus_custome_sync_work: file /dev/block/by-name/oplus_custom is no exit
07-05 16:21:51.720   398   398 W auditd  : type=1403 audit(0.0:2): auid=4294967295 ses=4294967295 lsm=selinux res=1
07-05 16:21:51.876     0     0 I mtk-msdc externdevice: mmc0: clock 0Hz busmode 2 powermode 0 cs 0 Vdd 0 width 1 timing 0
07-05 16:21:51.878     0     0 E mmc0    : [SDLOCK] sdcard is unlocked on suspend and set auto_unlock = true.
07-05 16:21:51.938     0     0 I         : mt6370_pmu_charger mt6370_pmu_charger: mt6370_dump_register: ICHG = 2300mA, AICR = 500mA, MIVR = 4500mV, IEOC = 250mA, CV = 4430mV
07-05 16:21:51.938     0     0 I         : mt6370_pmu_charger mt6370_pmu_charger: mt6370_dump_register: VSYS = 3865mV, VBAT = 3835mV, IBAT = 100mA, IBUS = 450mA, VBUS = 4925mV
07-05 16:21:51.938     0     0 I         : mt6370_pmu_charger mt6370_pmu_charger: mt6370_dump_register: CHG_EN = 1, CHG_STATUS = progress, CHG_STAT = 0xA0
07-05 16:21:51.938     0     0 I         : mt6370_pmu_charger mt6370_pmu_charger: mt6370_dump_register: CHG_CTRL1 = 0x10, CHG_CTRL2 = 0x1B
07-05 16:21:51.976     0     0 E         : [sensor_devinfo] read_oplus_custom 432 : failed to open file /dev/block/by-name/oplus_custom 000000009cef6704 -1
07-05 16:21:51.976     0     0 E         : [sensor_devinfo] sensor_read_oplus_custom 492 : read_oplus_custom error = -1
07-05 16:21:51.976     0     0 E         : [sensor_devinfo] sensor_devinfo_work 1274 : try 7
07-05 16:21:51.920     1     1 I init    : type=1400 audit(0.0:3): avc: denied { write } for name="kernel_init_done" dev="sysfs" ino=19467 scontext=u:r:init:s0 tcontext=u:object_r:sysfs:s0 tclass=file permissive=1
07-05 16:21:51.920     1     1 I init    : type=1400 audit(0.0:4): avc: denied { open } for path="/sys/module/musb_hdrc/parameters/kernel_init_done" dev="sysfs" ino=19467 scontext=u:r:init:s0 tcontext=u:object_r:sysfs:s0 tclass=file permissive=1
07-05 16:21:51.960   386   386 I ueventd : type=1400 audit(0.0:5): avc: denied { sys_nice } for capability=23 scontext=u:r:ueventd:s0 tcontext=u:r:ueventd:s0 tclass=capability permissive=1
07-05 16:21:52.021     0     0 E         : get prop 4 is not supported in batt
07-05 16:21:52.021     0     0 I         : [fgauge_read_current] final current=1440 (ratio=1000)
07-05 16:21:52.021     0     0 I         : [fgauge_read_current] final current=1440 (ratio=1000)
07-05 16:21:52.115     0     0 I bootmode: 0x2 boottype: 0x2
07-05 16:21:52.115     0     0 I         : cannot find "androidboot.usbconfig="
07-05 16:21:52.116     0     0 I         : file system registered
07-05 16:21:52.118     0     0 I         : Mass Storage Function, version: 2009/09/11
07-05 16:21:52.118     0     0 I LUN     : removable file: (no medium)
07-05 16:21:52.060   401   401 I vndservicemanag: type=1400 audit(0.0:6): avc: denied { read } for name="vndbinder" dev="binder" ino=6 scontext=u:r:recovery:s0 tcontext=u:object_r:vndbinder_device:s0 tclass=chr_file permissive=1
07-05 16:21:52.060   398   398 I init    : type=1400 audit(0.0:7): avc: denied { entrypoint } for path="/system/bin/logd" dev="rootfs" ino=7455 scontext=u:r:logd:s0 tcontext=u:object_r:rootfs:s0 tclass=file permissive=1
07-05 16:21:52.060   398   398 I logd    : type=1400 audit(0.0:8): avc: denied { map } for path="/system/bin/logd" dev="rootfs" ino=7455 scontext=u:r:logd:s0 tcontext=u:object_r:rootfs:s0 tclass=file permissive=1
07-05 16:21:52.060   398   398 I logd    : type=1400 audit(0.0:9): avc: denied { read } for path="/system/bin/logd" dev="rootfs" ino=7455 scontext=u:r:logd:s0 tcontext=u:object_r:rootfs:s0 tclass=file permissive=1
07-05 16:21:52.060   398   398 I logd    : type=1400 audit(0.0:10): avc: denied { execute } for path="/system/bin/logd" dev="rootfs" ino=7455 scontext=u:r:logd:s0 tcontext=u:object_r:rootfs:s0 tclass=file permissive=1
07-05 16:21:52.127     0     0 I binder  : 401:401 ioctl 40046210 7fd8f3bfe4 returned -22
07-05 16:21:52.128   410   410 I TeeMcDaemon: Registry search paths: [vendor/mediatek/proprietary/trustzone/trustonic/source/external/mobicore/common/500/Daemon/src/MobiCoreDriverDaemon.cpp:228]
07-05 16:21:52.128   410   410 I TeeMcDaemon:   /data/vendor/mcRegistry [vendor/mediatek/proprietary/trustzone/trustonic/source/external/mobicore/common/500/Daemon/src/MobiCoreDriverDaemon.cpp:230]
07-05 16:21:52.129   410   410 I TeeMcDaemon:   /vendor/app/mcRegistry [vendor/mediatek/proprietary/trustzone/trustonic/source/external/mobicore/common/500/Daemon/src/MobiCoreDriverDaemon.cpp:230]
07-05 16:21:52.129   410   410 I TeeMcDaemon:   /system/app/mcRegistry [vendor/mediatek/proprietary/trustzone/trustonic/source/external/mobicore/common/500/Daemon/src/MobiCoreDriverDaemon.cpp:230]
07-05 16:21:52.129   410   410 I TeeMcDaemon:   /odm/vendor/app/mcRegistry [vendor/mediatek/proprietary/trustzone/trustonic/source/external/mobicore/common/500/Daemon/src/MobiCoreDriverDaemon.cpp:230]
07-05 16:21:52.129   410   410 I TeeMcDaemon: Initialise Secure World [vendor/mediatek/proprietary/trustzone/trustonic/source/external/mobicore/common/500/Daemon/src/MobiCoreDriverDaemon.cpp:260]
07-05 16:21:52.129   410   410 I TeeMcDaemon: driver version: v8.3 [vendor/mediatek/proprietary/trustzone/trustonic/source/external/mobicore/common/500/Daemon/src/SecureWorld.cpp:223]
07-05 16:21:52.129   410   410 I TeeMcDaemon: driver version: v8.3 [vendor/mediatek/proprietary/trustzone/trustonic/source/external/mobicore/common/500/ClientLib/src/driver.cpp:104]
07-05 16:21:52.129   410   410 I TeeMcDaemon: driver open [vendor/mediatek/proprietary/trustzone/trustonic/source/external/mobicore/common/500/ClientLib/src/driver.cpp:109]
07-05 16:21:52.129   410   410 I TeeMcDaemon: driver closed [vendor/mediatek/proprietary/trustzone/trustonic/source/external/mobicore/common/500/ClientLib/src/driver.cpp:120]
07-05 16:21:52.129   410   410 I TeeMcDaemon: TEE is ready, version: t-base-MTK-A64-Android-500a-V013-20220819_121213_48235_105528 [vendor/mediatek/proprietary/trustzone/trustonic/source/external/mobicore/common/500/Daemon/src/SecureWorld.cpp:287]
07-05 16:21:52.129   410   410 I TeeMcDaemon: Load decryption key [vendor/mediatek/proprietary/trustzone/trustonic/source/external/mobicore/common/500/Daemon/src/MobiCoreDriverDaemon.cpp:270]
07-05 16:21:52.129   410   410 W TeeMcDaemon: Cannot open key SO  (No such file or directory) [vendor/mediatek/proprietary/trustzone/trustonic/source/external/mobicore/common/500/Daemon/src/SecureWorld.cpp:445]
07-05 16:21:52.129   410   410 W TeeMcDaemon: key decryption  missing, ignore [vendor/mediatek/proprietary/trustzone/trustonic/source/external/mobicore/common/500/Daemon/src/MobiCoreDriverDaemon.cpp:276]
07-05 16:21:52.129   410   410 I TeeMcDaemon: t-base-MTK-A64-Android-500a-V009-20210919_233904_29714_105404 [vendor/mediatek/proprietary/trustzone/trustonic/source/external/mobicore/common/500/Daemon/src/MobiCoreDriverDaemon.cpp:297]
07-05 16:21:52.129   410   410 I TeeMcDaemon: Specific partition path used for Store_1.tf, stored in /mnt/vendor/persist/mcRegistry [vendor/mediatek/proprietary/trustzone/trustonic/source/external/mobicore/common/500/Daemon/src/FSD2.cpp:398]
07-05 16:21:52.129   410   410 I TeeMcDaemon: Start services [vendor/mediatek/proprietary/trustzone/trustonic/source/external/mobicore/common/500/Daemon/src/MobiCoreDriverDaemon.cpp:325]
07-05 16:21:52.129   410   410 I TeeMcDaemon: * start secure world interface [vendor/mediatek/proprietary/trustzone/trustonic/source/external/mobicore/common/500/Daemon/src/MobiCoreDriverDaemon.cpp:329]
07-05 16:21:52.130   410   410 I TeeMcDaemon: * start filesystem [vendor/mediatek/proprietary/trustzone/trustonic/source/external/mobicore/common/500/Daemon/src/MobiCoreDriverDaemon.cpp:329]
07-05 16:21:52.130   410   410 I TeeMcDaemon: driver version: v8.3 [vendor/mediatek/proprietary/trustzone/trustonic/source/external/mobicore/common/500/ClientLib/src/driver.cpp:104]
07-05 16:21:52.130   410   410 I TeeMcDaemon: driver open [vendor/mediatek/proprietary/trustzone/trustonic/source/external/mobicore/common/500/ClientLib/src/driver.cpp:109]
07-05 16:21:52.130   410   415 I TeeMcDaemon: Start listening to secure world [vendor/mediatek/proprietary/trustzone/trustonic/source/external/mobicore/common/500/Daemon/src/SecureWorld.cpp:507]
07-05 16:21:52.060     1     1 I init    : type=1400 audit(0.0:28): avc: denied { mounton } for path="/dev/usb-ffs/adb" dev="functionfs" ino=11959 scontext=u:r:init:s0 tcontext=u:object_r:functionfs:s0 tclass=dir permissive=1
07-05 16:21:52.060     1     1 I init    : type=1400 audit(0.0:29): avc: denied { write } for name="otg_switch" dev="sysfs" ino=42519 scontext=u:r:init:s0 tcontext=u:object_r:sysfs:s0 tclass=file permissive=1
07-05 16:21:52.060     1     1 I init    : type=1400 audit(0.0:30): avc: denied { open } for path="/sys/devices/virtual/oplus_chg/usb/otg_switch" dev="sysfs" ino=42519 scontext=u:r:init:s0 tcontext=u:object_r:sysfs:s0 tclass=file permissive=1
07-05 16:21:52.080   408   408 I android.hardwar: type=1400 audit(0.0:31): avc: denied { write } for path="/dev/kmsg" dev="tmpfs" ino=11291 scontext=u:r:recovery:s0 tcontext=u:object_r:kmsg_device:s0 tclass=chr_file permissive=1
07-05 16:21:52.080   399   399 I hwservicemanage: type=1400 audit(0.0:32): avc: denied { create } for scontext=u:r:recovery:s0 tcontext=u:r:recovery:s0 tclass=netlink_selinux_socket permissive=1
07-05 16:21:52.080   399   399 I hwservicemanage: type=1400 audit(0.0:33): avc: denied { bind } for scontext=u:r:recovery:s0 tcontext=u:r:recovery:s0 tclass=netlink_selinux_socket permissive=1
07-05 16:21:52.140   414   414 D hw-ProcessState: Binder ioctl to enable oneway spam detection failed: Invalid argument
07-05 16:21:52.100     1     1 I unknown : type=1107 audit(0.0:34): uid=0 auid=4294967295 ses=4294967295 subj=u:r:init:s0 msg='avc: denied { set } for property=hwservicemanager.ready pid=399 uid=0 gid=0 scontext=u:r:recovery:s0 tcontext=u:object_r:hwservicemanager_prop:s0 tclass=property_service permissive=1'
07-05 16:21:52.100   408   408 I android.hardwar: type=1400 audit(0.0:35): avc: denied { call } for scontext=u:r:recovery:s0 tcontext=u:r:recovery:s0 tclass=binder permissive=1
07-05 16:21:52.141   414   414 E cutils-trace: Error opening trace file: No such file or directory (2)
07-05 16:21:52.100   410   410 I mcDriverDaemon: type=1400 audit(0.0:36): avc: denied { read write } for name="mobicore" dev="tmpfs" ino=12335 scontext=u:r:recovery:s0 tcontext=u:object_r:device:s0 tclass=chr_file permissive=1
07-05 16:21:52.100   410   410 I mcDriverDaemon: type=1400 audit(0.0:37): avc: denied { open } for path="/dev/mobicore" dev="tmpfs" ino=12335 scontext=u:r:recovery:s0 tcontext=u:object_r:device:s0 tclass=chr_file permissive=1
07-05 16:21:52.100   410   410 I mcDriverDaemon: type=1400 audit(0.0:38): avc: denied { ioctl } for path="/dev/mobicore" dev="tmpfs" ino=12335 ioctlcmd=0x4d01 scontext=u:r:recovery:s0 tcontext=u:object_r:device:s0 tclass=chr_file permissive=1
07-05 16:21:52.141   399   399 E SELinux : avc:  denied  { find } for interface=android.hardware.gatekeeper::IGatekeeper sid=u:r:recovery:s0 pid=414 scontext=u:r:recovery:s0 tcontext=u:object_r:hal_gatekeeper_hwservice:s0 tclass=hwservice_manager permissive=1
07-05 16:21:52.141   414   414 E HidlServiceManagement: getService: Potential race detected. The VINTF manifest is not being enforced. If a HAL server has a delay in starting and it is not in the manifest, it will not be retrieved. Please make sure all HALs on this device are in the VINTF manifest and enable PRODUCT_ENFORCE_VINTF_MANIFEST on this device (this is also enabled by PRODUCT_FULL_TREBLE). PRODUCT_ENFORCE_VINTF_MANIFEST will ensure that no race condition is possible here.
07-05 16:21:52.143   402   402 I keystore2: keystore2_main: Keystore2 is starting.
07-05 16:21:52.120   402   402 I keystore2: type=1400 audit(0.0:39): avc: denied { read } for name="u:object_r:keystore_crash_prop:s0" dev="tmpfs" ino=11487 scontext=u:r:recovery:s0 tcontext=u:object_r:keystore_crash_prop:s0 tclass=file permissive=1
07-05 16:21:52.120   402   402 I keystore2: type=1400 audit(0.0:40): avc: denied { open } for path="/dev/__properties__/u:object_r:keystore_crash_prop:s0" dev="tmpfs" ino=11487 scontext=u:r:recovery:s0 tcontext=u:object_r:keystore_crash_prop:s0 tclass=file permissive=1
07-05 16:21:52.120   402   402 I keystore2: type=1400 audit(0.0:41): avc: denied { getattr } for path="/dev/__properties__/u:object_r:keystore_crash_prop:s0" dev="tmpfs" ino=11487 scontext=u:r:recovery:s0 tcontext=u:object_r:keystore_crash_prop:s0 tclass=file permissive=1
07-05 16:21:52.120   402   402 I keystore2: type=1400 audit(0.0:42): avc: denied { map } for path="/dev/__properties__/u:object_r:keystore_crash_prop:s0" dev="tmpfs" ino=11487 scontext=u:r:recovery:s0 tcontext=u:object_r:keystore_crash_prop:s0 tclass=file permissive=1
07-05 16:21:52.120     1     1 I unknown : type=1107 audit(0.0:43): uid=0 auid=4294967295 ses=4294967295 subj=u:r:init:s0 msg='avc: denied { set } for property=keystore.crash_count pid=402 uid=0 gid=1017 scontext=u:r:recovery:s0 tcontext=u:object_r:keystore_crash_prop:s0 tclass=property_service permissive=1'
07-05 16:21:52.144   402   402 I keystore2: keystore2_main: Starting thread pool now.
07-05 16:21:52.144   402   402 D ProcessState: Binder ioctl to enable oneway spam detection failed: Invalid argument
07-05 16:21:52.144   402   402 I keystore2: getDeviceHalManifest: Reading VINTF information.
07-05 16:21:52.152   402   402 I keystore2: getDeviceHalManifest: Successfully processed VINTF information
07-05 16:21:52.120   402   402 I Binder:402_2: type=1400 audit(0.0:44): avc: denied { transfer } for scontext=u:r:recovery:s0 tcontext=u:r:recovery:s0 tclass=binder permissive=1
07-05 16:21:52.153   400   400 E SELinux : avc:  denied  { add } for pid=402 uid=0 name=android.security.compat scontext=u:r:recovery:s0 tcontext=u:object_r:keystore_compat_hal_service:s0 tclass=service_manager permissive=1
07-05 16:21:52.153   400   400 E SELinux : avc:  denied  { find } for pid=402 uid=0 name=android.security.compat scontext=u:r:recovery:s0 tcontext=u:object_r:keystore_compat_hal_service:s0 tclass=service_manager permissive=1
07-05 16:21:52.153   402   402 D hw-ProcessState: Binder ioctl to enable oneway spam detection failed: Invalid argument
07-05 16:21:52.153   402   402 E cutils-trace: Error opening trace file: No such file or directory (2)
07-05 16:21:52.154   402   402 E HidlServiceManagement: getService: Potential race detected. The VINTF manifest is not being enforced. If a HAL server has a delay in starting and it is not in the manifest, it will not be retrieved. Please make sure all HALs on this device are in the VINTF manifest and enable PRODUCT_ENFORCE_VINTF_MANIFEST on this device (this is also enabled by PRODUCT_FULL_TREBLE). PRODUCT_ENFORCE_VINTF_MANIFEST will ensure that no race condition is possible here.
07-05 16:21:52.159   410   415 W TeeMcDaemon: Cannot open trustlet /data/vendor/mcRegistry/07050501000000000000000000000020.tlbin (No such file or directory) [vendor/mediatek/proprietary/trustzone/trustonic/source/external/mobicore/common/500/Daemon/src/SecureWorld.cpp:114]
07-05 16:21:52.160   411   411 D hw-ProcessState: Binder ioctl to enable oneway spam detection failed: Invalid argument
07-05 16:21:52.160   411   411 I android.hardware.keymaster@4.1-service.trustonic: Trustonic Keymaster 4.1 Service starts
07-05 16:21:52.140   411   411 I android.hardwar: type=1400 audit(0.0:45): avc: denied { read } for name="u:object_r:vendor_security_patch_level_prop:s0" dev="tmpfs" ino=11583 scontext=u:r:recovery:s0 tcontext=u:object_r:vendor_security_patch_level_prop:s0 tclass=file permissive=1
07-05 16:21:52.140   411   411 I android.hardwar: type=1400 audit(0.0:46): avc: denied { open } for path="/dev/__properties__/u:object_r:vendor_security_patch_level_prop:s0" dev="tmpfs" ino=11583 scontext=u:r:recovery:s0 tcontext=u:object_r:vendor_security_patch_level_prop:s0 tclass=file permissive=1
07-05 16:21:52.162   411   411 I TrustonicKeymaster4DeviceImpl: Read os_version = 998736, os_patchlevel = 212712, vendor_patchlevel = 21271231, boot_patchlevel = 0
07-05 16:21:52.162   410   410 I TeeMcDaemon: * start registry server [vendor/mediatek/proprietary/trustzone/trustonic/source/external/mobicore/common/500/Daemon/src/MobiCoreDriverDaemon.cpp:329]
07-05 16:21:52.162   410   410 I TeeMcDaemon: * start debug session [vendor/mediatek/proprietary/trustzone/trustonic/source/external/mobicore/common/500/Daemon/src/MobiCoreDriverDaemon.cpp:329]
07-05 16:21:52.162   410   420 I TeeMcDaemon: run: Starting server [vendor/mediatek/proprietary/trustzone/trustonic/source/external/mobicore/common/500/Daemon/src/RegistryServer.cpp:207]
07-05 16:21:52.162   410   419 I TeeMcDaemon: run: Start listening for request from STH2 [vendor/mediatek/proprietary/trustzone/trustonic/source/external/mobicore/common/500/Daemon/src/FSD2.cpp:501]
07-05 16:21:52.162   410   415 W TeeMcDaemon: Cannot open trustlet /data/vendor/mcRegistry/08050500000000000000000000000000.tlbin (No such file or directory) [vendor/mediatek/proprietary/trustzone/trustonic/source/external/mobicore/common/500/Daemon/src/SecureWorld.cpp:114]
07-05 16:21:52.162   411   411 I TeeSysClient: driver version: v8.3 [vendor/mediatek/proprietary/trustzone/trustonic/source/external/mobicore/common/500/ClientLib/src/driver.cpp:104]
07-05 16:21:52.162   411   411 I TeeSysClient: driver open [vendor/mediatek/proprietary/trustzone/trustonic/source/external/mobicore/common/500/ClientLib/src/driver.cpp:109]
07-05 16:21:52.140   411   411 I android.hardwar: type=1400 audit(0.0:47): avc: denied { getattr } for path="/dev/__properties__/u:object_r:vendor_security_patch_level_prop:s0" dev="tmpfs" ino=11583 scontext=u:r:recovery:s0 tcontext=u:object_r:vendor_security_patch_level_prop:s0 tclass=file permissive=1
07-05 16:21:52.140   411   411 I android.hardwar: type=1400 audit(0.0:48): avc: denied { map } for path="/dev/__properties__/u:object_r:vendor_security_patch_level_prop:s0" dev="tmpfs" ino=11583 scontext=u:r:recovery:s0 tcontext=u:object_r:vendor_security_patch_level_prop:s0 tclass=file permissive=1
07-05 16:21:52.163   410   410 E TeeMcDaemon: mcOpenSession returned INVALID_OPERATION (rc 0x9) [vendor/mediatek/proprietary/trustzone/trustonic/source/external/mobicore/common/500/ClientLib/src/native_interface.cpp:604]
07-05 16:21:52.163   410   410 W TeeMcDaemon: Tci buffer might be too short, trying again with new size sent by SWd (size = 911548 bytes) [vendor/mediatek/proprietary/trustzone/trustonic/source/external/mobicore/common/500/Daemon/src/DebugSession.cpp:104]
07-05 16:21:52.163   410   415 W TeeMcDaemon: Cannot open trustlet /data/vendor/mcRegistry/08050500000000000000000000000000.tlbin (No such file or directory) [vendor/mediatek/proprietary/trustzone/trustonic/source/external/mobicore/common/500/Daemon/src/SecureWorld.cpp:114]
07-05 16:21:52.140   407   407 I recovery: type=1400 audit(0.0:49): avc: denied { getattr } for path="/sys/devices/virtual/thermal/thermal_zone3/temp" dev="sysfs" ino=31244 scontext=u:r:recovery:s0 tcontext=u:object_r:sysfs:s0 tclass=file permissive=1
07-05 16:21:52.166   411   411 D TlcTeeKeyMaster: HAL_CONFIGURE
07-05 16:21:52.166   411   411 E TlcTeeKeyMaster: Error: Cannot open file: /data/misc/keybox_sample.so.
07-05 16:21:52.166   411   411 D TlcTeeKeyMaster: HAL_Configure(): could not load /data/misc/keybox_sample.so now
07-05 16:21:52.166   411   411 D TlcTeeKeyMaster: TEE_Configure
07-05 16:21:52.167   410   410 I TeeMcDaemon: session opened [vendor/mediatek/proprietary/trustzone/trustonic/source/external/mobicore/common/500/Daemon/src/DebugSession.cpp:125]
07-05 16:21:52.167   410   410 I TeeMcDaemon: Load secure drivers [vendor/mediatek/proprietary/trustzone/trustonic/source/external/mobicore/common/500/Daemon/src/MobiCoreDriverDaemon.cpp:342]
07-05 16:21:52.167   410   410 I TeeMcDaemon: * loading /vendor/app/mcRegistry/06090000000000000000000000000000.drbin [vendor/mediatek/proprietary/trustzone/trustonic/source/external/mobicore/common/500/Daemon/src/MobiCoreDriverDaemon.cpp:345]
07-05 16:21:52.140     1     1 I unknown : type=1107 audit(0.0:50): uid=0 auid=4294967295 ses=4294967295 subj=u:r:init:s0 msg='avc: denied { set } for property=orangefox.super.partition pid=407 uid=0 gid=0 scontext=u:r:recovery:s0 tcontext=u:object_r:default_prop:s0 tclass=property_service permissive=1'
07-05 16:21:52.140   407   407 I recovery: type=1400 audit(0.0:51): avc: denied { write } for name="brightness" dev="sysfs" ino=41907 scontext=u:r:recovery:s0 tcontext=u:object_r:sysfs:s0 tclass=file permissive=1
07-05 16:21:52.140   407   407 I recovery: type=1400 audit(0.0:52): avc: denied { open } for path="/sys/devices/platform/i2c_leds/leds/lcd-backlight/brightness" dev="sysfs" ino=41907 scontext=u:r:recovery:s0 tcontext=u:object_r:sysfs:s0 tclass=file permissive=1
07-05 16:21:52.180   422   422 I chmod   : type=1400 audit(0.0:53): avc: denied { setattr } for name="bash" dev="rootfs" ino=7325 scontext=u:r:recovery:s0 tcontext=u:object_r:rootfs:s0 tclass=file permissive=1
07-05 16:21:52.180     1     1 I unknown : type=1107 audit(0.0:54): uid=0 auid=4294967295 ses=4294967295 subj=u:r:init:s0 msg='avc: denied { set } for property=ro.product.device pid=407 uid=0 gid=0 scontext=u:r:recovery:s0 tcontext=u:object_r:build_prop:s0 tclass=property_service permissive=1'
07-05 16:21:52.209   407   407 W libc    : Unable to set property "ro.product.device" to "spaced": error code: 0xb
07-05 16:21:52.217   407   407 W libc    : Unable to set property "ro.fastbootd.available" to "1": error code: 0xb
07-05 16:21:52.225   407   407 I recovery: Boot command: boot-recovery
07-05 16:21:52.200   407   407 I recovery: type=1400 audit(0.0:55): avc: denied { write } for name="etc" dev="rootfs" ino=7600 scontext=u:r:recovery:s0 tcontext=u:object_r:rootfs:s0 tclass=dir permissive=1
07-05 16:21:52.200   407   407 I recovery: type=1400 audit(0.0:56): avc: denied { add_name } for name="mtab" scontext=u:r:recovery:s0 tcontext=u:object_r:rootfs:s0 tclass=dir permissive=1
07-05 16:21:52.200   407   407 I recovery: type=1400 audit(0.0:57): avc: denied { create } for name="mtab" scontext=u:r:recovery:s0 tcontext=u:object_r:rootfs:s0 tclass=lnk_file permissive=1
07-05 16:21:52.228   407   407 I recovery: [libfs_mgr]Created logical partition system on device /dev/block/dm-0
07-05 16:21:52.229   407   407 I recovery: [libfs_mgr]Created logical partition vendor on device /dev/block/dm-1
07-05 16:21:52.229   407   407 I recovery: [libfs_mgr]Created logical partition product on device /dev/block/dm-2
07-05 16:21:52.230   407   407 I recovery: [libfs_mgr]Created logical partition odm on device /dev/block/dm-3
07-05 16:21:52.230   407   407 I recovery: [libfs_mgr]Created logical partition system_ext on device /dev/block/dm-4
07-05 16:21:52.200   407   407 I recovery: type=1400 audit(0.0:58): avc: denied { create } for name="system_root" scontext=u:r:recovery:s0 tcontext=u:object_r:rootfs:s0 tclass=dir permissive=1
07-05 16:21:52.200   407   407 I recovery: type=1400 audit(0.0:59): avc: denied { ioctl } for path="/dev/block/dm-0" dev="tmpfs" ino=12081 ioctlcmd=0x5331 scontext=u:r:recovery:s0 tcontext=u:object_r:dm_device:s0 tclass=blk_file permissive=1
07-05 16:21:52.200   407   407 I recovery: type=1400 audit(0.0:60): avc: denied { sys_rawio } for capability=17 scontext=u:r:recovery:s0 tcontext=u:r:recovery:s0 tclass=capability permissive=1
07-05 16:21:52.279   410   419 I TeeMcDaemon: open: Open storage file "/mnt/vendor/persist/mcRegistry/Store_1.tf" [vendor/mediatek/proprietary/trustzone/trustonic/source/external/mobicore/common/500/Daemon/src/FSD2.cpp:196]
07-05 16:21:52.280   410   419 E TeeMcDaemon: open: No such file or directory opening storage file "/mnt/vendor/persist/mcRegistry/Store_1.tf" [vendor/mediatek/proprietary/trustzone/trustonic/source/external/mobicore/common/500/Daemon/src/FSD2.cpp:200]
07-05 16:21:52.260   410   410 I McDaemon.FSD2: type=1400 audit(0.0:61): avc: denied { search } for name="persist" dev="tmpfs" ino=11911 scontext=u:r:recovery:s0 tcontext=u:object_r:mnt_vendor_file:s0 tclass=dir permissive=1
07-05 16:21:52.280   410   419 I TeeMcDaemon: create: Create storage file "/mnt/vendor/persist/mcRegistry/Store_1.tf" [vendor/mediatek/proprietary/trustzone/trustonic/source/external/mobicore/common/500/Daemon/src/FSD2.cpp:147]
07-05 16:21:52.260   410   410 I McDaemon.FSD2: type=1400 audit(0.0:62): avc: denied { read } for name="mcRegistry" dev="tmpfs" ino=12011 scontext=u:r:recovery:s0 tcontext=u:object_r:mnt_vendor_file:s0 tclass=dir permissive=1
07-05 16:21:52.260   410   410 I McDaemon.FSD2: type=1400 audit(0.0:63): avc: denied { open } for path="/mnt/vendor/persist/mcRegistry" dev="tmpfs" ino=12011 scontext=u:r:recovery:s0 tcontext=u:object_r:mnt_vendor_file:s0 tclass=dir permissive=1
07-05 16:21:52.260   410   410 I McDaemon.FSD2: type=1400 audit(0.0:64): avc: denied { write } for name="mcRegistry" dev="tmpfs" ino=12011 scontext=u:r:recovery:s0 tcontext=u:object_r:mnt_vendor_file:s0 tclass=dir permissive=1
07-05 16:21:52.260   410   410 I McDaemon.FSD2: type=1400 audit(0.0:65): avc: denied { add_name } for name="Store_1.tf" scontext=u:r:recovery:s0 tcontext=u:object_r:mnt_vendor_file:s0 tclass=dir permissive=1
07-05 16:21:52.260   410   410 I McDaemon.FSD2: type=1400 audit(0.0:66): avc: denied { create } for name="Store_1.tf" scontext=u:r:recovery:s0 tcontext=u:object_r:mnt_vendor_file:s0 tclass=file permissive=1
07-05 16:21:52.260   410   410 I McDaemon.FSD2: type=1400 audit(0.0:67): avc: denied { read write open } for path="/mnt/vendor/persist/mcRegistry/Store_1.tf" dev="tmpfs" ino=14476 scontext=u:r:recovery:s0 tcontext=u:object_r:mnt_vendor_file:s0 tclass=file permissive=1
07-05 16:21:52.280   410   419 I TeeMcDaemon: create: storage file "/mnt/vendor/persist/mcRegistry/Store_1.tf" successfully created [vendor/mediatek/proprietary/trustzone/trustonic/source/external/mobicore/common/500/Daemon/src/FSD2.cpp:176]
07-05 16:21:52.260   410   410 I McDaemon.FSD2: type=1400 audit(0.0:68): avc: denied { getattr } for path="/mnt/vendor/persist/mcRegistry/Store_1.tf" dev="tmpfs" ino=14476 scontext=u:r:recovery:s0 tcontext=u:object_r:mnt_vendor_file:s0 tclass=file permissive=1
07-05 16:21:52.283   410   410 I TeeMcDaemon: * loading /vendor/app/mcRegistry/020f0000000000000000000000000000.drbin [vendor/mediatek/proprietary/trustzone/trustonic/source/external/mobicore/common/500/Daemon/src/MobiCoreDriverDaemon.cpp:345]
07-05 16:21:52.286   410   410 I TeeMcDaemon: * loading /vendor/app/mcRegistry/05120000000000000000000000000000.drbin [vendor/mediatek/proprietary/trustzone/trustonic/source/external/mobicore/common/500/Daemon/src/MobiCoreDriverDaemon.cpp:345]
07-05 16:21:52.287   410   410 I TeeMcDaemon: * loading /vendor/app/mcRegistry/020b0000000000000000000000000000.drbin [vendor/mediatek/proprietary/trustzone/trustonic/source/external/mobicore/common/500/Daemon/src/MobiCoreDriverDaemon.cpp:345]
07-05 16:21:52.287   410   410 W TeeMcDaemon: Cannot open trustlet /vendor/app/mcRegistry/020b0000000000000000000000000000.drbin (No such file or directory) [vendor/mediatek/proprietary/trustzone/trustonic/source/external/mobicore/common/500/Daemon/src/SecureWorld.cpp:114]
07-05 16:21:52.287   410   410 W TeeMcDaemon: Driver /vendor/app/mcRegistry/020b0000000000000000000000000000.drbin missing, ignore [vendor/mediatek/proprietary/trustzone/trustonic/source/external/mobicore/common/500/Daemon/src/MobiCoreDriverDaemon.cpp:355]
07-05 16:21:52.287   410   410 I TeeMcDaemon: * loading /odm/vendor/app/mcRegistry/05070000000000000000000000000000.drbin [vendor/mediatek/proprietary/trustzone/trustonic/source/external/mobicore/common/500/Daemon/src/MobiCoreDriverDaemon.cpp:345]
07-05 16:21:52.287   411   411 E TeeSysClient: syscall failed with "Try again"(errno 11) [vendor/mediatek/proprietary/trustzone/trustonic/source/external/mobicore/common/500/ClientLib/src/driver.cpp:615]
07-05 16:21:52.287   411   411 E TeeSysClient: mcCloseSession returned UNKNOWN (rc 0x6) [vendor/mediatek/proprietary/trustzone/trustonic/source/external/mobicore/common/500/ClientLib/src/native_interface.cpp:651]
07-05 16:21:52.287   411   411 E TlcTeeKeyMaster: TEE_Configure: mcCloseSession() returned 6
07-05 16:21:52.289   410   410 I TeeMcDaemon: * loading /vendor/app/mcRegistry/030b0000000000000000000000000000.drbin [vendor/mediatek/proprietary/trustzone/trustonic/source/external/mobicore/common/500/Daemon/src/MobiCoreDriverDaemon.cpp:345]
07-05 16:21:52.289   410   410 W TeeMcDaemon: Cannot open trustlet /vendor/app/mcRegistry/030b0000000000000000000000000000.drbin (No such file or directory) [vendor/mediatek/proprietary/trustzone/trustonic/source/external/mobicore/common/500/Daemon/src/SecureWorld.cpp:114]
07-05 16:21:52.289   410   410 W TeeMcDaemon: Driver /vendor/app/mcRegistry/030b0000000000000000000000000000.drbin missing, ignore [vendor/mediatek/proprietary/trustzone/trustonic/source/external/mobicore/common/500/Daemon/src/MobiCoreDriverDaemon.cpp:355]
07-05 16:21:52.289   410   410 I TeeMcDaemon: * loading /vendor/app/mcRegistry/03100000000000000000000000000000.drbin [vendor/mediatek/proprietary/trustzone/trustonic/source/external/mobicore/common/500/Daemon/src/MobiCoreDriverDaemon.cpp:345]
07-05 16:21:52.289   410   410 W TeeMcDaemon: Cannot open trustlet /vendor/app/mcRegistry/03100000000000000000000000000000.drbin (No such file or directory) [vendor/mediatek/proprietary/trustzone/trustonic/source/external/mobicore/common/500/Daemon/src/SecureWorld.cpp:114]
07-05 16:21:52.289   410   410 W TeeMcDaemon: Driver /vendor/app/mcRegistry/03100000000000000000000000000000.drbin missing, ignore [vendor/mediatek/proprietary/trustzone/trustonic/source/external/mobicore/common/500/Daemon/src/MobiCoreDriverDaemon.cpp:355]
07-05 16:21:52.289   410   410 I TeeMcDaemon: * loading /odm/vendor/app/mcRegistry/030c0000000000000000000000000000.drbin [vendor/mediatek/proprietary/trustzone/trustonic/source/external/mobicore/common/500/Daemon/src/MobiCoreDriverDaemon.cpp:345]
07-05 16:21:52.289   411   411 D TlcTeeKeyMaster: TEE_Configure exiting with 0
07-05 16:21:52.289   411   411 E cutils-trace: Error opening trace file: No such file or directory (2)
07-05 16:21:52.290   410   410 I TeeMcDaemon: * loading /odm/vendor/app/mcRegistry/030f0000000000000000000000000000.drbin [vendor/mediatek/proprietary/trustzone/trustonic/source/external/mobicore/common/500/Daemon/src/MobiCoreDriverDaemon.cpp:345]
07-05 16:21:52.291   399   399 E SELinux : avc:  denied  { add } for interface=android.hardware.keymaster::IKeymasterDevice sid=u:r:recovery:s0 pid=411 scontext=u:r:recovery:s0 tcontext=u:object_r:hal_keymaster_hwservice:s0 tclass=hwservice_manager permissive=1
07-05 16:21:52.291   411   411 I HidlServiceManagement: Registered android.hardware.keymaster@4.1::IKeymasterDevice/default
07-05 16:21:52.291   411   411 I HidlServiceManagement: Removing namespace from process name android.hardware.keymaster@4.1-service.trustonic to keymaster@4.1-service.trustonic.
07-05 16:21:52.291   411   411 I android.hardware.keymaster@4.1-service.trustonic: Trustonic Keymaster 4.1 Service registered
07-05 16:21:52.293   410   410 I TeeMcDaemon: * loading /vendor/app/mcRegistry/40188311faf343488db888ad39496f9a.drbin [vendor/mediatek/proprietary/trustzone/trustonic/source/external/mobicore/common/500/Daemon/src/MobiCoreDriverDaemon.cpp:345]
07-05 16:21:52.294   410   410 I TeeMcDaemon: * loading /vendor/app/mcRegistry/070c0000000000000000000000000000.drbin [vendor/mediatek/proprietary/trustzone/trustonic/source/external/mobicore/common/500/Daemon/src/MobiCoreDriverDaemon.cpp:345]
07-05 16:21:52.294   410   410 W TeeMcDaemon: Cannot open trustlet /vendor/app/mcRegistry/070c0000000000000000000000000000.drbin (No such file or directory) [vendor/mediatek/proprietary/trustzone/trustonic/source/external/mobicore/common/500/Daemon/src/SecureWorld.cpp:114]
07-05 16:21:52.294   410   410 W TeeMcDaemon: Driver /vendor/app/mcRegistry/070c0000000000000000000000000000.drbin missing, ignore [vendor/mediatek/proprietary/trustzone/trustonic/source/external/mobicore/common/500/Daemon/src/MobiCoreDriverDaemon.cpp:355]
07-05 16:21:52.294   410   410 I TeeMcDaemon: * loading /vendor/app/mcRegistry/090b0000000000000000000000000000.drbin [vendor/mediatek/proprietary/trustzone/trustonic/source/external/mobicore/common/500/Daemon/src/MobiCoreDriverDaemon.cpp:345]
07-05 16:21:52.294   410   410 W TeeMcDaemon: Cannot open trustlet /vendor/app/mcRegistry/090b0000000000000000000000000000.drbin (No such file or directory) [vendor/mediatek/proprietary/trustzone/trustonic/source/external/mobicore/common/500/Daemon/src/SecureWorld.cpp:114]
07-05 16:21:52.294   410   410 W TeeMcDaemon: Driver /vendor/app/mcRegistry/090b0000000000000000000000000000.drbin missing, ignore [vendor/mediatek/proprietary/trustzone/trustonic/source/external/mobicore/common/500/Daemon/src/MobiCoreDriverDaemon.cpp:355]
07-05 16:21:52.294   410   410 I TeeMcDaemon: * loading /vendor/app/mcRegistry/0f5eed3c3b5a47afacca69a84bf0efad.drbin [vendor/mediatek/proprietary/trustzone/trustonic/source/external/mobicore/common/500/Daemon/src/MobiCoreDriverDaemon.cpp:345]
07-05 16:21:52.294   410   410 W TeeMcDaemon: Cannot open trustlet /vendor/app/mcRegistry/0f5eed3c3b5a47afacca69a84bf0efad.drbin (No such file or directory) [vendor/mediatek/proprietary/trustzone/trustonic/source/external/mobicore/common/500/Daemon/src/SecureWorld.cpp:114]
07-05 16:21:52.294   410   410 W TeeMcDaemon: Driver /vendor/app/mcRegistry/0f5eed3c3b5a47afacca69a84bf0efad.drbin missing, ignore [vendor/mediatek/proprietary/trustzone/trustonic/source/external/mobicore/common/500/Daemon/src/MobiCoreDriverDaemon.cpp:355]
07-05 16:21:52.294   410   410 I TeeMcDaemon: * loading /vendor/app/mcRegistry/07060000000000000000000000007169.drbin [vendor/mediatek/proprietary/trustzone/trustonic/source/external/mobicore/common/500/Daemon/src/MobiCoreDriverDaemon.cpp:345]
07-05 16:21:52.294   410   410 W TeeMcDaemon: Cannot open trustlet /vendor/app/mcRegistry/07060000000000000000000000007169.drbin (No such file or directory) [vendor/mediatek/proprietary/trustzone/trustonic/source/external/mobicore/common/500/Daemon/src/SecureWorld.cpp:114]
07-05 16:21:52.296   410   410 I TeeMcDaemon: * loading /odm/vendor/app/mcRegistry/09070000000000000000000000000000.drbin [vendor/mediatek/proprietary/trustzone/trustonic/source/external/mobicore/common/500/Daemon/src/MobiCoreDriverDaemon.cpp:345]
07-05 16:21:52.297   410   410 W TeeMcDaemon: TUI device not found, skip [vendor/mediatek/proprietary/trustzone/trustonic/source/external/mobicore/common/500/Daemon/src/TuiStarter.cpp:46]
07-05 16:21:52.297   410   410 I TeeMcDaemon: Daemon running [vendor/mediatek/proprietary/trustzone/trustonic/source/external/mobicore/common/500/Daemon/src/MobiCoreDriverDaemon.cpp:379]
07-05 16:21:52.340   407   407 I recovery: type=1400 audit(0.0:69): avc: denied { write } for name="by-name" dev="tmpfs" ino=11313 scontext=u:r:recovery:s0 tcontext=u:object_r:block_device:s0 tclass=dir permissive=1
07-05 16:21:52.340   407   407 I recovery: type=1400 audit(0.0:70): avc: denied { add_name } for name="system" scontext=u:r:recovery:s0 tcontext=u:object_r:block_device:s0 tclass=dir permissive=1
07-05 16:21:52.340   407   407 I recovery: type=1400 audit(0.0:71): avc: denied { create } for name="system" scontext=u:r:recovery:s0 tcontext=u:object_r:block_device:s0 tclass=lnk_file permissive=1
07-05 16:21:52.340   407   407 I recovery: type=1400 audit(0.0:72): avc: denied { remove_name } for name="system_ext" dev="rootfs" ino=10677 scontext=u:r:recovery:s0 tcontext=u:object_r:rootfs:s0 tclass=dir permissive=1
07-05 16:21:52.340   407   407 I recovery: type=1400 audit(0.0:73): avc: denied { unlink } for name="system_ext" dev="rootfs" ino=10677 scontext=u:r:recovery:s0 tcontext=u:object_r:rootfs:s0 tclass=lnk_file permissive=1
07-05 16:21:52.340   407   407 I recovery: type=1400 audit(0.0:74): avc: denied { ioctl } for path="/dev/block/dm-4" dev="tmpfs" ino=12095 ioctlcmd=0x5331 scontext=u:r:recovery:s0 tcontext=u:object_r:dm_device:s0 tclass=blk_file permissive=1
07-05 16:21:52.420   407   407 I recovery: type=1400 audit(0.0:75): avc: denied { ioctl } for path="/dev/block/dm-1" dev="tmpfs" ino=12086 ioctlcmd=0x5331 scontext=u:r:recovery:s0 tcontext=u:object_r:dm_device:s0 tclass=blk_file permissive=1
07-05 16:21:52.500   407   407 I recovery: type=1400 audit(0.0:76): avc: denied { ioctl } for path="/dev/block/dm-2" dev="tmpfs" ino=12089 ioctlcmd=0x5331 scontext=u:r:recovery:s0 tcontext=u:object_r:dm_device:s0 tclass=blk_file permissive=1
07-05 16:21:52.580   407   407 I recovery: type=1400 audit(0.0:77): avc: denied { ioctl } for path="/dev/block/dm-3" dev="tmpfs" ino=12092 ioctlcmd=0x5331 scontext=u:r:recovery:s0 tcontext=u:object_r:dm_device:s0 tclass=blk_file permissive=1
07-05 16:21:52.720   407   407 I recovery: type=1400 audit(0.0:78): avc: denied { read } for name="dev" dev="sysfs" ino=36053 scontext=u:r:recovery:s0 tcontext=u:object_r:sysfs:s0 tclass=file permissive=1
07-05 16:21:52.720   407   407 I recovery: type=1400 audit(0.0:79): avc: denied { getattr } for path="/persist/.foxs" dev="sdc17" ino=46 scontext=u:r:recovery:s0 tcontext=u:object_r:media_rw_data_file:s0 tclass=file permissive=1
07-05 16:21:52.720   407   407 I recovery: type=1400 audit(0.0:80): avc: denied { read } for name=".foxs" dev="sdc17" ino=46 scontext=u:r:recovery:s0 tcontext=u:object_r:media_rw_data_file:s0 tclass=file permissive=1
07-05 16:21:52.720   407   407 I recovery: type=1400 audit(0.0:81): avc: denied { open } for path="/persist/.foxs" dev="sdc17" ino=46 scontext=u:r:recovery:s0 tcontext=u:object_r:media_rw_data_file:s0 tclass=file permissive=1
07-05 16:21:52.720     1     1 I unknown : type=1107 audit(0.0:82): uid=0 auid=4294967295 ses=4294967295 subj=u:r:init:s0 msg='avc: denied { set } for property=persist.sys.timezone pid=407 uid=0 gid=0 scontext=u:r:recovery:s0 tcontext=u:object_r:exported_system_prop:s0 tclass=property_service permissive=1'
07-05 16:21:52.740   303   303 I kworker/7:2: type=1400 audit(0.0:83): avc: denied { search } for name="block" dev="tmpfs" ino=11307 scontext=u:r:kernel:s0 tcontext=u:object_r:block_device:s0 tclass=dir permissive=1
07-05 16:21:52.740   303   303 I kworker/7:2: type=1400 audit(0.0:84): avc: denied { read write } for name="sdc7" dev="tmpfs" ino=11732 scontext=u:r:kernel:s0 tcontext=u:object_r:block_device:s0 tclass=blk_file permissive=1
07-05 16:21:52.740   303   303 I kworker/7:2: type=1400 audit(0.0:85): avc: denied { open } for path="/dev/block/sdc7" dev="tmpfs" ino=11732 scontext=u:r:kernel:s0 tcontext=u:object_r:block_device:s0 tclass=blk_file permissive=1
07-05 16:21:52.800   407   407 I recovery: type=1400 audit(0.0:86): avc: denied { ioctl } for path="/dev/block/dm-1" dev="tmpfs" ino=12086 ioctlcmd=0x5331 scontext=u:r:recovery:s0 tcontext=u:object_r:dm_device:s0 tclass=blk_file permissive=1
07-05 16:21:52.800   407   407 I recovery: type=1400 audit(0.0:87): avc: denied { ioctl } for path="/dev/block/dm-3" dev="tmpfs" ino=12092 ioctlcmd=0x5331 scontext=u:r:recovery:s0 tcontext=u:object_r:dm_device:s0 tclass=blk_file permissive=1
07-05 16:21:52.800   407   407 I recovery: type=1400 audit(0.0:88): avc: denied { write } for name="properties_serial" dev="tmpfs" ino=11602 scontext=u:r:recovery:s0 tcontext=u:object_r:properties_serial:s0 tclass=file permissive=1
07-05 16:21:52.800   407   407 I recovery: type=1400 audit(0.0:89): avc: denied { write } for name="u:object_r:vold_config_prop:s0" dev="tmpfs" ino=11588 scontext=u:r:recovery:s0 tcontext=u:object_r:vold_config_prop:s0 tclass=file permissive=1
07-05 16:21:52.820   407   407 I recovery: type=1400 audit(0.0:90): avc: denied { write } for name="u:object_r:storage_config_prop:s0" dev="tmpfs" ino=11550 scontext=u:r:recovery:s0 tcontext=u:object_r:storage_config_prop:s0 tclass=file permissive=1
07-05 16:21:52.820   407   407 I recovery: type=1400 audit(0.0:91): avc: denied { create } for name="additional.fstab" scontext=u:r:recovery:s0 tcontext=u:object_r:rootfs:s0 tclass=file permissive=1
07-05 16:21:52.820   407   407 I recovery: type=1400 audit(0.0:92): avc: denied { write } for path="/system/etc/additional.fstab" dev="rootfs" ino=14530 scontext=u:r:recovery:s0 tcontext=u:object_r:rootfs:s0 tclass=file permissive=1
07-05 16:21:53.100   408   408 I android.hardwar: type=1400 audit(0.0:93): avc: denied { getattr } for path="/dev/kmsg" dev="tmpfs" ino=11291 scontext=u:r:recovery:s0 tcontext=u:object_r:kmsg_device:s0 tclass=chr_file permissive=1
07-05 16:21:53.126   408   408 E HidlServiceManagement: Could not find instance 'default' in library android.hardware.health@2.0-impl-default.so. Keeping library open.
07-05 16:21:53.127   408   408 I android.hardware.health@2.1-service: default instance initializing with healthd_config...
07-05 16:21:53.127   399   399 E SELinux : avc:  denied  { add } for interface=android.hardware.health::IHealth sid=u:r:recovery:s0 pid=408 scontext=u:r:recovery:s0 tcontext=u:object_r:hal_health_hwservice:s0 tclass=hwservice_manager permissive=1
07-05 16:21:53.127   408   408 I HidlServiceManagement: Registered android.hardware.health@2.1::IHealth/default
07-05 16:21:53.100   408   408 I health@2.1-serv: type=1400 audit(0.0:94): avc: denied { wake_alarm } for capability=35 scontext=u:r:recovery:s0 tcontext=u:r:recovery:s0 tclass=capability2 permissive=1
07-05 16:21:53.100   408   408 I health@2.1-serv: type=1400 audit(0.0:95): avc: denied { create } for scontext=u:r:recovery:s0 tcontext=u:r:recovery:s0 tclass=netlink_kobject_uevent_socket permissive=1
07-05 16:21:53.100   408   408 I health@2.1-serv: type=1400 audit(0.0:96): avc: denied { setopt } for scontext=u:r:recovery:s0 tcontext=u:r:recovery:s0 tclass=netlink_kobject_uevent_socket permissive=1
07-05 16:21:53.100   408   408 I health@2.1-serv: type=1400 audit(0.0:97): avc: denied { getopt } for scontext=u:r:recovery:s0 tcontext=u:r:recovery:s0 tclass=netlink_kobject_uevent_socket permissive=1
07-05 16:21:53.100   408   408 I health@2.1-serv: type=1400 audit(0.0:98): avc: denied { bind } for scontext=u:r:recovery:s0 tcontext=u:r:recovery:s0 tclass=netlink_kobject_uevent_socket permissive=1
07-05 16:21:53.127   408   408 I HidlServiceManagement: Removing namespace from process name android.hardware.health@2.1-service to health@2.1-service.
07-05 16:21:53.127   408   408 I android.hardware.health@2.1-service: default: Hal init done
07-05 16:21:53.120   407   407 I recovery: type=1400 audit(0.0:99): avc: denied { map } for path="/dev/dri/card0" dev="tmpfs" ino=12327 scontext=u:r:recovery:s0 tcontext=u:object_r:device:s0 tclass=chr_file permissive=1
07-05 16:21:53.154   399   399 E SELinux : avc:  denied  { find } for interface=android.hardware.keymaster::IKeymasterDevice sid=u:r:recovery:s0 pid=402 scontext=u:r:recovery:s0 tcontext=u:object_r:hal_keymaster_hwservice:s0 tclass=hwservice_manager permissive=1
07-05 16:21:53.154   402   402 E HidlServiceManagement: getService: Potential race detected. The VINTF manifest is not being enforced. If a HAL server has a delay in starting and it is not in the manifest, it will not be retrieved. Please make sure all HALs on this device are in the VINTF manifest and enable PRODUCT_ENFORCE_VINTF_MANIFEST on this device (this is also enabled by PRODUCT_FULL_TREBLE). PRODUCT_ENFORCE_VINTF_MANIFEST will ensure that no race condition is possible here.
07-05 16:21:53.155   414   414 D vndksupport: Loading /vendor/lib64/hw/android.hardware.gatekeeper@1.0-impl.so from current namespace instead of sphal namespace.
07-05 16:21:53.155   414   414 D vndksupport: Loading /vendor/lib64/hw/gatekeeper.mt6781.so from current namespace instead of sphal namespace.
07-05 16:21:53.156   414   414 I TlcTeeGatekeeper: t-base-MTK-ARMv8-Android-400C-V001-20180713_214233_52230_81596 [vendor/mediatek/proprietary/trustzone/trustonic/source/external/gatekeeper/common/500/src/HalAdaptationLayer.cpp:104]
07-05 16:21:53.156   414   414 I TeeSysClient: driver version: v8.3 [vendor/mediatek/proprietary/trustzone/trustonic/source/external/mobicore/common/500/ClientLib/src/driver.cpp:104]
07-05 16:21:53.156   414   414 I TeeSysClient: driver open [vendor/mediatek/proprietary/trustzone/trustonic/source/external/mobicore/common/500/ClientLib/src/driver.cpp:109]
07-05 16:21:53.158   414   414 I TeeSysClient: driver closed [vendor/mediatek/proprietary/trustzone/trustonic/source/external/mobicore/common/500/ClientLib/src/driver.cpp:120]
07-05 16:21:53.158   399   399 E SELinux : avc:  denied  { add } for interface=android.hardware.gatekeeper::IGatekeeper sid=u:r:recovery:s0 pid=414 scontext=u:r:recovery:s0 tcontext=u:object_r:hal_gatekeeper_hwservice:s0 tclass=hwservice_manager permissive=1
07-05 16:21:53.158   414   414 I HidlServiceManagement: Registered android.hardware.gatekeeper@1.0::IGatekeeper/default
07-05 16:21:53.158   414   414 I HidlServiceManagement: Removing namespace from process name android.hardware.gatekeeper@1.0-service to gatekeeper@1.0-service.
07-05 16:21:53.159   414   414 I LegacySupport: Registration complete for android.hardware.gatekeeper@1.0::IGatekeeper/default.
07-05 16:21:53.167   407   407 E ashmem  : memfd: ro.vndk.version not defined or invalid (), this is mandated since P.
