07-05 23:29:20.790     0     0 I         : mt635x-auxadc mt635x-auxadc: name:VCDT, channel=2, adc_out=0xd, adc_result=5
07-05 23:29:20.790     0     0 E         : get prop 4 is not supported in batt
07-05 23:29:20.791     0     0 I         : [fgauge_read_current] final current=5836 (ratio=1000)
07-05 23:29:20.791     0     0 I         : [fgauge_read_current] final current=5836 (ratio=1000)
07-05 23:29:20.903     0     0 E         : [sensor_devinfo] read_oplus_custom 432 : failed to open file /dev/block/by-name/oplus_custom 0000000084aba3b7 -1
07-05 23:29:20.903     0     0 E         : [sensor_devinfo] sensor_read_oplus_custom 492 : read_oplus_custom error = -1
07-05 23:29:20.903     0     0 E         : [sensor_devinfo] sensor_devinfo_work 1274 : try 9
07-05 23:29:21.079     0     0 W         : Perf order domain is not ready!
07-05 23:29:21.079     0     0 W         : Perf order domain is not ready!
07-05 23:29:21.079     0     0 W         : Perf order domain is not ready!
07-05 23:29:21.079     0     0 W         : Perf order domain is not ready!
07-05 23:29:21.079     0     0 W         : Perf order domain is not ready!
07-05 23:29:21.763     0     0 E         : [sensor_devinfo] sync_utc2scp_work 586 : kernel_ts: 1783294161.722280, 1783294161.722280
07-05 23:29:21.763     0     0 W         : oplus_custome_sync_work is called
07-05 23:29:21.763     0     0 I [SCP] scp_ipi_send: SCP A not ready
07-05 23:29:21.763     0     0 W oplus_custome_sync_work: file /dev/block/by-name/oplus_custom is no exit
07-05 23:29:21.763     0     0 E         : [sensorHub] scp_ipi_send fail
07-05 23:29:21.763     0     0 E         : [sensor_devinfo] sync_utc2scp_work 594 : fail! err -1
07-05 23:29:21.943     0     0 E         : [sensor_devinfo] read_oplus_custom 432 : failed to open file /dev/block/by-name/oplus_custom 0000000084aba3b7 -1
07-05 23:29:21.943     0     0 E         : [sensor_devinfo] sensor_read_oplus_custom 492 : read_oplus_custom error = -1
07-05 23:29:21.943     0     0 E         : [sensor_devinfo] sensor_devinfo_work 1274 : try 8
07-05 23:29:22.083     0     0 I sd 0    : 0:0:0: [sda] Synchronizing SCSI cache
07-05 23:29:22.083     0     0 I sd 0    : 0:0:1: [sdb] Synchronizing SCSI cache
07-05 23:29:22.243     0     0 I sd 0    : 0:0:2: [sdc] Synchronizing SCSI cache
07-05 23:29:22.251     0     0 I regulator.38: regulator ext_pmic2 disable
07-05 23:29:22.251     0     0 I ufshcd-mtk 11270000.ufshci: rs,ret 0,7524 us
07-05 23:29:22.403     0     0 I [SCP] scp_ipi_send: SCP A not ready
07-05 23:29:22.403     0     0 E         : [sensorHub] scp_ipi_send fail
07-05 23:29:22.403     0     0 E         : [sensorHub] scp_sensorHub_req_send fail!
07-05 23:29:22.662     0     0 I SELinux : Permission nlmsg_getneigh in class netlink_route_socket not defined in policy.
07-05 23:29:22.662     0     0 I SELinux : the above unknown classes and permissions will be denied
07-05 23:29:22.662     0     0 I SELinux : policy capability network_peer_controls=1
07-05 23:29:22.662     0     0 I SELinux : policy capability open_perms=1
07-05 23:29:22.662     0     0 I SELinux : policy capability extended_socket_class=1
07-05 23:29:22.662     0     0 I SELinux : policy capability always_check_network=0
07-05 23:29:22.662     0     0 I SELinux : policy capability cgroup_seclabel=0
07-05 23:29:22.662     0     0 I SELinux : policy capability nnp_nosuid_transition=1
--------- beginning of main
07-05 23:29:22.720   397   397 W auditd  : type=1403 audit(0.0:2): auid=4294967295 ses=4294967295 lsm=selinux res=1
07-05 23:29:22.783     0     0 W         : oplus_custome_sync_work is called
07-05 23:29:22.783     0     0 W oplus_custome_sync_work: file /dev/block/by-name/oplus_custom is no exit
07-05 23:29:22.883     0     0 I mtk-msdc externdevice: mmc0: clock 0Hz busmode 2 powermode 0 cs 0 Vdd 0 width 1 timing 0
07-05 23:29:22.885     0     0 E mmc0    : [SDLOCK] sdcard is unlocked on suspend and set auto_unlock = true.
07-05 23:29:22.920     1     1 I init    : type=1400 audit(0.0:3): avc: denied { write } for name="kernel_init_done" dev="sysfs" ino=19467 scontext=u:r:init:s0 tcontext=u:object_r:sysfs:s0 tclass=file permissive=1
07-05 23:29:22.920     1     1 I init    : type=1400 audit(0.0:4): avc: denied { open } for path="/sys/module/musb_hdrc/parameters/kernel_init_done" dev="sysfs" ino=19467 scontext=u:r:init:s0 tcontext=u:object_r:sysfs:s0 tclass=file permissive=1
07-05 23:29:22.983     0     0 E         : [sensor_devinfo] read_oplus_custom 432 : failed to open file /dev/block/by-name/oplus_custom 0000000084aba3b7 -1
07-05 23:29:22.983     0     0 E         : [sensor_devinfo] sensor_read_oplus_custom 492 : read_oplus_custom error = -1
07-05 23:29:22.983     0     0 E         : [sensor_devinfo] sensor_devinfo_work 1274 : try 7
07-05 23:29:22.940   312   312 I kworker/7:3: type=1400 audit(0.0:5): avc: denied { search } for name="block" dev="tmpfs" ino=11281 scontext=u:r:kernel:s0 tcontext=u:object_r:block_device:s0 tclass=dir permissive=1
07-05 23:29:22.960   385   385 I ueventd : type=1400 audit(0.0:6): avc: denied { sys_nice } for capability=23 scontext=u:r:ueventd:s0 tcontext=u:r:ueventd:s0 tclass=capability permissive=1
07-05 23:29:23.009     0     0 E         : get prop 4 is not supported in batt
07-05 23:29:23.009     0     0 I         : [fgauge_read_current] final current=7338 (ratio=1000)
07-05 23:29:23.009     0     0 I         : [fgauge_read_current] final current=7338 (ratio=1000)
07-05 23:29:23.040   397   397 I init    : type=1400 audit(0.0:7): avc: denied { entrypoint } for path="/system/bin/logd" dev="rootfs" ino=7455 scontext=u:r:logd:s0 tcontext=u:object_r:rootfs:s0 tclass=file permissive=1
07-05 23:29:23.040   397   397 I logd    : type=1400 audit(0.0:8): avc: denied { map } for path="/system/bin/logd" dev="rootfs" ino=7455 scontext=u:r:logd:s0 tcontext=u:object_r:rootfs:s0 tclass=file permissive=1
07-05 23:29:23.040   397   397 I logd    : type=1400 audit(0.0:9): avc: denied { read } for path="/system/bin/logd" dev="rootfs" ino=7455 scontext=u:r:logd:s0 tcontext=u:object_r:rootfs:s0 tclass=file permissive=1
07-05 23:29:23.040   397   397 I logd    : type=1400 audit(0.0:10): avc: denied { execute } for path="/system/bin/logd" dev="rootfs" ino=7455 scontext=u:r:logd:s0 tcontext=u:object_r:rootfs:s0 tclass=file permissive=1
07-05 23:29:23.104     0     0 I bootmode: 0x2 boottype: 0x2
07-05 23:29:23.104     0     0 I         : cannot find "androidboot.usbconfig="
07-05 23:29:23.105     0     0 I         : file system registered
07-05 23:29:23.107     0     0 I         : Mass Storage Function, version: 2009/09/11
07-05 23:29:23.107     0     0 I LUN     : removable file: (no medium)
07-05 23:29:23.078   399   399 D ProcessState: Binder ioctl to enable oneway spam detection failed: Invalid argument
07-05 23:29:23.080   399   399 I SELinux : SELinux: Loaded service_contexts from:
07-05 23:29:23.080   399   399 I SELinux :     /system/etc/selinux/plat_service_contexts
07-05 23:29:23.081   399   399 E SELinux : avc:  denied  { add } for pid=399 uid=0 name=manager scontext=u:r:recovery:s0 tcontext=u:object_r:service_manager_service:s0 tclass=service_manager permissive=1
07-05 23:29:23.088   398   398 D hw-ProcessState: Binder ioctl to enable oneway spam detection failed: Invalid argument
07-05 23:29:23.088   400   400 D ProcessState: Binder ioctl to enable oneway spam detection failed: Invalid argument
07-05 23:29:23.089   398   398 E SELinux : avc:  denied  { add } for interface=android.hidl.base::IBase sid=u:r:recovery:s0 pid=398 scontext=u:r:recovery:s0 tcontext=u:object_r:hidl_base_hwservice:s0 tclass=hwservice_manager permissive=1
07-05 23:29:23.089   398   398 E SELinux : avc:  denied  { add } for interface=android.hidl.manager::IServiceManager sid=u:r:recovery:s0 pid=398 scontext=u:r:recovery:s0 tcontext=u:object_r:hidl_manager_hwservice:s0 tclass=hwservice_manager permissive=1
07-05 23:29:23.089   398   398 I hwservicemanager: getFrameworkHalManifest: Reading VINTF information.
07-05 23:29:23.089   400   400 I SELinux : SELinux: Loaded service_contexts from:
07-05 23:29:23.089   400   400 I SELinux :     /vendor/etc/selinux/vndservice_contexts
07-05 23:29:23.089   398   398 I hwservicemanager: getDeviceHalManifest: Reading VINTF information.
07-05 23:29:23.089   400   400 E SELinux : avc:  denied  { add } for pid=400 uid=0 name=manager scontext=u:r:recovery:s0 tcontext=u:object_r:service_manager_vndservice:s0 tclass=service_manager permissive=1
07-05 23:29:23.060   399   399 I servicemanager: type=1400 audit(0.0:17): avc: denied { create } for scontext=u:r:recovery:s0 tcontext=u:r:recovery:s0 tclass=netlink_selinux_socket permissive=1
07-05 23:29:23.060   399   399 I servicemanager: type=1400 audit(0.0:18): avc: denied { bind } for scontext=u:r:recovery:s0 tcontext=u:r:recovery:s0 tclass=netlink_selinux_socket permissive=1
07-05 23:29:23.060   399   399 I servicemanager: type=1400 audit(0.0:19): avc: denied { read } for name="perms" dev="selinuxfs" ino=67112490 scontext=u:r:recovery:s0 tcontext=u:object_r:selinuxfs:s0 tclass=dir permissive=1
07-05 23:29:23.060   399   399 I servicemanager: type=1400 audit(0.0:20): avc: denied { open } for path="/sys/fs/selinux/class/service_manager/perms" dev="selinuxfs" ino=67112490 scontext=u:r:recovery:s0 tcontext=u:object_r:selinuxfs:s0 tclass=dir permissive=1
07-05 23:29:23.060   399   399 I servicemanager: type=1400 audit(0.0:21): avc: denied { write } for name="access" dev="selinuxfs" ino=6 scontext=u:r:recovery:s0 tcontext=u:object_r:selinuxfs:s0 tclass=file permissive=1
07-05 23:29:23.060   399   399 I servicemanager: type=1400 audit(0.0:22): avc: denied { compute_av } for scontext=u:r:recovery:s0 tcontext=u:object_r:kernel:s0 tclass=security permissive=1
07-05 23:29:23.060   399   399 I servicemanager: type=1400 audit(0.0:23): avc: denied { set_context_mgr } for scontext=u:r:recovery:s0 tcontext=u:r:recovery:s0 tclass=binder permissive=1
07-05 23:29:23.080     1     1 I init    : type=1400 audit(0.0:24): avc: denied { mounton } for path="/dev/usb-ffs/adb" dev="functionfs" ino=11942 scontext=u:r:init:s0 tcontext=u:object_r:functionfs:s0 tclass=dir permissive=1
07-05 23:29:23.080     1     1 I init    : type=1400 audit(0.0:25): avc: denied { write } for name="otg_switch" dev="sysfs" ino=42523 scontext=u:r:init:s0 tcontext=u:object_r:sysfs:s0 tclass=file permissive=1
07-05 23:29:23.080     1     1 I init    : type=1400 audit(0.0:26): avc: denied { open } for path="/sys/devices/virtual/oplus_chg/usb/otg_switch" dev="sysfs" ino=42523 scontext=u:r:init:s0 tcontext=u:object_r:sysfs:s0 tclass=file permissive=1
07-05 23:29:23.080   400   400 I vndservicemanag: type=1400 audit(0.0:27): avc: denied { read } for name="vndbinder" dev="binder" ino=6 scontext=u:r:recovery:s0 tcontext=u:object_r:vndbinder_device:s0 tclass=chr_file permissive=1
07-05 23:29:23.080   400   400 I vndservicemanag: type=1400 audit(0.0:28): avc: denied { write } for name="vndbinder" dev="binder" ino=6 scontext=u:r:recovery:s0 tcontext=u:object_r:vndbinder_device:s0 tclass=chr_file permissive=1
07-05 23:29:23.080   400   400 I vndservicemanag: type=1400 audit(0.0:29): avc: denied { open } for path="/dev/binderfs/vndbinder" dev="binder" ino=6 scontext=u:r:recovery:s0 tcontext=u:object_r:vndbinder_device:s0 tclass=chr_file permissive=1
07-05 23:29:23.080   400   400 I vndservicemanag: type=1400 audit(0.0:30): avc: denied { ioctl } for path="/dev/binderfs/vndbinder" dev="binder" ino=6 ioctlcmd=0x6209 scontext=u:r:recovery:s0 tcontext=u:object_r:vndbinder_device:s0 tclass=chr_file permissive=1
07-05 23:29:23.080   400   400 I vndservicemanag: type=1400 audit(0.0:31): avc: denied { map } for path="/dev/binderfs/vndbinder" dev="binder" ino=6 scontext=u:r:recovery:s0 tcontext=u:object_r:vndbinder_device:s0 tclass=chr_file permissive=1
07-05 23:29:23.093   398   398 I hwservicemanager: getDeviceHalManifest: Successfully processed VINTF information
07-05 23:29:23.093   398   398 I hwservicemanager: getFrameworkHalManifest: Successfully processed VINTF information
07-05 23:29:23.093   398   398 E SELinux : avc:  denied  { add } for interface=android.hidl.token::ITokenManager sid=u:r:recovery:s0 pid=398 scontext=u:r:recovery:s0 tcontext=u:object_r:hidl_token_hwservice:s0 tclass=hwservice_manager permissive=1
07-05 23:29:23.080     1     1 I unknown : type=1107 audit(0.0:32): uid=0 auid=4294967295 ses=4294967295 subj=u:r:init:s0 msg='avc: denied { set } for property=hwservicemanager.ready pid=398 uid=0 gid=0 scontext=u:r:recovery:s0 tcontext=u:object_r:hwservicemanager_prop:s0 tclass=property_service permissive=1'
07-05 23:29:23.096   398   398 I hwservicemanager: hwservicemanager is ready now.
07-05 23:29:23.080   409   409 I android.hardwar: type=1400 audit(0.0:33): avc: denied { write } for path="/dev/kmsg" dev="tmpfs" ino=11265 scontext=u:r:recovery:s0 tcontext=u:object_r:kmsg_device:s0 tclass=chr_file permissive=1
07-05 23:29:23.101   409   409 D hw-ProcessState: Binder ioctl to enable oneway spam detection failed: Invalid argument
07-05 23:29:23.102   409   409 E cutils-trace: Error opening trace file: No such file or directory (2)
07-05 23:29:23.080   409   409 I android.hardwar: type=1400 audit(0.0:34): avc: denied { call } for scontext=u:r:recovery:s0 tcontext=u:r:recovery:s0 tclass=binder permissive=1
07-05 23:29:23.102   398   398 E cutils-trace: Error opening trace file: No such file or directory (2)
07-05 23:29:23.103   398   398 E SELinux : avc:  denied  { find } for interface=android.hardware.health::IHealth sid=u:r:recovery:s0 pid=409 scontext=u:r:recovery:s0 tcontext=u:object_r:hal_health_hwservice:s0 tclass=hwservice_manager permissive=1
07-05 23:29:23.103   409   409 E HidlServiceManagement: getService: Potential race detected. The VINTF manifest is not being enforced. If a HAL server has a delay in starting and it is not in the manifest, it will not be retrieved. Please make sure all HALs on this device are in the VINTF manifest and enable PRODUCT_ENFORCE_VINTF_MANIFEST on this device (this is also enabled by PRODUCT_FULL_TREBLE). PRODUCT_ENFORCE_VINTF_MANIFEST will ensure that no race condition is possible here.
07-05 23:29:23.132   401   401 I keystore2: keystore2_main: Keystore2 is starting.
07-05 23:29:23.120   401   401 I keystore2: type=1400 audit(0.0:35): avc: denied { read } for name="u:object_r:keystore_crash_prop:s0" dev="tmpfs" ino=11461 scontext=u:r:recovery:s0 tcontext=u:object_r:keystore_crash_prop:s0 tclass=file permissive=1
07-05 23:29:23.120   401   401 I keystore2: type=1400 audit(0.0:36): avc: denied { open } for path="/dev/__properties__/u:object_r:keystore_crash_prop:s0" dev="tmpfs" ino=11461 scontext=u:r:recovery:s0 tcontext=u:object_r:keystore_crash_prop:s0 tclass=file permissive=1
07-05 23:29:23.120   401   401 I keystore2: type=1400 audit(0.0:37): avc: denied { getattr } for path="/dev/__properties__/u:object_r:keystore_crash_prop:s0" dev="tmpfs" ino=11461 scontext=u:r:recovery:s0 tcontext=u:object_r:keystore_crash_prop:s0 tclass=file permissive=1
07-05 23:29:23.120   401   401 I keystore2: type=1400 audit(0.0:38): avc: denied { map } for path="/dev/__properties__/u:object_r:keystore_crash_prop:s0" dev="tmpfs" ino=11461 scontext=u:r:recovery:s0 tcontext=u:object_r:keystore_crash_prop:s0 tclass=file permissive=1
07-05 23:29:23.132   401   401 I keystore2: keystore2_main: Starting thread pool now.
07-05 23:29:23.120     1     1 I unknown : type=1107 audit(0.0:39): uid=0 auid=4294967295 ses=4294967295 subj=u:r:init:s0 msg='avc: denied { set } for property=keystore.crash_count pid=401 uid=0 gid=1017 scontext=u:r:recovery:s0 tcontext=u:object_r:keystore_crash_prop:s0 tclass=property_service permissive=1'
07-05 23:29:23.132   401   401 D ProcessState: Binder ioctl to enable oneway spam detection failed: Invalid argument
07-05 23:29:23.133   401   411 I keystore2: getDeviceHalManifest: Reading VINTF information.
07-05 23:29:23.120   408   408 I recovery: type=1400 audit(0.0:40): avc: denied { getattr } for path="/sys/devices/virtual/thermal/thermal_zone3/temp" dev="sysfs" ino=31244 scontext=u:r:recovery:s0 tcontext=u:object_r:sysfs:s0 tclass=file permissive=1
07-05 23:29:23.140   401   411 I keystore2: getDeviceHalManifest: Successfully processed VINTF information
07-05 23:29:23.120   401   401 I Binder:401_2: type=1400 audit(0.0:41): avc: denied { transfer } for scontext=u:r:recovery:s0 tcontext=u:r:recovery:s0 tclass=binder permissive=1
07-05 23:29:23.140   399   399 E SELinux : avc:  denied  { add } for pid=401 uid=0 name=android.security.compat scontext=u:r:recovery:s0 tcontext=u:object_r:keystore_compat_hal_service:s0 tclass=service_manager permissive=1
07-05 23:29:23.141   399   399 E SELinux : avc:  denied  { find } for pid=401 uid=0 name=android.security.compat scontext=u:r:recovery:s0 tcontext=u:object_r:keystore_compat_hal_service:s0 tclass=service_manager permissive=1
07-05 23:29:23.141   401   401 D hw-ProcessState: Binder ioctl to enable oneway spam detection failed: Invalid argument
07-05 23:29:23.141   401   401 E cutils-trace: Error opening trace file: No such file or directory (2)
07-05 23:29:23.141   401   401 E HidlServiceManagement: getService: Potential race detected. The VINTF manifest is not being enforced. If a HAL server has a delay in starting and it is not in the manifest, it will not be retrieved. Please make sure all HALs on this device are in the VINTF manifest and enable PRODUCT_ENFORCE_VINTF_MANIFEST on this device (this is also enabled by PRODUCT_FULL_TREBLE). PRODUCT_ENFORCE_VINTF_MANIFEST will ensure that no race condition is possible here.
07-05 23:29:23.120     1     1 I unknown : type=1107 audit(0.0:42): uid=0 auid=4294967295 ses=4294967295 subj=u:r:init:s0 msg='avc: denied { set } for property=orangefox.super.partition pid=408 uid=0 gid=0 scontext=u:r:recovery:s0 tcontext=u:object_r:default_prop:s0 tclass=property_service permissive=1'
07-05 23:29:23.140   408   408 I recovery: type=1400 audit(0.0:43): avc: denied { write } for name="brightness" dev="sysfs" ino=41907 scontext=u:r:recovery:s0 tcontext=u:object_r:sysfs:s0 tclass=file permissive=1
07-05 23:29:23.140   408   408 I recovery: type=1400 audit(0.0:44): avc: denied { open } for path="/sys/devices/platform/i2c_leds/leds/lcd-backlight/brightness" dev="sysfs" ino=41907 scontext=u:r:recovery:s0 tcontext=u:object_r:sysfs:s0 tclass=file permissive=1
07-05 23:29:23.160   415   415 I chmod   : type=1400 audit(0.0:45): avc: denied { setattr } for name="bash" dev="rootfs" ino=7325 scontext=u:r:recovery:s0 tcontext=u:object_r:rootfs:s0 tclass=file permissive=1
07-05 23:29:23.180     1     1 I unknown : type=1107 audit(0.0:46): uid=0 auid=4294967295 ses=4294967295 subj=u:r:init:s0 msg='avc: denied { set } for property=ro.product.device pid=408 uid=0 gid=0 scontext=u:r:recovery:s0 tcontext=u:object_r:build_prop:s0 tclass=property_service permissive=1'
07-05 23:29:23.183   408   408 W libc    : Unable to set property "ro.product.device" to "spaced": error code: 0xb
07-05 23:29:23.192   408   408 W libc    : Unable to set property "ro.fastbootd.available" to "1": error code: 0xb
07-05 23:29:23.198   408   408 I recovery: Boot command: boot-recovery
07-05 23:29:23.180   408   408 I recovery: type=1400 audit(0.0:47): avc: denied { write } for name="etc" dev="rootfs" ino=7600 scontext=u:r:recovery:s0 tcontext=u:object_r:rootfs:s0 tclass=dir permissive=1
07-05 23:29:23.180   408   408 I recovery: type=1400 audit(0.0:48): avc: denied { add_name } for name="mtab" scontext=u:r:recovery:s0 tcontext=u:object_r:rootfs:s0 tclass=dir permissive=1
07-05 23:29:23.180   408   408 I recovery: type=1400 audit(0.0:49): avc: denied { create } for name="mtab" scontext=u:r:recovery:s0 tcontext=u:object_r:rootfs:s0 tclass=lnk_file permissive=1
07-05 23:29:23.201   408   408 I recovery: [libfs_mgr]Created logical partition system on device /dev/block/dm-0
07-05 23:29:23.201   408   408 I recovery: [libfs_mgr]Created logical partition vendor on device /dev/block/dm-1
07-05 23:29:23.202   408   408 I recovery: [libfs_mgr]Created logical partition product on device /dev/block/dm-2
07-05 23:29:23.202   408   408 I recovery: [libfs_mgr]Created logical partition odm on device /dev/block/dm-3
07-05 23:29:23.202   408   408 I recovery: [libfs_mgr]Created logical partition system_ext on device /dev/block/dm-4
07-05 23:29:23.200   408   408 I recovery: type=1400 audit(0.0:50): avc: denied { create } for name="system_root" scontext=u:r:recovery:s0 tcontext=u:object_r:rootfs:s0 tclass=dir permissive=1
07-05 23:29:23.200   408   408 I recovery: type=1400 audit(0.0:51): avc: denied { ioctl } for path="/dev/block/dm-0" dev="tmpfs" ino=13576 ioctlcmd=0x5331 scontext=u:r:recovery:s0 tcontext=u:object_r:dm_device:s0 tclass=blk_file permissive=1
07-05 23:29:23.200   408   408 I recovery: type=1400 audit(0.0:52): avc: denied { sys_rawio } for capability=17 scontext=u:r:recovery:s0 tcontext=u:r:recovery:s0 tclass=capability permissive=1
07-05 23:29:23.340   408   408 I recovery: type=1400 audit(0.0:53): avc: denied { write } for name="by-name" dev="tmpfs" ino=11287 scontext=u:r:recovery:s0 tcontext=u:object_r:block_device:s0 tclass=dir permissive=1
07-05 23:29:23.340   408   408 I recovery: type=1400 audit(0.0:54): avc: denied { add_name } for name="system" scontext=u:r:recovery:s0 tcontext=u:object_r:block_device:s0 tclass=dir permissive=1
07-05 23:29:23.340   408   408 I recovery: type=1400 audit(0.0:55): avc: denied { create } for name="system" scontext=u:r:recovery:s0 tcontext=u:object_r:block_device:s0 tclass=lnk_file permissive=1
07-05 23:29:23.340   408   408 I recovery: type=1400 audit(0.0:56): avc: denied { remove_name } for name="system_ext" dev="rootfs" ino=10741 scontext=u:r:recovery:s0 tcontext=u:object_r:rootfs:s0 tclass=dir permissive=1
07-05 23:29:23.340   408   408 I recovery: type=1400 audit(0.0:57): avc: denied { unlink } for name="system_ext" dev="rootfs" ino=10741 scontext=u:r:recovery:s0 tcontext=u:object_r:rootfs:s0 tclass=lnk_file permissive=1
07-05 23:29:23.340   408   408 I recovery: type=1400 audit(0.0:58): avc: denied { ioctl } for path="/dev/block/dm-4" dev="tmpfs" ino=13590 ioctlcmd=0x5331 scontext=u:r:recovery:s0 tcontext=u:object_r:dm_device:s0 tclass=blk_file permissive=1
07-05 23:29:23.460   408   408 I recovery: type=1400 audit(0.0:59): avc: denied { ioctl } for path="/dev/block/dm-1" dev="tmpfs" ino=13581 ioctlcmd=0x5331 scontext=u:r:recovery:s0 tcontext=u:object_r:dm_device:s0 tclass=blk_file permissive=1
07-05 23:29:23.600   408   408 I recovery: type=1400 audit(0.0:60): avc: denied { ioctl } for path="/dev/block/dm-2" dev="tmpfs" ino=13584 ioctlcmd=0x5331 scontext=u:r:recovery:s0 tcontext=u:object_r:dm_device:s0 tclass=blk_file permissive=1
07-05 23:29:23.740   408   408 I recovery: type=1400 audit(0.0:61): avc: denied { ioctl } for path="/dev/block/dm-3" dev="tmpfs" ino=13587 ioctlcmd=0x5331 scontext=u:r:recovery:s0 tcontext=u:object_r:dm_device:s0 tclass=blk_file permissive=1
07-05 23:29:23.760   305   305 I kworker/7:2: type=1400 audit(0.0:62): avc: denied { read write } for name="sdc7" dev="tmpfs" ino=11804 scontext=u:r:kernel:s0 tcontext=u:object_r:block_device:s0 tclass=blk_file permissive=1
07-05 23:29:23.760   305   305 I kworker/7:2: type=1400 audit(0.0:63): avc: denied { open } for path="/dev/block/sdc7" dev="tmpfs" ino=11804 scontext=u:r:kernel:s0 tcontext=u:object_r:block_device:s0 tclass=blk_file permissive=1
07-05 23:29:23.860   408   408 I recovery: type=1400 audit(0.0:64): avc: denied { read } for name="dev" dev="sysfs" ino=36053 scontext=u:r:recovery:s0 tcontext=u:object_r:sysfs:s0 tclass=file permissive=1
07-05 23:29:23.860   408   408 I recovery: type=1400 audit(0.0:65): avc: denied { getattr } for path="/persist/.foxs" dev="sdc17" ino=46 scontext=u:r:recovery:s0 tcontext=u:object_r:media_rw_data_file:s0 tclass=file permissive=1
07-05 23:29:23.860   408   408 I recovery: type=1400 audit(0.0:66): avc: denied { read } for name=".foxs" dev="sdc17" ino=46 scontext=u:r:recovery:s0 tcontext=u:object_r:media_rw_data_file:s0 tclass=file permissive=1
07-05 23:29:23.860   408   408 I recovery: type=1400 audit(0.0:67): avc: denied { open } for path="/persist/.foxs" dev="sdc17" ino=46 scontext=u:r:recovery:s0 tcontext=u:object_r:media_rw_data_file:s0 tclass=file permissive=1
07-05 23:29:23.860     1     1 I unknown : type=1107 audit(0.0:68): uid=0 auid=4294967295 ses=4294967295 subj=u:r:init:s0 msg='avc: denied { set } for property=persist.sys.timezone pid=408 uid=0 gid=0 scontext=u:r:recovery:s0 tcontext=u:object_r:exported_system_prop:s0 tclass=property_service permissive=1'
07-05 23:29:23.980   408   408 I recovery: type=1400 audit(0.0:69): avc: denied { ioctl } for path="/dev/block/dm-1" dev="tmpfs" ino=13581 ioctlcmd=0x5331 scontext=u:r:recovery:s0 tcontext=u:object_r:dm_device:s0 tclass=blk_file permissive=1
07-05 23:29:23.980   408   408 I recovery: type=1400 audit(0.0:70): avc: denied { ioctl } for path="/dev/block/dm-3" dev="tmpfs" ino=13587 ioctlcmd=0x5331 scontext=u:r:recovery:s0 tcontext=u:object_r:dm_device:s0 tclass=blk_file permissive=1
07-05 23:29:23.980   408   408 I recovery: type=1400 audit(0.0:71): avc: denied { write } for name="properties_serial" dev="tmpfs" ino=11576 scontext=u:r:recovery:s0 tcontext=u:object_r:properties_serial:s0 tclass=file permissive=1
07-05 23:29:23.980   408   408 I recovery: type=1400 audit(0.0:72): avc: denied { write } for name="u:object_r:vold_config_prop:s0" dev="tmpfs" ino=11562 scontext=u:r:recovery:s0 tcontext=u:object_r:vold_config_prop:s0 tclass=file permissive=1
07-05 23:29:23.980   408   408 I recovery: type=1400 audit(0.0:73): avc: denied { write } for name="u:object_r:storage_config_prop:s0" dev="tmpfs" ino=11524 scontext=u:r:recovery:s0 tcontext=u:object_r:storage_config_prop:s0 tclass=file permissive=1
07-05 23:29:23.980   408   408 I recovery: type=1400 audit(0.0:74): avc: denied { create } for name="additional.fstab" scontext=u:r:recovery:s0 tcontext=u:object_r:rootfs:s0 tclass=file permissive=1
07-05 23:29:23.980   408   408 I recovery: type=1400 audit(0.0:75): avc: denied { write } for path="/system/etc/additional.fstab" dev="rootfs" ino=12149 scontext=u:r:recovery:s0 tcontext=u:object_r:rootfs:s0 tclass=file permissive=1
07-05 23:29:24.105   409   409 E HidlServiceManagement: Could not find instance 'default' in library android.hardware.health@2.0-impl-default.so. Keeping library open.
07-05 23:29:24.106   409   409 I android.hardware.health@2.1-service: default instance initializing with healthd_config...
07-05 23:29:24.106   398   398 E SELinux : avc:  denied  { add } for interface=android.hardware.health::IHealth sid=u:r:recovery:s0 pid=409 scontext=u:r:recovery:s0 tcontext=u:object_r:hal_health_hwservice:s0 tclass=hwservice_manager permissive=1
07-05 23:29:24.107   409   409 I HidlServiceManagement: Registered android.hardware.health@2.1::IHealth/default
07-05 23:29:24.107   409   409 I HidlServiceManagement: Removing namespace from process name android.hardware.health@2.1-service to health@2.1-service.
07-05 23:29:24.107   409   409 I android.hardware.health@2.1-service: default: Hal init done
07-05 23:29:24.100   409   409 I android.hardwar: type=1400 audit(0.0:76): avc: denied { getattr } for path="/dev/kmsg" dev="tmpfs" ino=11265 scontext=u:r:recovery:s0 tcontext=u:object_r:kmsg_device:s0 tclass=chr_file permissive=1
07-05 23:29:24.100   409   409 I health@2.1-serv: type=1400 audit(0.0:77): avc: denied { wake_alarm } for capability=35 scontext=u:r:recovery:s0 tcontext=u:r:recovery:s0 tclass=capability2 permissive=1
07-05 23:29:24.100   409   409 I health@2.1-serv: type=1400 audit(0.0:78): avc: denied { create } for scontext=u:r:recovery:s0 tcontext=u:r:recovery:s0 tclass=netlink_kobject_uevent_socket permissive=1
07-05 23:29:24.100   409   409 I health@2.1-serv: type=1400 audit(0.0:79): avc: denied { setopt } for scontext=u:r:recovery:s0 tcontext=u:r:recovery:s0 tclass=netlink_kobject_uevent_socket permissive=1
07-05 23:29:24.100   409   409 I health@2.1-serv: type=1400 audit(0.0:80): avc: denied { getopt } for scontext=u:r:recovery:s0 tcontext=u:r:recovery:s0 tclass=netlink_kobject_uevent_socket permissive=1
07-05 23:29:24.100   409   409 I health@2.1-serv: type=1400 audit(0.0:81): avc: denied { bind } for scontext=u:r:recovery:s0 tcontext=u:r:recovery:s0 tclass=netlink_kobject_uevent_socket permissive=1
07-05 23:29:24.142   398   398 E SELinux : avc:  denied  { find } for interface=android.hardware.keymaster::IKeymasterDevice sid=u:r:recovery:s0 pid=401 scontext=u:r:recovery:s0 tcontext=u:object_r:hal_keymaster_hwservice:s0 tclass=hwservice_manager permissive=1
07-05 23:29:24.142   401   401 E HidlServiceManagement: getService: Potential race detected. The VINTF manifest is not being enforced. If a HAL server has a delay in starting and it is not in the manifest, it will not be retrieved. Please make sure all HALs on this device are in the VINTF manifest and enable PRODUCT_ENFORCE_VINTF_MANIFEST on this device (this is also enabled by PRODUCT_FULL_TREBLE). PRODUCT_ENFORCE_VINTF_MANIFEST will ensure that no race condition is possible here.
07-05 23:29:24.280   408   408 I recovery: type=1400 audit(0.0:82): avc: denied { read write } for name="card0" dev="tmpfs" ino=11708 scontext=u:r:recovery:s0 tcontext=u:object_r:device:s0 tclass=chr_file permissive=1
07-05 23:29:24.280   408   408 I recovery: type=1400 audit(0.0:83): avc: denied { open } for path="/dev/dri/card0" dev="tmpfs" ino=11708 scontext=u:r:recovery:s0 tcontext=u:object_r:device:s0 tclass=chr_file permissive=1
07-05 23:29:24.280   408   408 I recovery: type=1400 audit(0.0:84): avc: denied { ioctl } for path="/dev/dri/card0" dev="tmpfs" ino=11708 ioctlcmd=0x640c scontext=u:r:recovery:s0 tcontext=u:object_r:device:s0 tclass=chr_file permissive=1
07-05 23:29:24.280   408   408 I recovery: type=1400 audit(0.0:85): avc: denied { map } for path="/dev/dri/card0" dev="tmpfs" ino=11708 scontext=u:r:recovery:s0 tcontext=u:object_r:device:s0 tclass=chr_file permissive=1
07-05 23:29:24.306   408   408 E ashmem  : memfd: ro.vndk.version not defined or invalid (), this is mandated since P.
07-05 23:29:24.300   408   408 I recovery: type=1400 audit(0.0:86): avc: denied { execmem } for scontext=u:r:recovery:s0 tcontext=u:r:recovery:s0 tclass=process permissive=1
07-05 23:29:24.306   408   408 I ArmToArm64Assembler: generated scanline__00000077:03010101_00008001_00000000 [195 ipp] (241 ins) at [0x7aab7473c0:0x7aab747784] in 39385ns
07-05 23:29:24.300   408   408 I recovery: type=1400 audit(0.0:87): avc: denied { execute } for path="/dev/ashmemcd6c3507-eecf-4c85-8c81-b6f63b765e79" dev="tmpfs" ino=13318 scontext=u:r:recovery:s0 tcontext=u:object_r:ashmem_libcutils_device:s0 tclass=chr_file permissive=1
07-05 23:29:24.325   408   408 I ArmToArm64Assembler: generated scanline__00000077:03545401_00000A01_00000000 [ 69 ipp] (113 ins) at [0x7aab747790:0x7aab747954] in 31692ns
07-05 23:29:24.328   408   408 I ArmToArm64Assembler: generated scanline__00000077:03545401_00000A08_00000000 [ 69 ipp] (116 ins) at [0x7aab747960:0x7aab747b30] in 26154ns
07-05 23:29:24.340   408   408 I recovery: type=1400 audit(0.0:88): avc: denied { ioctl } for path="/dev/block/dm-0" dev="tmpfs" ino=13576 ioctlcmd=0x5331 scontext=u:r:recovery:s0 tcontext=u:object_r:dm_device:s0 tclass=blk_file permissive=1
07-05 23:29:24.340   408   408 I recovery: type=1400 audit(0.0:89): avc: denied { ioctl } for path="/dev/block/dm-1" dev="tmpfs" ino=13581 ioctlcmd=0x5331 scontext=u:r:recovery:s0 tcontext=u:object_r:dm_device:s0 tclass=blk_file permissive=1
07-05 23:29:25.142   398   398 I hwservicemanager: Since android.hardware.keymaster@4.0::IKeymasterDevice/default is not registered, trying to start it as a lazy HAL.
07-05 23:29:25.142   398   398 I hwservicemanager: Since android.hardware.keymaster@4.0::IKeymasterDevice/default is not registered, trying to start it as a lazy HAL.
07-05 23:29:25.142   401   401 I HidlServiceManagement: getService: Trying again for android.hardware.keymaster@4.0::IKeymasterDevice/default...
07-05 23:29:25.140     1     1 I unknown : type=1107 audit(0.0:90): uid=0 auid=4294967295 ses=4294967295 subj=u:r:init:s0 msg='avc: denied { set } for property=ctl.interface_start$android.hardware.keymaster@4.0::IKeymasterDevice/default pid=398 uid=0 gid=0 scontext=u:r:recovery:s0 tcontext=u:object_r:ctl_interface_start_prop:s0 tclass=property_service permissive=1'
07-05 23:29:25.143   398   438 W libc    : Unable to set property "ctl.interface_start" to "android.hardware.keymaster@4.0::IKeymasterDevice/default": error code: 0x20
07-05 23:29:25.143   398   438 I hwservicemanager: Tried to start android.hardware.keymaster@4.0::IKeymasterDevice/default as a lazy service, but was unable to. Usually this happens when a service is not installed, but if the service is intended to be used as a lazy service, then it may be configured incorrectly.
07-05 23:29:25.143   398   436 W libc    : Unable to set property "ctl.interface_start" to "android.hardware.keymaster@4.0::IKeymasterDevice/default": error code: 0x20
07-05 23:29:25.143   398   436 I hwservicemanager: Tried to start android.hardware.keymaster@4.0::IKeymasterDevice/default as a lazy service, but was unable to. Usually this happens when a service is not installed, but if the service is intended to be used as a lazy service, then it may be configured incorrectly.
07-05 23:29:25.589   408   408 I recovery: fscrypt_mount_metadata_encrypted: /data encrypt: 0 format: 0 with f2fs
07-05 23:29:25.591   408   408 I recovery: metadata_key_dir/key: /metadata/vold/metadata_encryption/key
07-05 23:29:25.580   408   408 I recovery: type=1400 audit(0.0:91): avc: denied { search } for name="vold" dev="sdc16" ino=16 scontext=u:r:recovery:s0 tcontext=u:object_r:vold_metadata_file:s0 tclass=dir permissive=1
07-05 23:29:25.592   408   408 I recovery: Key exists, using: /metadata/vold/metadata_encryption/key
07-05 23:29:25.592   408   408 I recovery: Retrieving key from keymaster
07-05 23:29:25.580   408   408 I recovery: type=1400 audit(0.0:92): avc: denied { read } for name="version" dev="sdc16" ino=64 scontext=u:r:recovery:s0 tcontext=u:object_r:vold_metadata_file:s0 tclass=file permissive=1
07-05 23:29:25.580   408   408 I recovery: type=1400 audit(0.0:93): avc: denied { open } for path="/metadata/vold/metadata_encryption/key/version" dev="sdc16" ino=64 scontext=u:r:recovery:s0 tcontext=u:object_r:vold_metadata_file:s0 tclass=file permissive=1
07-05 23:29:25.580   408   408 I recovery: type=1400 audit(0.0:94): avc: denied { getattr } for path="/metadata/vold/metadata_encryption/key/version" dev="sdc16" ino=64 scontext=u:r:recovery:s0 tcontext=u:object_r:vold_metadata_file:s0 tclass=file permissive=1
07-05 23:29:25.592   408   408 D ProcessState: Binder ioctl to enable oneway spam detection failed: Invalid argument
07-05 23:29:25.593   399   399 E SELinux : avc:  denied  { find } for pid=408 uid=0 name=android.system.keystore2.IKeystoreService/default scontext=u:r:recovery:s0 tcontext=u:object_r:keystore_service:s0 tclass=service_manager permissive=1
07-05 23:29:25.593   399   399 I servicemanager: Since 'android.system.keystore2.IKeystoreService/default' could not be found, trying to start it as a lazy AIDL service
07-05 23:29:25.593   399   440 W libc    : Unable to set property "ctl.interface_start" to "aidl/android.system.keystore2.IKeystoreService/default": error code: 0x20
07-05 23:29:25.593   399   440 I servicemanager: Tried to start aidl service android.system.keystore2.IKeystoreService/default as a lazy service, but was unable to. Usually this happens when a service is not installed, but if the service is intended to be used as a lazy service, then it may be configured incorrectly.
07-05 23:29:25.880   409   409 I health@2.1-serv: type=1400 audit(0.0:95): avc: denied { read } for scontext=u:r:recovery:s0 tcontext=u:r:recovery:s0 tclass=netlink_kobject_uevent_socket permissive=1
07-05 23:29:26.142   401   401 W HidlServiceManagement: Waited one second for android.hardware.keymaster@4.0::IKeymasterDevice/default
07-05 23:29:26.143   398   398 I hwservicemanager: Since android.hardware.keymaster@4.0::IKeymasterDevice/default is not registered, trying to start it as a lazy HAL.
07-05 23:29:26.143   401   401 I HidlServiceManagement: getService: Trying again for android.hardware.keymaster@4.0::IKeymasterDevice/default...
07-05 23:29:26.143   398   441 W libc    : Unable to set property "ctl.interface_start" to "android.hardware.keymaster@4.0::IKeymasterDevice/default": error code: 0x20
07-05 23:29:26.143   398   441 I hwservicemanager: Tried to start android.hardware.keymaster@4.0::IKeymasterDevice/default as a lazy service, but was unable to. Usually this happens when a service is not installed, but if the service is intended to be used as a lazy service, then it may be configured incorrectly.
07-05 23:29:26.593   408   408 W ServiceManager: Waited one second for android.system.keystore2.IKeystoreService/default (is service started? are binder threads started and available?)
07-05 23:29:26.593   399   399 I servicemanager: Since 'android.system.keystore2.IKeystoreService/default' could not be found, trying to start it as a lazy AIDL service
07-05 23:29:26.593   399   442 W libc    : Unable to set property "ctl.interface_start" to "aidl/android.system.keystore2.IKeystoreService/default": error code: 0x20
07-05 23:29:26.594   399   442 I servicemanager: Tried to start aidl service android.system.keystore2.IKeystoreService/default as a lazy service, but was unable to. Usually this happens when a service is not installed, but if the service is intended to be used as a lazy service, then it may be configured incorrectly.
07-05 23:29:27.143   401   401 W HidlServiceManagement: Waited one second for android.hardware.keymaster@4.0::IKeymasterDevice/default
07-05 23:29:27.143   398   398 I hwservicemanager: Since android.hardware.keymaster@4.0::IKeymasterDevice/default is not registered, trying to start it as a lazy HAL.
07-05 23:29:27.143   401   401 I HidlServiceManagement: getService: Trying again for android.hardware.keymaster@4.0::IKeymasterDevice/default...
07-05 23:29:27.143   398   443 W libc    : Unable to set property "ctl.interface_start" to "android.hardware.keymaster@4.0::IKeymasterDevice/default": error code: 0x20
07-05 23:29:27.143   398   443 I hwservicemanager: Tried to start android.hardware.keymaster@4.0::IKeymasterDevice/default as a lazy service, but was unable to. Usually this happens when a service is not installed, but if the service is intended to be used as a lazy service, then it may be configured incorrectly.
07-05 23:29:27.593   408   408 W ServiceManager: Waited one second for android.system.keystore2.IKeystoreService/default (is service started? are binder threads started and available?)
07-05 23:29:27.593   399   399 I servicemanager: Since 'android.system.keystore2.IKeystoreService/default' could not be found, trying to start it as a lazy AIDL service
07-05 23:29:27.594   399   444 W libc    : Unable to set property "ctl.interface_start" to "aidl/android.system.keystore2.IKeystoreService/default": error code: 0x20
07-05 23:29:27.594   399   444 I servicemanager: Tried to start aidl service android.system.keystore2.IKeystoreService/default as a lazy service, but was unable to. Usually this happens when a service is not installed, but if the service is intended to be used as a lazy service, then it may be configured incorrectly.
07-05 23:29:28.126   445   445 I adbd    : persist.adb.watchdog set to ''
07-05 23:29:28.126   445   445 I adbd    : persist.sys.test_harness set to ''
07-05 23:29:28.126   445   445 I adbd    : adb watchdog timeout set to 600 seconds
07-05 23:29:28.127   445   445 I adbd    : adbd started
07-05 23:29:28.127   445   449 I adbd    : opening control endpoint /dev/usb-ffs/adb/ep0
07-05 23:29:28.128   445   449 I adbd    : UsbFfsConnection constructed
07-05 23:29:28.129   445   447 I adbd    : Waiting for persist.adb.tls_server.enable=1
07-05 23:29:28.129   445   450 I adbd    : UsbFfs-monitor thread spawned
07-05 23:29:28.129   445   450 I adbd    : USB event: FUNCTIONFS_BIND
07-05 23:29:28.143   401   401 W HidlServiceManagement: Waited one second for android.hardware.keymaster@4.0::IKeymasterDevice/default
07-05 23:29:28.143   398   398 I hwservicemanager: Since android.hardware.keymaster@4.0::IKeymasterDevice/default is not registered, trying to start it as a lazy HAL.
07-05 23:29:28.143   401   401 I HidlServiceManagement: getService: Trying again for android.hardware.keymaster@4.0::IKeymasterDevice/default...
07-05 23:29:28.144   398   451 W libc    : Unable to set property "ctl.interface_start" to "android.hardware.keymaster@4.0::IKeymasterDevice/default": error code: 0x20
07-05 23:29:28.144   398   451 I hwservicemanager: Tried to start android.hardware.keymaster@4.0::IKeymasterDevice/default as a lazy service, but was unable to. Usually this happens when a service is not installed, but if the service is intended to be used as a lazy service, then it may be configured incorrectly.
07-05 23:29:28.594   408   408 W ServiceManager: Waited one second for android.system.keystore2.IKeystoreService/default (is service started? are binder threads started and available?)
07-05 23:29:28.594   399   399 I servicemanager: Since 'android.system.keystore2.IKeystoreService/default' could not be found, trying to start it as a lazy AIDL service
07-05 23:29:28.594   399   452 W libc    : Unable to set property "ctl.interface_start" to "aidl/android.system.keystore2.IKeystoreService/default": error code: 0x20
07-05 23:29:28.594   399   452 I servicemanager: Tried to start aidl service android.system.keystore2.IKeystoreService/default as a lazy service, but was unable to. Usually this happens when a service is not installed, but if the service is intended to be used as a lazy service, then it may be configured incorrectly.
07-05 23:29:29.144   401   401 W HidlServiceManagement: Waited one second for android.hardware.keymaster@4.0::IKeymasterDevice/default
07-05 23:29:29.144   398   398 I hwservicemanager: Since android.hardware.keymaster@4.0::IKeymasterDevice/default is not registered, trying to start it as a lazy HAL.
07-05 23:29:29.144   401   401 I HidlServiceManagement: getService: Trying again for android.hardware.keymaster@4.0::IKeymasterDevice/default...
07-05 23:29:29.144   398   453 W libc    : Unable to set property "ctl.interface_start" to "android.hardware.keymaster@4.0::IKeymasterDevice/default": error code: 0x20
07-05 23:29:29.144   398   453 I hwservicemanager: Tried to start android.hardware.keymaster@4.0::IKeymasterDevice/default as a lazy service, but was unable to. Usually this happens when a service is not installed, but if the service is intended to be used as a lazy service, then it may be configured incorrectly.
07-05 23:29:29.594   408   408 W ServiceManager: Waited one second for android.system.keystore2.IKeystoreService/default (is service started? are binder threads started and available?)
07-05 23:29:29.594   399   399 I servicemanager: Since 'android.system.keystore2.IKeystoreService/default' could not be found, trying to start it as a lazy AIDL service
07-05 23:29:29.595   399   454 W libc    : Unable to set property "ctl.interface_start" to "aidl/android.system.keystore2.IKeystoreService/default": error code: 0x20
07-05 23:29:29.595   399   454 I servicemanager: Tried to start aidl service android.system.keystore2.IKeystoreService/default as a lazy service, but was unable to. Usually this happens when a service is not installed, but if the service is intended to be used as a lazy service, then it may be configured incorrectly.
07-05 23:29:30.144   401   401 W HidlServiceManagement: Waited one second for android.hardware.keymaster@4.0::IKeymasterDevice/default
07-05 23:29:30.144   398   398 I hwservicemanager: Since android.hardware.keymaster@4.0::IKeymasterDevice/default is not registered, trying to start it as a lazy HAL.
07-05 23:29:30.144   401   401 I HidlServiceManagement: getService: Trying again for android.hardware.keymaster@4.0::IKeymasterDevice/default...
07-05 23:29:30.144   398   455 W libc    : Unable to set property "ctl.interface_start" to "android.hardware.keymaster@4.0::IKeymasterDevice/default": error code: 0x20
07-05 23:29:30.145   398   455 I hwservicemanager: Tried to start android.hardware.keymaster@4.0::IKeymasterDevice/default as a lazy service, but was unable to. Usually this happens when a service is not installed, but if the service is intended to be used as a lazy service, then it may be configured incorrectly.
07-05 23:29:30.595   408   408 W ServiceManager: Waited one second for android.system.keystore2.IKeystoreService/default (is service started? are binder threads started and available?)
07-05 23:29:30.595   399   399 I servicemanager: Since 'android.system.keystore2.IKeystoreService/default' could not be found, trying to start it as a lazy AIDL service
07-05 23:29:30.595   399   456 W libc    : Unable to set property "ctl.interface_start" to "aidl/android.system.keystore2.IKeystoreService/default": error code: 0x20
07-05 23:29:30.595   399   456 I servicemanager: Tried to start aidl service android.system.keystore2.IKeystoreService/default as a lazy service, but was unable to. Usually this happens when a service is not installed, but if the service is intended to be used as a lazy service, then it may be configured incorrectly.
07-05 23:29:31.144   401   401 W HidlServiceManagement: Waited one second for android.hardware.keymaster@4.0::IKeymasterDevice/default
07-05 23:29:31.144   398   398 I hwservicemanager: Since android.hardware.keymaster@4.0::IKeymasterDevice/default is not registered, trying to start it as a lazy HAL.
07-05 23:29:31.145   401   401 I HidlServiceManagement: getService: Trying again for android.hardware.keymaster@4.0::IKeymasterDevice/default...
07-05 23:29:31.145   398   458 W libc    : Unable to set property "ctl.interface_start" to "android.hardware.keymaster@4.0::IKeymasterDevice/default": error code: 0x20
07-05 23:29:31.145   398   458 I hwservicemanager: Tried to start android.hardware.keymaster@4.0::IKeymasterDevice/default as a lazy service, but was unable to. Usually this happens when a service is not installed, but if the service is intended to be used as a lazy service, then it may be configured incorrectly.
07-05 23:29:31.595   408   408 W ServiceManager: Waited one second for android.system.keystore2.IKeystoreService/default (is service started? are binder threads started and available?)
07-05 23:29:31.595   399   399 I servicemanager: Since 'android.system.keystore2.IKeystoreService/default' could not be found, trying to start it as a lazy AIDL service
07-05 23:29:31.595   399   459 W libc    : Unable to set property "ctl.interface_start" to "aidl/android.system.keystore2.IKeystoreService/default": error code: 0x20
07-05 23:29:31.595   399   459 I servicemanager: Tried to start aidl service android.system.keystore2.IKeystoreService/default as a lazy service, but was unable to. Usually this happens when a service is not installed, but if the service is intended to be used as a lazy service, then it may be configured incorrectly.
07-05 23:29:32.145   401   401 W HidlServiceManagement: Waited one second for android.hardware.keymaster@4.0::IKeymasterDevice/default
07-05 23:29:32.145   398   398 I hwservicemanager: Since android.hardware.keymaster@4.0::IKeymasterDevice/default is not registered, trying to start it as a lazy HAL.
07-05 23:29:32.145   401   401 I HidlServiceManagement: getService: Trying again for android.hardware.keymaster@4.0::IKeymasterDevice/default...
07-05 23:29:32.145   398   460 W libc    : Unable to set property "ctl.interface_start" to "android.hardware.keymaster@4.0::IKeymasterDevice/default": error code: 0x20
07-05 23:29:32.145   398   460 I hwservicemanager: Tried to start android.hardware.keymaster@4.0::IKeymasterDevice/default as a lazy service, but was unable to. Usually this happens when a service is not installed, but if the service is intended to be used as a lazy service, then it may be configured incorrectly.
07-05 23:29:32.595   408   408 W ServiceManager: Waited one second for android.system.keystore2.IKeystoreService/default (is service started? are binder threads started and available?)
07-05 23:29:32.595   399   399 I servicemanager: Since 'android.system.keystore2.IKeystoreService/default' could not be found, trying to start it as a lazy AIDL service
07-05 23:29:32.596   399   461 W libc    : Unable to set property "ctl.interface_start" to "aidl/android.system.keystore2.IKeystoreService/default": error code: 0x20
07-05 23:29:32.596   399   461 I servicemanager: Tried to start aidl service android.system.keystore2.IKeystoreService/default as a lazy service, but was unable to. Usually this happens when a service is not installed, but if the service is intended to be used as a lazy service, then it may be configured incorrectly.
07-05 23:29:33.145   401   401 W HidlServiceManagement: Waited one second for android.hardware.keymaster@4.0::IKeymasterDevice/default
07-05 23:29:33.145   398   398 I hwservicemanager: Since android.hardware.keymaster@4.0::IKeymasterDevice/default is not registered, trying to start it as a lazy HAL.
07-05 23:29:33.145   401   401 I HidlServiceManagement: getService: Trying again for android.hardware.keymaster@4.0::IKeymasterDevice/default...
07-05 23:29:33.146   398   462 W libc    : Unable to set property "ctl.interface_start" to "android.hardware.keymaster@4.0::IKeymasterDevice/default": error code: 0x20
