07-06 09:20:56.801     0     0 I mt6781-mt6366 sound: mt6781_mt6366_dev_probe(), update platform dai
07-06 09:20:56.801     0     0 I mt6781-mt6366 sound: mt6781_mt6366_dev_probe(), update audio-codec dai
07-06 09:20:56.801     0     0 I mt6781-mt6366 sound: mt6781_mt6366_dev_probe(), devm_snd_soc_register_card
07-06 09:20:56.801     0     0 D [debug][soc_sia81xx_init]: aux_dev = sia81xx.0
07-06 09:20:56.801     0     0 I mt6781-mt6366 sound: ASoC: CPU DAI audio_task_offload_dai not registered
07-06 09:20:56.801     0     0 E mt6781-mt6366 sound: mt6781_mt6366_dev_probe snd_soc_register_card fail -517
07-06 09:20:56.801     0     0 D         : probe of sound returned 0 after 108 usecs
07-06 09:20:56.801     0     0 D         : probe of odm:rt5133-gpio1 returned -517 after 0 usecs
07-06 09:20:56.801     0     0 D         : probe of odm:rt5133-gpio2 returned -517 after 0 usecs
07-06 09:20:56.801     0     0 D         : probe of odm:rt5133-gpio3 returned -517 after 0 usecs
07-06 09:20:56.801     0     0 D         : probe of i2c_leds returned 1 after 43566 usecs
07-06 09:20:56.801     0     0 D         : initcall mtk_leds_init+0x0/0x6c returned 0 after 42803 usecs
07-06 09:20:56.801     0     0 D         : calling  imgsensor_init+0x0/0x38 @ 1
07-06 09:20:56.802     0     0 I         : ERROR: gpio_init : pinctrl err, cam0_pnd1
07-06 09:20:56.802     0     0 I         : ERROR: gpio_init : pinctrl err, cam0_pnd0
07-06 09:20:56.802     0     0 I         : ERROR: gpio_init : pinctrl err, cam0_ldo_vcama_1
07-06 09:20:56.802     0     0 I         : ERROR: gpio_init : pinctrl err, cam0_ldo_vcama_0
07-06 09:20:56.802     0     0 I         : ERROR: gpio_init : pinctrl err, cam0_ldo_vcamd_1
07-06 09:20:56.802     0     0 I         : ERROR: gpio_init : pinctrl err, cam0_ldo_vcamd_0
07-06 09:20:56.802     0     0 I         : ERROR: gpio_init : pinctrl err, cam0_ldo_vcamio_1
07-06 09:20:56.802     0     0 I         : ERROR: gpio_init : pinctrl err, cam0_ldo_vcamio_0
07-06 09:20:56.802     0     0 I         : ERROR: gpio_init : pinctrl err, cam0_ldo_vcama1_1
07-06 09:20:56.802     0     0 I         : ERROR: gpio_init : pinctrl err, cam0_ldo_vcama1_0
07-06 09:20:56.802     0     0 I         : ERROR: gpio_init : pinctrl err, cam0_ldo_vcamd1_1
07-06 09:20:56.802     0     0 I         : ERROR: gpio_init : pinctrl err, cam0_ldo_vcamd1_0
07-06 09:20:56.802     0     0 I         : ERROR: gpio_init : pinctrl err, cam0_ldo_vcamiso_1
07-06 09:20:56.802     0     0 I         : ERROR: gpio_init : pinctrl err, cam0_ldo_vcamiso_0
07-06 09:20:56.802     0     0 I         : ERROR: gpio_init : pinctrl err, cam0_ldo_vcamiso1_1
07-06 09:20:56.802     0     0 I         : ERROR: gpio_init : pinctrl err, cam0_ldo_vcamiso1_0
07-06 09:20:56.802     0     0 I         : ERROR: gpio_init : pinctrl err, cam0_ldo_vcamiso1_0
07-06 09:20:56.802     0     0 I         : ERROR: gpio_init : pinctrl err, cam0_ldo_vcamiso1_0
07-06 09:20:56.802     0     0 I         : ERROR: gpio_init : pinctrl err, cam1_pnd1
07-06 09:20:56.802     0     0 I         : ERROR: gpio_init : pinctrl err, cam1_pnd0
07-06 09:20:56.802     0     0 I         : ERROR: gpio_init : pinctrl err, cam1_ldo_vcama_1
07-06 09:20:56.802     0     0 I         : ERROR: gpio_init : pinctrl err, cam1_ldo_vcama_0
07-06 09:20:56.802     0     0 I         : ERROR: gpio_init : pinctrl err, cam1_ldo_vcamd_1
07-06 09:20:56.802     0     0 I         : ERROR: gpio_init : pinctrl err, cam1_ldo_vcamd_0
07-06 09:20:56.802     0     0 I         : ERROR: gpio_init : pinctrl err, cam1_ldo_vcamio_1
07-06 09:20:56.802     0     0 I         : ERROR: gpio_init : pinctrl err, cam1_ldo_vcamio_0
07-06 09:20:56.802     0     0 I         : ERROR: gpio_init : pinctrl err, cam1_ldo_vcama1_1
07-06 09:20:56.802     0     0 I         : ERROR: gpio_init : pinctrl err, cam1_ldo_vcama1_0
07-06 09:20:56.802     0     0 I         : ERROR: gpio_init : pinctrl err, cam1_ldo_vcamd1_1
07-06 09:20:56.802     0     0 I         : ERROR: gpio_init : pinctrl err, cam1_ldo_vcamd1_0
07-06 09:20:56.802     0     0 I         : ERROR: gpio_init : pinctrl err, cam1_ldo_vcamiso_1
07-06 09:20:56.802     0     0 I         : ERROR: gpio_init : pinctrl err, cam1_ldo_vcamiso_0
07-06 09:20:56.802     0     0 I         : ERROR: gpio_init : pinctrl err, cam1_ldo_vcamiso1_1
07-06 09:20:56.802     0     0 I         : ERROR: gpio_init : pinctrl err, cam1_ldo_vcamiso1_0
07-06 09:20:56.802     0     0 I         : ERROR: gpio_init : pinctrl err, cam1_ldo_vcamiso1_0
07-06 09:20:56.802     0     0 I         : ERROR: gpio_init : pinctrl err, cam1_ldo_vcamiso1_0
07-06 09:20:56.802     0     0 I         : ERROR: gpio_init : pinctrl err, cam2_pnd1
07-06 09:20:56.802     0     0 I         : ERROR: gpio_init : pinctrl err, cam2_pnd0
07-06 09:20:56.802     0     0 I         : ERROR: gpio_init : pinctrl err, cam2_ldo_vcama_1
07-06 09:20:56.802     0     0 I         : ERROR: gpio_init : pinctrl err, cam2_ldo_vcama_0
07-06 09:20:56.802     0     0 I         : ERROR: gpio_init : pinctrl err, cam2_ldo_vcamd_1
07-06 09:20:56.802     0     0 I         : ERROR: gpio_init : pinctrl err, cam2_ldo_vcamd_0
07-06 09:20:56.802     0     0 I         : ERROR: gpio_init : pinctrl err, cam2_ldo_vcamio_1
07-06 09:20:56.802     0     0 I         : ERROR: gpio_init : pinctrl err, cam2_ldo_vcamio_0
07-06 09:20:56.802     0     0 I         : ERROR: gpio_init : pinctrl err, cam2_ldo_vcama1_1
07-06 09:20:56.802     0     0 I         : ERROR: gpio_init : pinctrl err, cam2_ldo_vcama1_0
07-06 09:20:56.802     0     0 I         : ERROR: gpio_init : pinctrl err, cam2_ldo_vcamd1_1
07-06 09:20:56.802     0     0 I         : ERROR: gpio_init : pinctrl err, cam2_ldo_vcamd1_0
07-06 09:20:56.802     0     0 I         : ERROR: gpio_init : pinctrl err, cam2_ldo_vcamiso_1
07-06 09:20:56.802     0     0 I         : ERROR: gpio_init : pinctrl err, cam2_ldo_vcamiso_0
07-06 09:20:56.802     0     0 I         : ERROR: gpio_init : pinctrl err, cam2_ldo_vcamiso1_1
07-06 09:20:56.802     0     0 I         : ERROR: gpio_init : pinctrl err, cam2_ldo_vcamiso1_0
07-06 09:20:56.802     0     0 I         : ERROR: gpio_init : pinctrl err, cam2_ldo_vcamiso1_0
07-06 09:20:56.802     0     0 I         : ERROR: gpio_init : pinctrl err, cam2_ldo_vcamiso1_0
07-06 09:20:56.802     0     0 I         : ERROR: gpio_init : pinctrl err, cam3_pnd1
07-06 09:20:56.802     0     0 I         : ERROR: gpio_init : pinctrl err, cam3_pnd0
07-06 09:20:56.802     0     0 I         : ERROR: gpio_init : pinctrl err, cam3_ldo_vcama_1
07-06 09:20:56.802     0     0 I         : ERROR: gpio_init : pinctrl err, cam3_ldo_vcama_0
07-06 09:20:56.802     0     0 I         : ERROR: gpio_init : pinctrl err, cam3_ldo_vcamd_1
07-06 09:20:56.802     0     0 I         : ERROR: gpio_init : pinctrl err, cam3_ldo_vcamd_0
07-06 09:20:56.802     0     0 I         : ERROR: gpio_init : pinctrl err, cam3_ldo_vcamio_1
07-06 09:20:56.802     0     0 I         : ERROR: gpio_init : pinctrl err, cam3_ldo_vcamio_0
07-06 09:20:56.802     0     0 I         : ERROR: gpio_init : pinctrl err, cam3_ldo_vcama1_1
07-06 09:20:56.802     0     0 I         : ERROR: gpio_init : pinctrl err, cam3_ldo_vcama1_0
07-06 09:20:56.802     0     0 I         : ERROR: gpio_init : pinctrl err, cam3_ldo_vcamd1_1
07-06 09:20:56.802     0     0 I         : ERROR: gpio_init : pinctrl err, cam3_ldo_vcamd1_0
07-06 09:20:56.802     0     0 I         : ERROR: gpio_init : pinctrl err, cam3_ldo_vcamiso_1
07-06 09:20:56.802     0     0 I         : ERROR: gpio_init : pinctrl err, cam3_ldo_vcamiso_0
07-06 09:20:56.802     0     0 I         : ERROR: gpio_init : pinctrl err, cam3_ldo_vcamiso1_1
07-06 09:20:56.802     0     0 I         : ERROR: gpio_init : pinctrl err, cam3_ldo_vcamiso1_0
07-06 09:20:56.802     0     0 I         : ERROR: gpio_init : pinctrl err, cam3_ldo_vcamiso1_0
07-06 09:20:56.802     0     0 I         : ERROR: gpio_init : pinctrl err, cam3_ldo_vcamiso1_0
07-06 09:20:56.802     0     0 I         : ERROR: gpio_init : pinctrl err, cam4_pnd1
07-06 09:20:56.802     0     0 I         : ERROR: gpio_init : pinctrl err, cam4_pnd0
07-06 09:20:56.802     0     0 I         : ERROR: gpio_init : pinctrl err, cam4_rst1
07-06 09:20:56.802     0     0 I         : ERROR: gpio_init : pinctrl err, cam4_rst0
07-06 09:20:56.802     0     0 I         : ERROR: gpio_init : pinctrl err, cam4_ldo_vcama_1
07-06 09:20:56.802     0     0 I         : ERROR: gpio_init : pinctrl err, cam4_ldo_vcama_0
07-06 09:20:56.802     0     0 I         : ERROR: gpio_init : pinctrl err, cam4_ldo_vcamd_1
07-06 09:20:56.802     0     0 I         : ERROR: gpio_init : pinctrl err, cam4_ldo_vcamd_0
07-06 09:20:56.802     0     0 I         : ERROR: gpio_init : pinctrl err, cam4_ldo_vcamio_1
07-06 09:20:56.802     0     0 I         : ERROR: gpio_init : pinctrl err, cam4_ldo_vcamio_0
07-06 09:20:56.802     0     0 I         : ERROR: gpio_init : pinctrl err, cam4_ldo_vcama1_1
07-06 09:20:56.802     0     0 I         : ERROR: gpio_init : pinctrl err, cam4_ldo_vcama1_0
07-06 09:20:56.802     0     0 I         : ERROR: gpio_init : pinctrl err, cam4_ldo_vcamd1_1
07-06 09:20:56.802     0     0 I         : ERROR: gpio_init : pinctrl err, cam4_ldo_vcamd1_0
07-06 09:20:56.802     0     0 I         : ERROR: gpio_init : pinctrl err, cam4_ldo_vcamiso_1
07-06 09:20:56.802     0     0 I         : ERROR: gpio_init : pinctrl err, cam4_ldo_vcamiso_0
07-06 09:20:56.802     0     0 I         : ERROR: gpio_init : pinctrl err, cam4_ldo_vcamiso1_1
07-06 09:20:56.802     0     0 I         : ERROR: gpio_init : pinctrl err, cam4_ldo_vcamiso1_0
07-06 09:20:56.802     0     0 I         : ERROR: gpio_init : pinctrl err, cam4_ldo_vcamiso1_0
07-06 09:20:56.802     0     0 I         : ERROR: gpio_init : pinctrl err, cam4_ldo_vcamiso1_0
07-06 09:20:56.802     0     0 I         : ERROR: gpio_init : pinctrl err, cam5_pnd1
07-06 09:20:56.802     0     0 I         : ERROR: gpio_init : pinctrl err, cam5_pnd0
07-06 09:20:56.802     0     0 I         : ERROR: gpio_init : pinctrl err, cam5_rst1
07-06 09:20:56.802     0     0 I         : ERROR: gpio_init : pinctrl err, cam5_rst0
07-06 09:20:56.802     0     0 I         : ERROR: gpio_init : pinctrl err, cam5_ldo_vcama_1
07-06 09:20:56.802     0     0 I         : ERROR: gpio_init : pinctrl err, cam5_ldo_vcama_0
07-06 09:20:56.802     0     0 I         : ERROR: gpio_init : pinctrl err, cam5_ldo_vcamd_1
07-06 09:20:56.802     0     0 I         : ERROR: gpio_init : pinctrl err, cam5_ldo_vcamd_0
07-06 09:20:56.802     0     0 I         : ERROR: gpio_init : pinctrl err, cam5_ldo_vcamio_1
07-06 09:20:56.802     0     0 I         : ERROR: gpio_init : pinctrl err, cam5_ldo_vcamio_0
07-06 09:20:56.802     0     0 I         : ERROR: gpio_init : pinctrl err, cam5_ldo_vcama1_1
07-06 09:20:56.802     0     0 I         : ERROR: gpio_init : pinctrl err, cam5_ldo_vcama1_0
07-06 09:20:56.802     0     0 I         : ERROR: gpio_init : pinctrl err, cam5_ldo_vcamd1_1
07-06 09:20:56.802     0     0 I         : ERROR: gpio_init : pinctrl err, cam5_ldo_vcamd1_0
07-06 09:20:56.802     0     0 I         : ERROR: gpio_init : pinctrl err, cam5_ldo_vcamiso_1
07-06 09:20:56.802     0     0 I         : ERROR: gpio_init : pinctrl err, cam5_ldo_vcamiso_0
07-06 09:20:56.802     0     0 I         : ERROR: gpio_init : pinctrl err, cam5_ldo_vcamiso1_1
07-06 09:20:56.802     0     0 I         : ERROR: gpio_init : pinctrl err, cam5_ldo_vcamiso1_0
07-06 09:20:56.802     0     0 I         : ERROR: gpio_init : pinctrl err, cam5_ldo_vcamiso1_0
07-06 09:20:56.802     0     0 I         : ERROR: gpio_init : pinctrl err, cam5_ldo_vcamiso1_0
07-06 09:20:56.802     0     0 I         : ERROR: gpio_init : pinctrl err, cam6_pnd1
07-06 09:20:56.802     0     0 I         : ERROR: gpio_init : pinctrl err, cam6_pnd0
07-06 09:20:56.802     0     0 I         : ERROR: gpio_init : pinctrl err, cam6_rst1
07-06 09:20:56.802     0     0 I         : ERROR: gpio_init : pinctrl err, cam6_rst0
07-06 09:20:56.802     0     0 I         : ERROR: gpio_init : pinctrl err, cam6_ldo_vcama_1
07-06 09:20:56.802     0     0 I         : ERROR: gpio_init : pinctrl err, cam6_ldo_vcama_0
07-06 09:20:56.802     0     0 I         : ERROR: gpio_init : pinctrl err, cam6_ldo_vcamd_1
07-06 09:20:56.802     0     0 I         : ERROR: gpio_init : pinctrl err, cam6_ldo_vcamd_0
07-06 09:20:56.802     0     0 I         : ERROR: gpio_init : pinctrl err, cam6_ldo_vcamio_1
07-06 09:20:56.802     0     0 I         : ERROR: gpio_init : pinctrl err, cam6_ldo_vcamio_0
07-06 09:20:56.802     0     0 I         : ERROR: gpio_init : pinctrl err, cam6_ldo_vcama1_1
07-06 09:20:56.802     0     0 I         : ERROR: gpio_init : pinctrl err, cam6_ldo_vcama1_0
07-06 09:20:56.802     0     0 I         : ERROR: gpio_init : pinctrl err, cam6_ldo_vcamd1_1
07-06 09:20:56.802     0     0 I         : ERROR: gpio_init : pinctrl err, cam6_ldo_vcamd1_0
07-06 09:20:56.802     0     0 I         : ERROR: gpio_init : pinctrl err, cam6_ldo_vcamiso_1
07-06 09:20:56.802     0     0 I         : ERROR: gpio_init : pinctrl err, cam6_ldo_vcamiso_0
07-06 09:20:56.802     0     0 I         : ERROR: gpio_init : pinctrl err, cam6_ldo_vcamiso1_1
07-06 09:20:56.802     0     0 I         : ERROR: gpio_init : pinctrl err, cam6_ldo_vcamiso1_0
07-06 09:20:56.802     0     0 I         : ERROR: gpio_init : pinctrl err, cam6_ldo_vcamiso1_0
07-06 09:20:56.802     0     0 I         : ERROR: gpio_init : pinctrl err, cam6_ldo_vcamiso1_0
07-06 09:20:56.802     0     0 I         : ERROR: gpio_init : pinctrl err, cam7_pnd1
07-06 09:20:56.802     0     0 I         : ERROR: gpio_init : pinctrl err, cam7_pnd0
07-06 09:20:56.802     0     0 I         : ERROR: gpio_init : pinctrl err, cam7_rst1
07-06 09:20:56.802     0     0 I         : ERROR: gpio_init : pinctrl err, cam7_rst0
07-06 09:20:56.802     0     0 I         : ERROR: gpio_init : pinctrl err, cam7_ldo_vcama_1
07-06 09:20:56.802     0     0 I         : ERROR: gpio_init : pinctrl err, cam7_ldo_vcama_0
07-06 09:20:56.802     0     0 I         : ERROR: gpio_init : pinctrl err, cam7_ldo_vcamd_1
07-06 09:20:56.802     0     0 I         : ERROR: gpio_init : pinctrl err, cam7_ldo_vcamd_0
07-06 09:20:56.802     0     0 I         : ERROR: gpio_init : pinctrl err, cam7_ldo_vcamio_1
07-06 09:20:56.802     0     0 I         : ERROR: gpio_init : pinctrl err, cam7_ldo_vcamio_0
07-06 09:20:56.802     0     0 I         : ERROR: gpio_init : pinctrl err, cam7_ldo_vcama1_1
07-06 09:20:56.802     0     0 I         : ERROR: gpio_init : pinctrl err, cam7_ldo_vcama1_0
07-06 09:20:56.802     0     0 I         : ERROR: gpio_init : pinctrl err, cam7_ldo_vcamd1_1
07-06 09:20:56.802     0     0 I         : ERROR: gpio_init : pinctrl err, cam7_ldo_vcamd1_0
07-06 09:20:56.802     0     0 I         : ERROR: gpio_init : pinctrl err, cam7_ldo_vcamiso_1
07-06 09:20:56.802     0     0 I         : ERROR: gpio_init : pinctrl err, cam7_ldo_vcamiso_0
07-06 09:20:56.802     0     0 I         : ERROR: gpio_init : pinctrl err, cam7_ldo_vcamiso1_1
07-06 09:20:56.802     0     0 I         : ERROR: gpio_init : pinctrl err, cam7_ldo_vcamiso1_0
07-06 09:20:56.802     0     0 I         : ERROR: gpio_init : pinctrl err, cam7_ldo_vcamiso1_0
07-06 09:20:56.802     0     0 I         : ERROR: gpio_init : pinctrl err, cam7_ldo_vcamiso1_0
07-06 09:20:56.802     0     0 I         : ERROR: gpio_init : pinctrl err, cam8_pnd1
07-06 09:20:56.802     0     0 I         : ERROR: gpio_init : pinctrl err, cam8_pnd0
07-06 09:20:56.802     0     0 I         : ERROR: gpio_init : pinctrl err, cam8_rst1
07-06 09:20:56.802     0     0 I         : ERROR: gpio_init : pinctrl err, cam8_rst0
07-06 09:20:56.802     0     0 I         : ERROR: gpio_init : pinctrl err, cam8_ldo_vcama_1
07-06 09:20:56.802     0     0 I         : ERROR: gpio_init : pinctrl err, cam8_ldo_vcama_0
07-06 09:20:56.802     0     0 I         : ERROR: gpio_init : pinctrl err, cam8_ldo_vcamd_1
07-06 09:20:56.802     0     0 I         : ERROR: gpio_init : pinctrl err, cam8_ldo_vcamd_0
07-06 09:20:56.802     0     0 I         : ERROR: gpio_init : pinctrl err, cam8_ldo_vcamio_1
07-06 09:20:56.802     0     0 I         : ERROR: gpio_init : pinctrl err, cam8_ldo_vcamio_0
07-06 09:20:56.802     0     0 I         : ERROR: gpio_init : pinctrl err, cam8_ldo_vcama1_1
07-06 09:20:56.802     0     0 I         : ERROR: gpio_init : pinctrl err, cam8_ldo_vcama1_0
07-06 09:20:56.802     0     0 I         : ERROR: gpio_init : pinctrl err, cam8_ldo_vcamd1_1
07-06 09:20:56.802     0     0 I         : ERROR: gpio_init : pinctrl err, cam8_ldo_vcamd1_0
07-06 09:20:56.802     0     0 I         : ERROR: gpio_init : pinctrl err, cam8_ldo_vcamiso_1
07-06 09:20:56.802     0     0 I         : ERROR: gpio_init : pinctrl err, cam8_ldo_vcamiso_0
07-06 09:20:56.802     0     0 I         : ERROR: gpio_init : pinctrl err, cam8_ldo_vcamiso1_1
07-06 09:20:56.802     0     0 I         : ERROR: gpio_init : pinctrl err, cam8_ldo_vcamiso1_0
07-06 09:20:56.802     0     0 I         : ERROR: gpio_init : pinctrl err, cam8_ldo_vcamiso1_0
07-06 09:20:56.802     0     0 I         : ERROR: gpio_init : pinctrl err, cam8_ldo_vcamiso1_0
07-06 09:20:56.802     0     0 I         : ERROR: gpio_init : pinctrl err, cam9_pnd1
07-06 09:20:56.802     0     0 I         : ERROR: gpio_init : pinctrl err, cam9_pnd0
07-06 09:20:56.802     0     0 I         : ERROR: gpio_init : pinctrl err, cam9_rst1
07-06 09:20:56.802     0     0 I         : ERROR: gpio_init : pinctrl err, cam9_rst0
07-06 09:20:56.802     0     0 I         : ERROR: gpio_init : pinctrl err, cam9_ldo_vcama_1
07-06 09:20:56.802     0     0 I         : ERROR: gpio_init : pinctrl err, cam9_ldo_vcama_0
07-06 09:20:56.802     0     0 I         : ERROR: gpio_init : pinctrl err, cam9_ldo_vcamd_1
07-06 09:20:56.802     0     0 I         : ERROR: gpio_init : pinctrl err, cam9_ldo_vcamd_0
07-06 09:20:56.802     0     0 I         : ERROR: gpio_init : pinctrl err, cam9_ldo_vcamio_1
07-06 09:20:56.802     0     0 I         : ERROR: gpio_init : pinctrl err, cam9_ldo_vcamio_0
07-06 09:20:56.802     0     0 I         : ERROR: gpio_init : pinctrl err, cam9_ldo_vcama1_1
07-06 09:20:56.802     0     0 I         : ERROR: gpio_init : pinctrl err, cam9_ldo_vcama1_0
07-06 09:20:56.802     0     0 I         : ERROR: gpio_init : pinctrl err, cam9_ldo_vcamd1_1
07-06 09:20:56.802     0     0 I         : ERROR: gpio_init : pinctrl err, cam9_ldo_vcamd1_0
07-06 09:20:56.802     0     0 I         : ERROR: gpio_init : pinctrl err, cam9_ldo_vcamiso_1
07-06 09:20:56.802     0     0 I         : ERROR: gpio_init : pinctrl err, cam9_ldo_vcamiso_0
07-06 09:20:56.802     0     0 I         : ERROR: gpio_init : pinctrl err, cam9_ldo_vcamiso1_1
07-06 09:20:56.802     0     0 I         : ERROR: gpio_init : pinctrl err, cam9_ldo_vcamiso1_0
07-06 09:20:56.802     0     0 I         : ERROR: gpio_init : pinctrl err, cam9_ldo_vcamiso1_0
07-06 09:20:56.802     0     0 I         : ERROR: gpio_init : pinctrl err, cam9_ldo_vcamiso1_0
07-06 09:20:56.802     0     0 I         : ERROR: gpio_init : pinctrl err, cam10_pnd1
07-06 09:20:56.802     0     0 I         : ERROR: gpio_init : pinctrl err, cam10_pnd0
07-06 09:20:56.802     0     0 I         : ERROR: gpio_init : pinctrl err, cam10_rst1
07-06 09:20:56.802     0     0 I         : ERROR: gpio_init : pinctrl err, cam10_rst0
07-06 09:20:56.802     0     0 I         : ERROR: gpio_init : pinctrl err, cam10_ldo_vcama_1
07-06 09:20:56.802     0     0 I         : ERROR: gpio_init : pinctrl err, cam10_ldo_vcama_0
07-06 09:20:56.802     0     0 I         : ERROR: gpio_init : pinctrl err, cam10_ldo_vcamd_1
07-06 09:20:56.802     0     0 I         : ERROR: gpio_init : pinctrl err, cam10_ldo_vcamd_0
07-06 09:20:56.802     0     0 I         : ERROR: gpio_init : pinctrl err, cam10_ldo_vcamio_1
07-06 09:20:56.802     0     0 I         : ERROR: gpio_init : pinctrl err, cam10_ldo_vcamio_0
07-06 09:20:56.802     0     0 I         : ERROR: gpio_init : pinctrl err, cam10_ldo_vcama1_1
07-06 09:20:56.802     0     0 I         : ERROR: gpio_init : pinctrl err, cam10_ldo_vcama1_0
07-06 09:20:56.802     0     0 I         : ERROR: gpio_init : pinctrl err, cam10_ldo_vcamd1_1
07-06 09:20:56.802     0     0 I         : ERROR: gpio_init : pinctrl err, cam10_ldo_vcamd1_0
07-06 09:20:56.802     0     0 I         : ERROR: gpio_init : pinctrl err, cam10_ldo_vcamiso_1
07-06 09:20:56.802     0     0 I         : ERROR: gpio_init : pinctrl err, cam10_ldo_vcamiso_0
07-06 09:20:56.802     0     0 I         : ERROR: gpio_init : pinctrl err, cam10_ldo_vcamiso1_1
07-06 09:20:56.802     0     0 I         : ERROR: gpio_init : pinctrl err, cam10_ldo_vcamiso1_0
07-06 09:20:56.802     0     0 I         : ERROR: gpio_init : pinctrl err, cam10_ldo_vcamiso1_0
07-06 09:20:56.802     0     0 I         : ERROR: gpio_init : pinctrl err, cam10_ldo_vcamiso1_0
07-06 09:20:56.802     0     0 I         : ERROR: gpio_init : pinctrl err, cam11_pnd1
07-06 09:20:56.802     0     0 I         : ERROR: gpio_init : pinctrl err, cam11_pnd0
07-06 09:20:56.802     0     0 I         : ERROR: gpio_init : pinctrl err, cam11_rst1
07-06 09:20:56.802     0     0 I         : ERROR: gpio_init : pinctrl err, cam11_rst0
07-06 09:20:56.802     0     0 I         : ERROR: gpio_init : pinctrl err, cam11_ldo_vcama_1
07-06 09:20:56.802     0     0 I         : ERROR: gpio_init : pinctrl err, cam11_ldo_vcama_0
07-06 09:20:56.802     0     0 I         : ERROR: gpio_init : pinctrl err, cam11_ldo_vcamd_1
07-06 09:20:56.802     0     0 I         : ERROR: gpio_init : pinctrl err, cam11_ldo_vcamd_0
07-06 09:20:56.802     0     0 I         : ERROR: gpio_init : pinctrl err, cam11_ldo_vcamio_1
07-06 09:20:56.802     0     0 I         : ERROR: gpio_init : pinctrl err, cam11_ldo_vcamio_0
07-06 09:20:56.802     0     0 I         : ERROR: gpio_init : pinctrl err, cam11_ldo_vcama1_1
07-06 09:20:56.802     0     0 I         : ERROR: gpio_init : pinctrl err, cam11_ldo_vcama1_0
07-06 09:20:56.802     0     0 I         : ERROR: gpio_init : pinctrl err, cam11_ldo_vcamd1_1
07-06 09:20:56.802     0     0 I         : ERROR: gpio_init : pinctrl err, cam11_ldo_vcamd1_0
07-06 09:20:56.802     0     0 I         : ERROR: gpio_init : pinctrl err, cam11_ldo_vcamiso_1
07-06 09:20:56.802     0     0 I         : ERROR: gpio_init : pinctrl err, cam11_ldo_vcamiso_0
07-06 09:20:56.802     0     0 I         : ERROR: gpio_init : pinctrl err, cam11_ldo_vcamiso1_1
07-06 09:20:56.802     0     0 I         : ERROR: gpio_init : pinctrl err, cam11_ldo_vcamiso1_0
07-06 09:20:56.802     0     0 I         : ERROR: gpio_init : pinctrl err, cam11_ldo_vcamiso1_0
07-06 09:20:56.802     0     0 I         : ERROR: gpio_init : pinctrl err, cam11_ldo_vcamiso1_0
07-06 09:20:56.802     0     0 E gpio_init: pinctrl err, cam_mipi_switch_en_1
07-06 09:20:56.802     0     0 E gpio_init: pinctrl err, cam_mipi_switch_en_0
07-06 09:20:56.802     0     0 E gpio_init: pinctrl err, cam_mipi_switch_sel_1
07-06 09:20:56.802     0     0 E gpio_init: pinctrl err, cam_mipi_switch_sel_0
07-06 09:20:56.802     0     0 I         : oplus_imgsensor_custom_config Selected
--------- beginning of main
07-06 09:21:00.147   399   399 D ProcessState: Binder ioctl to enable oneway spam detection failed: Invalid argument
07-06 09:20:56.802     0     0 I         : oplus_imgsensor_custom_config Selected
07-06 09:20:56.802     0     0 I         : oplus_imgsensor_custom_config Selected
07-06 09:21:00.150   399   399 I SELinux : SELinux: Loaded service_contexts from:
07-06 09:20:56.802     0     0 I         : oplus_imgsensor_custom_config Selected
07-06 09:20:56.802     0     0 I         : oplus_imgsensor_custom_config Selected
07-06 09:21:00.150   399   399 I SELinux :     /system/etc/selinux/plat_service_contexts
07-06 09:20:56.802     0     0 I         : oplus_imgsensor_custom_config Selected
07-06 09:20:56.802     0     0 I         : oplus_imgsensor_custom_config Selected
07-06 09:21:00.150   399   399 E SELinux : avc:  denied  { add } for pid=399 uid=0 name=manager scontext=u:r:recovery:s0 tcontext=u:object_r:service_manager_service:s0 tclass=service_manager permissive=1
07-06 09:20:56.802     0     0 I         : oplus_imgsensor_custom_config Selected
07-06 09:21:00.156   400   400 D ProcessState: Binder ioctl to enable oneway spam detection failed: Invalid argument
07-06 09:20:56.802     0     0 I         : oplus_imgsensor_custom_config Selected
07-06 09:20:56.802     0     0 I         : oplus_imgsensor_custom_config Selected
07-06 09:21:00.156   400   400 I SELinux : SELinux: Loaded service_contexts from:
07-06 09:20:56.802     0     0 I         : oplus_imgsensor_custom_config Selected
07-06 09:20:56.802     0     0 I         : oplus_imgsensor_custom_config Selected
07-06 09:20:56.803     0     0 D         : probe of debug-kinfo returned 0 after 9 usecs
07-06 09:20:56.803     0     0 I mt6781-mt6366 sound: mt6781_mt6366_dev_probe(), ++
07-06 09:20:56.803     0     0 W mt6781-mt6366 sound: mtk_spk_update_info(), mtk_spk_i2s_mck no use
07-06 09:20:56.803     0     0 I mt6781-mt6366 sound: mtk_spk_update_info(), mtk_spk_type 0, spk_out_dai_link_idx 30, spk_out_dai_link_idx 29, mck: -1
07-06 09:20:56.803     0     0 I mt6781-mt6366 sound: mt6781_mt6366_dev_probe(), update spk dai
07-06 09:20:56.803     0     0 I mt6781-mt6366 sound: mt6781_mt6366_dev_probe(), update platform dai
07-06 09:20:56.803     0     0 I mt6781-mt6366 sound: mt6781_mt6366_dev_probe(), update audio-codec dai
07-06 09:20:56.803     0     0 I mt6781-mt6366 sound: mt6781_mt6366_dev_probe(), devm_snd_soc_register_card
07-06 09:20:56.803     0     0 D [debug][soc_sia81xx_init]: aux_dev = sia81xx.0
07-06 09:20:56.803     0     0 I mt6781-mt6366 sound: ASoC: CPU DAI audio_task_offload_dai not registered
07-06 09:20:56.803     0     0 E mt6781-mt6366 sound: mt6781_mt6366_dev_probe snd_soc_register_card fail -517
07-06 09:20:56.803     0     0 D         : probe of sound returned 0 after 107 usecs
07-06 09:20:56.803     0     0 D         : probe of odm:rt5133-gpio1 returned -517 after 0 usecs
07-06 09:20:56.803     0     0 D         : probe of odm:rt5133-gpio2 returned -517 after 0 usecs
07-06 09:20:56.803     0     0 D         : probe of odm:rt5133-gpio3 returned -517 after 0 usecs
07-06 09:20:56.803     0     0 D         : probe of 4-0036 returned 1 after 313 usecs
07-06 09:20:56.803     0     0 D         : probe of debug-kinfo returned 0 after 7 usecs
07-06 09:20:56.803     0     0 I mt6781-mt6366 sound: mt6781_mt6366_dev_probe(), ++
07-06 09:20:56.803     0     0 W mt6781-mt6366 sound: mtk_spk_update_info(), mtk_spk_i2s_mck no use
07-06 09:20:56.803     0     0 I mt6781-mt6366 sound: mtk_spk_update_info(), mtk_spk_type 0, spk_out_dai_link_idx 30, spk_out_dai_link_idx 29, mck: -1
07-06 09:20:56.803     0     0 I mt6781-mt6366 sound: mt6781_mt6366_dev_probe(), update spk dai
07-06 09:20:56.803     0     0 I mt6781-mt6366 sound: mt6781_mt6366_dev_probe(), update platform dai
07-06 09:20:56.803     0     0 I mt6781-mt6366 sound: mt6781_mt6366_dev_probe(), update audio-codec dai
07-06 09:20:56.803     0     0 I mt6781-mt6366 sound: mt6781_mt6366_dev_probe(), devm_snd_soc_register_card
07-06 09:20:56.803     0     0 D [debug][soc_sia81xx_init]: aux_dev = sia81xx.0
07-06 09:20:56.803     0     0 I mt6781-mt6366 sound: ASoC: CPU DAI audio_task_offload_dai not registered
07-06 09:20:56.803     0     0 E mt6781-mt6366 sound: mt6781_mt6366_dev_probe snd_soc_register_card fail -517
07-06 09:20:56.803     0     0 D         : probe of sound returned 0 after 96 usecs
07-06 09:20:56.803     0     0 D         : probe of odm:rt5133-gpio1 returned -517 after 0 usecs
07-06 09:20:56.803     0     0 D         : probe of odm:rt5133-gpio2 returned -517 after 0 usecs
07-06 09:20:56.803     0     0 D         : probe of odm:rt5133-gpio3 returned -517 after 0 usecs
07-06 09:20:56.803     0     0 D         : probe of 8-001a returned 1 after 272 usecs
07-06 09:20:56.803     0     0 D         : probe of debug-kinfo returned 0 after 6 usecs
07-06 09:20:56.803     0     0 I mt6781-mt6366 sound: mt6781_mt6366_dev_probe(), ++
07-06 09:20:56.803     0     0 W mt6781-mt6366 sound: mtk_spk_update_info(), mtk_spk_i2s_mck no use
07-06 09:20:56.803     0     0 I mt6781-mt6366 sound: mtk_spk_update_info(), mtk_spk_type 0, spk_out_dai_link_idx 30, spk_out_dai_link_idx 29, mck: -1
07-06 09:20:56.803     0     0 I mt6781-mt6366 sound: mt6781_mt6366_dev_probe(), update spk dai
07-06 09:20:56.803     0     0 I mt6781-mt6366 sound: mt6781_mt6366_dev_probe(), update platform dai
07-06 09:20:56.803     0     0 I mt6781-mt6366 sound: mt6781_mt6366_dev_probe(), update audio-codec dai
07-06 09:20:56.803     0     0 I mt6781-mt6366 sound: mt6781_mt6366_dev_probe(), devm_snd_soc_register_card
07-06 09:20:56.803     0     0 D [debug][soc_sia81xx_init]: aux_dev = sia81xx.0
07-06 09:20:56.803     0     0 I mt6781-mt6366 sound: ASoC: CPU DAI audio_task_offload_dai not registered
07-06 09:20:56.803     0     0 E mt6781-mt6366 sound: mt6781_mt6366_dev_probe snd_soc_register_card fail -517
07-06 09:20:56.803     0     0 D         : probe of sound returned 0 after 87 usecs
07-06 09:20:56.803     0     0 D         : probe of odm:rt5133-gpio1 returned -517 after 0 usecs
07-06 09:20:56.803     0     0 D         : probe of odm:rt5133-gpio2 returned -517 after 0 usecs
07-06 09:20:56.803     0     0 D         : probe of odm:rt5133-gpio3 returned -517 after 0 usecs
07-06 09:20:56.803     0     0 D         : probe of 8-006e returned 1 after 250 usecs
07-06 09:20:56.803     0     0 D         : probe of debug-kinfo returned 0 after 6 usecs
07-06 09:20:56.804     0     0 I mt6781-mt6366 sound: mt6781_mt6366_dev_probe(), ++
07-06 09:20:56.804     0     0 W mt6781-mt6366 sound: mtk_spk_update_info(), mtk_spk_i2s_mck no use
07-06 09:20:56.804     0     0 I mt6781-mt6366 sound: mtk_spk_update_info(), mtk_spk_type 0, spk_out_dai_link_idx 30, spk_out_dai_link_idx 29, mck: -1
07-06 09:20:56.804     0     0 I mt6781-mt6366 sound: mt6781_mt6366_dev_probe(), update spk dai
07-06 09:20:56.804     0     0 I mt6781-mt6366 sound: mt6781_mt6366_dev_probe(), update platform dai
07-06 09:20:56.804     0     0 I mt6781-mt6366 sound: mt6781_mt6366_dev_probe(), update audio-codec dai
07-06 09:20:56.804     0     0 I mt6781-mt6366 sound: mt6781_mt6366_dev_probe(), devm_snd_soc_register_card
07-06 09:20:56.804     0     0 D [debug][soc_sia81xx_init]: aux_dev = sia81xx.0
07-06 09:20:56.804     0     0 I mt6781-mt6366 sound: ASoC: CPU DAI audio_task_offload_dai not registered
07-06 09:20:56.804     0     0 E mt6781-mt6366 sound: mt6781_mt6366_dev_probe snd_soc_register_card fail -517
07-06 09:20:56.804     0     0 D         : probe of sound returned 0 after 95 usecs
07-06 09:20:56.804     0     0 D         : probe of odm:rt5133-gpio1 returned -517 after 0 usecs
07-06 09:20:56.804     0     0 D         : probe of odm:rt5133-gpio2 returned -517 after 0 usecs
07-06 09:20:56.804     0     0 D         : probe of odm:rt5133-gpio3 returned -517 after 0 usecs
07-06 09:20:56.804     0     0 D         : probe of 9-001a returned 1 after 267 usecs
07-06 09:20:56.804     0     0 D         : probe of debug-kinfo returned 0 after 5 usecs
07-06 09:20:56.804     0     0 I mt6781-mt6366 sound: mt6781_mt6366_dev_probe(), ++
07-06 09:20:56.804     0     0 W mt6781-mt6366 sound: mtk_spk_update_info(), mtk_spk_i2s_mck no use
07-06 09:20:56.804     0     0 I mt6781-mt6366 sound: mtk_spk_update_info(), mtk_spk_type 0, spk_out_dai_link_idx 30, spk_out_dai_link_idx 29, mck: -1
07-06 09:20:56.804     0     0 I mt6781-mt6366 sound: mt6781_mt6366_dev_probe(), update spk dai
07-06 09:20:56.804     0     0 I mt6781-mt6366 sound: mt6781_mt6366_dev_probe(), update platform dai
07-06 09:20:56.804     0     0 I mt6781-mt6366 sound: mt6781_mt6366_dev_probe(), update audio-codec dai
07-06 09:20:56.804     0     0 I mt6781-mt6366 sound: mt6781_mt6366_dev_probe(), devm_snd_soc_register_card
07-06 09:20:56.804     0     0 D [debug][soc_sia81xx_init]: aux_dev = sia81xx.0
07-06 09:20:56.804     0     0 I mt6781-mt6366 sound: ASoC: CPU DAI audio_task_offload_dai not registered
07-06 09:20:56.804     0     0 E mt6781-mt6366 sound: mt6781_mt6366_dev_probe snd_soc_register_card fail -517
07-06 09:20:56.804     0     0 D         : probe of sound returned 0 after 80 usecs
07-06 09:20:56.804     0     0 D         : probe of odm:rt5133-gpio1 returned -517 after 0 usecs
07-06 09:20:56.804     0     0 D         : probe of odm:rt5133-gpio2 returned -517 after 0 usecs
07-06 09:20:56.804     0     0 D         : probe of odm:rt5133-gpio3 returned -517 after 0 usecs
07-06 09:20:56.804     0     0 D         : probe of 2-0010 returned 1 after 240 usecs
07-06 09:20:56.804     0     0 I         : oplus_gimgsensor_sensor_list Selected
07-06 09:20:56.804     0     0 D         : probe of debug-kinfo returned 0 after 9 usecs
07-06 09:20:56.804     0     0 I mt6781-mt6366 sound: mt6781_mt6366_dev_probe(), ++
07-06 09:20:56.804     0     0 W mt6781-mt6366 sound: mtk_spk_update_info(), mtk_spk_i2s_mck no use
07-06 09:20:56.804     0     0 I mt6781-mt6366 sound: mtk_spk_update_info(), mtk_spk_type 0, spk_out_dai_link_idx 30, spk_out_dai_link_idx 29, mck: -1
07-06 09:20:56.804     0     0 I mt6781-mt6366 sound: mt6781_mt6366_dev_probe(), update spk dai
07-06 09:20:56.804     0     0 I mt6781-mt6366 sound: mt6781_mt6366_dev_probe(), update platform dai
07-06 09:20:56.804     0     0 I mt6781-mt6366 sound: mt6781_mt6366_dev_probe(), update audio-codec dai
07-06 09:20:56.804     0     0 I mt6781-mt6366 sound: mt6781_mt6366_dev_probe(), devm_snd_soc_register_card
07-06 09:20:56.804     0     0 D [debug][soc_sia81xx_init]: aux_dev = sia81xx.0
07-06 09:20:56.804     0     0 I mt6781-mt6366 sound: ASoC: CPU DAI audio_task_offload_dai not registered
07-06 09:20:56.804     0     0 E mt6781-mt6366 sound: mt6781_mt6366_dev_probe snd_soc_register_card fail -517
07-06 09:20:56.804     0     0 D         : probe of sound returned 0 after 87 usecs
07-06 09:20:56.804     0     0 D         : probe of odm:rt5133-gpio1 returned -517 after 0 usecs
07-06 09:20:56.804     0     0 D         : probe of odm:rt5133-gpio2 returned -517 after 0 usecs
07-06 09:21:00.177   398   398 D hw-ProcessState: Binder ioctl to enable oneway spam detection failed: Invalid argument
07-06 09:20:56.804     0     0 D         : probe of odm:rt5133-gpio3 returned -517 after 0 usecs
07-06 09:20:56.804     0     0 D         : probe of kd_camera_hw1@1a004000 returned 1 after 3158 usecs
07-06 09:20:56.805     0     0 D         : initcall imgsensor_init+0x0/0x38 returned 0 after 3362 usecs
07-06 09:20:56.805     0     0 D         : calling  flashlight_mt6370_init+0x0/0x4c @ 1
07-06 09:20:56.805     0     0 I flashlights_mt6370: mt6370_parse_dt: Channel number(2).
07-06 09:20:56.805     0     0 I flashlights_mt6370: mt6370_parse_dt: Parse dt (type,ct,part,name,channel,decouple)=(0,0,0,flashlights-mt6370,0,1).
07-06 09:20:56.805     0     0 I flashlights_mt6370: mt6370_parse_dt: Parse dt (type,ct,part,name,channel,decouple)=(0,1,0,flashlights-mt6370,1,1).
07-06 09:20:56.805     0     0 I flashlight: flashlight_dev_register_by_device_id: Register device (0,0,0)
07-06 09:20:56.805     0     0 I flashlight: flashlight_dev_register_by_device_id: Register device (0,1,0)
07-06 09:20:56.805     0     0 D         : probe of debug-kinfo returned 0 after 9 usecs
07-06 09:20:56.805     0     0 I mt6781-mt6366 sound: mt6781_mt6366_dev_probe(), ++
07-06 09:20:56.805     0     0 W mt6781-mt6366 sound: mtk_spk_update_info(), mtk_spk_i2s_mck no use
07-06 09:20:56.805     0     0 I mt6781-mt6366 sound: mtk_spk_update_info(), mtk_spk_type 0, spk_out_dai_link_idx 30, spk_out_dai_link_idx 29, mck: -1
07-06 09:20:56.805     0     0 I mt6781-mt6366 sound: mt6781_mt6366_dev_probe(), update spk dai
07-06 09:20:56.805     0     0 I mt6781-mt6366 sound: mt6781_mt6366_dev_probe(), update platform dai
07-06 09:20:56.805     0     0 I mt6781-mt6366 sound: mt6781_mt6366_dev_probe(), update audio-codec dai
07-06 09:20:56.805     0     0 I mt6781-mt6366 sound: mt6781_mt6366_dev_probe(), devm_snd_soc_register_card
07-06 09:20:56.805     0     0 D [debug][soc_sia81xx_init]: aux_dev = sia81xx.0
07-06 09:20:56.805     0     0 I mt6781-mt6366 sound: ASoC: CPU DAI audio_task_offload_dai not registered
07-06 09:20:56.805     0     0 E mt6781-mt6366 sound: mt6781_mt6366_dev_probe snd_soc_register_card fail -517
07-06 09:20:56.805     0     0 D         : probe of sound returned 0 after 100 usecs
07-06 09:20:56.805     0     0 D         : probe of odm:rt5133-gpio1 returned -517 after 0 usecs
07-06 09:20:56.805     0     0 D         : probe of odm:rt5133-gpio2 returned -517 after 0 usecs
07-06 09:20:56.805     0     0 D         : probe of odm:rt5133-gpio3 returned -517 after 0 usecs
07-06 09:20:56.805     0     0 D         : probe of flashlights_mt6370 returned 1 after 430 usecs
07-06 09:20:56.805     0     0 D         : initcall flashlight_mt6370_init+0x0/0x4c returned 0 after 637 usecs
07-06 09:20:56.805     0     0 D         : calling  mtk_usb_extcon_init+0x0/0x20 @ 1
07-06 09:20:56.805     0     0 W mtk-extcon-usb extcon_usb: extcon_usb supply vbus not found, using dummy regulator
07-06 09:20:56.805     0     0 I mtk-extcon-usb extcon_usb: Linked as a consumer to regulator.0
07-06 09:20:56.805     0     0 I mtk-extcon-usb extcon_usb: vbus-current=1500000
07-06 09:20:56.806     0     0 I mtk_usb_extcon_set_vbus_v1: is_on=0
07-06 09:20:56.806     0     0 I         : mt6370_pmu_charger mt6370_pmu_charger: mt6370_enable_otg: en = 0
07-06 09:20:56.806     0     0 I mtk-extcon-usb extcon_usb: cur_dr(1) new_dr(2)
07-06 09:20:56.806     0     0 I         : mt_usb mt_usb: role_sx_set role 0, latest_role: 0
07-06 09:20:56.806     0     0 I         : mt6370_pmu_charger mt6370_pmu_charger: mt6370_set_otg_current_limit: ilimit = 500000 (0x00)
07-06 09:20:56.807     0     0 I         : mt6370_pmu_charger mt6370_pmu_charger: mt6370_enable_otg: reg0x33 = 0x73
07-06 09:20:56.819     0     0 I mtk-msdc externdevice: mmc0: clock 0Hz busmode 2 powermode 2 cs 0 Vdd 17 width 1 timing 0
07-06 09:20:56.833     0     0 I mtk-msdc externdevice: mmc0: clock 400000Hz busmode 2 powermode 2 cs 0 Vdd 17 width 1 timing 0
07-06 09:20:56.834     0     0 I mtk-msdc externdevice: [msdc_set_mclk]:enable clk free run 1ms+ for switch to 1.8v
07-06 09:20:56.835     0     0 I mtk-msdc externdevice: sclk: 399999, timing: 0
07-06 09:20:56.844     0     0 W mmc0    : host does not support reading read-only switch, assuming write-enable
07-06 09:20:56.845     0     0 I mtk-msdc externdevice: mmc0: clock 400000Hz busmode 2 powermode 2 cs 0 Vdd 17 width 4 timing 0
07-06 09:20:56.849     0     0 I mtk-msdc externdevice: mmc0: clock 400000Hz busmode 2 powermode 2 cs 0 Vdd 17 width 4 timing 6
07-06 09:20:56.850     0     0 I mtk-msdc externdevice: sclk: 399999, timing: 6
07-06 09:20:56.850     0     0 I mtk-msdc externdevice: mmc0: clock 200000000Hz busmode 2 powermode 2 cs 0 Vdd 17 width 4 timing 6
07-06 09:20:56.851     0     0 I mtk-msdc externdevice: sclk: 191999939, timing: 6
07-06 09:20:56.851     0     0 I mtk-msdc externdevice: msdc_execute_tuning
07-06 09:20:56.852     0     0 I mtk-msdc externdevice: phase: [map:ffffffc0] [maxlen:26] [final:19]
07-06 09:20:56.852     0     0 I         : mmc0 autok pass
07-06 09:20:56.852     0     0 I mmc0    : new ultra high speed SDR104 SDXC card at address aaaa
07-06 09:20:56.852     0     0 W         : mmc_blk_probe unknown card->cid.manfid is 3
07-06 09:20:56.853     0     0 I mmcblk0 : mmc0:aaaa SB64G 59.5 GiB
07-06 09:20:56.856     0     0 I mmcblk0 : p1
07-06 09:20:56.856     0     0 D         : probe of mmc0:aaaa returned 1 after 3594 usecs
07-06 09:20:56.856     0     0 D         : probe of debug-kinfo returned 0 after 16 usecs
07-06 09:20:56.856     0     0 I mt6781-mt6366 sound: mt6781_mt6366_dev_probe(), ++
07-06 09:20:56.856     0     0 W mt6781-mt6366 sound: mtk_spk_update_info(), mtk_spk_i2s_mck no use
07-06 09:20:56.856     0     0 I mt6781-mt6366 sound: mtk_spk_update_info(), mtk_spk_type 0, spk_out_dai_link_idx 30, spk_out_dai_link_idx 29, mck: -1
07-06 09:20:56.856     0     0 I mt6781-mt6366 sound: mt6781_mt6366_dev_probe(), update spk dai
07-06 09:20:56.856     0     0 I mt6781-mt6366 sound: mt6781_mt6366_dev_probe(), update platform dai
07-06 09:20:56.856     0     0 I mt6781-mt6366 sound: mt6781_mt6366_dev_probe(), update audio-codec dai
07-06 09:20:56.856     0     0 I mt6781-mt6366 sound: mt6781_mt6366_dev_probe(), devm_snd_soc_register_card
07-06 09:20:56.856     0     0 D [debug][soc_sia81xx_init]: aux_dev = sia81xx.0
07-06 09:20:56.856     0     0 I mt6781-mt6366 sound: ASoC: CPU DAI audio_task_offload_dai not registered
07-06 09:20:56.856     0     0 E mt6781-mt6366 sound: mt6781_mt6366_dev_probe snd_soc_register_card fail -517
07-06 09:20:56.856     0     0 D         : probe of sound returned 0 after 125 usecs
07-06 09:20:56.856     0     0 D         : probe of odm:rt5133-gpio1 returned -517 after 0 usecs
07-06 09:20:56.856     0     0 D         : probe of odm:rt5133-gpio2 returned -517 after 0 usecs
07-06 09:20:56.856     0     0 D         : probe of odm:rt5133-gpio3 returned -517 after 0 usecs
07-06 09:20:56.857     0     0 E         : [sensor_devinfo] read_oplus_custom 432 : failed to open file /dev/block/by-name/oplus_custom 000000008fbd8693 -1
07-06 09:20:56.857     0     0 E         : [sensor_devinfo] sensor_read_oplus_custom 492 : read_oplus_custom error = -1
07-06 09:20:56.857     0     0 E         : [sensor_devinfo] sensor_devinfo_work 1274 : try 10
07-06 09:20:56.857     0     0 I         : mt6370_pmu_charger mt6370_pmu_charger: mt6370_enable_wdt: en = 0
07-06 09:20:56.858     0     0 E mtk-extcon-usb extcon_usb: failed to get id gpio
07-06 09:20:56.858     0     0 I mtk-extcon-usb extcon_usb: failed to init id pin
07-06 09:20:56.858     0     0 E mtk-extcon-usb extcon_usb: fail to get usb_psy
07-06 09:20:56.858     0     0 E mtk-extcon-usb extcon_usb: failed to init psy
07-06 09:20:56.858     0     0 D         : probe of extcon_usb returned 1 after 52445 usecs
07-06 09:20:56.858     0     0 D         : initcall mtk_usb_extcon_init+0x0/0x20 returned 0 after 51442 usecs
07-06 09:20:56.858     0     0 D         : calling  log_store_late_init+0x0/0x278 @ 1
07-06 09:20:56.858     0     0 I log_store: set boot phase, last boot phase is 0.
07-06 09:20:56.858     0     0 I log_store: not boot up, don't store log to expdb
07-06 09:20:56.858     0     0 I log store: sram_dram_buff addr 0x7ebc0000, size 0x40000.
07-06 09:20:56.858     0     0 I [PHY layout]log_store_mem: 0x7ebc0000-0x7ebfffff (0x40000)
07-06 09:20:56.858     0     0 I         : buff 000000004b88b63a, sig cdab3412 size 40000 pl 400, sz a258 lk a658, sz 156fa p c, l c
07-06 09:20:56.858     0     0 D         : initcall log_store_late_init+0x0/0x278 returned 0 after 107 usecs
07-06 09:20:56.858     0     0 D         : calling  meta_usb_init+0x0/0x1cc @ 1
07-06 09:20:56.858     0     0 I bootmode: 0x2 boottype: 0x2
07-06 09:20:56.858     0     0 I         : cannot find "androidboot.usbconfig="
07-06 09:20:56.858     0     0 D         : initcall meta_usb_init+0x0/0x1cc returned 0 after 13 usecs
07-06 09:20:56.858     0     0 D         : calling  gt9896s_spi_init+0x0/0x38 @ 1
07-06 09:20:56.858     0     0 I         : [GT9896s-INF][gt9896s_spi_init:1507] GT9896S SPI driver init
07-06 09:20:56.858     0     0 D         : initcall gt9896s_spi_init+0x0/0x38 returned 0 after 11 usecs
07-06 09:20:56.858     0     0 D         : calling  gt9896s_fwu_module_init+0x0/0x50 @ 1
07-06 09:20:56.858     0     0 I         : [GT9896s-INF][gt9896s_fwu_module_init:1642] gt9896s_fwupdate_module_ini IN
07-06 09:20:56.858     0     0 I         : [GT9896s-INF][gt9896s_register_ext_module:146] gt9896s_register_ext_module IN
07-06 09:20:56.858     0     0 I         : [GT9896s-INF][gt9896s_register_ext_module:151] gt9896s_register_ext_module OUT
07-06 09:20:56.858     0     0 D         : initcall gt9896s_fwu_module_init+0x0/0x50 returned 0 after 3 usecs
07-06 09:20:56.858     0     0 D         : calling  gf_init+0x0/0x1b4 @ 1
07-06 09:20:56.858     0     0 I input   : qwerty as /devices/virtual/input/input4
07-06 09:20:56.858     0     0 I gf_tee  : register goodix_fp_ok
07-06 09:20:56.858     0     0 I gf_tee  : version V1.2.04
07-06 09:20:56.858     0     0 D         : probe of spi5.0 returned 1 after 79 usecs
07-06 09:20:56.858     0     0 I gf_tee  : status = 0x0
07-06 09:20:56.858     0     0 D         : initcall gf_init+0x0/0x1b4 returned 0 after 104 usecs
07-06 09:20:56.858     0     0 D         : calling  mt_charger_det_notifier_call_init+0x0/0xdc @ 1
07-06 09:20:56.858     0     0 I         : mt_charger_det_notifier_call_init done
07-06 09:20:56.858     0     0 D         : initcall mt_charger_det_notifier_call_init+0x0/0xdc returned 0 after 4 usecs
07-06 09:20:56.858     0     0 D         : calling  mtk_charger_init+0x0/0x20 @ 1
07-06 09:20:56.859     0     0 E         : [OPLUS_CHG][oplus_chg_parse_svooc_dt]oplus_parse_svooc_dt, chip->vbatt_num = 1,chip->vooc_project = 0.
07-06 09:20:56.859     0     0 E [OPLUS_CHG][oplus_get_chg_ops_name_from_dt]chg_ops_name: plat-pmic
07-06 09:20:56.859     0     0 E [OPLUS_CHG][oplus_step_charging_parse_dt]use step1_current_ma: 3400mA
07-06 09:20:56.859     0     0 E [OPLUS_CHG][oplus_step_charging_parse_dt]use step2_time: 900s
07-06 09:20:56.859     0     0 E [OPLUS_CHG][oplus_step_charging_parse_dt]use step2_current_ma: 3200mA
07-06 09:20:56.859     0     0 E [OPLUS_CHG][oplus_step_charging_parse_dt]use step3_current_ma: 3000mA
07-06 09:20:56.859     0     0 E [OPLUS_CHG][oplus_step_charging_parse_dt]step1_time: 600, step1_current: 3400, step2_time: 900, step2_current: 3200, step3_current: 3000
07-06 09:20:56.859     0     0 E         : [OPLUS_CHG][mtk_charger_probe]found primary charger [mt6370_chg]
07-06 09:20:56.859     0     0 E         : writeable prop 4 is not supported in usb
07-06 09:20:56.859     0     0 E         : writeable prop 8 is not supported in usb
07-06 09:20:56.859     0     0 E         : writeable prop 16 is not supported in usb
07-06 09:20:56.859     0     0 E         : [OPLUS_CHG][oplus_power_supply_init]oplus_power_supply_init OK
07-06 09:20:56.859     0     0 E         : [OPLUS_CHG][oplus_chg_chargerid_parse_dt]Couldn't read chargerid_switch-gpio rc=0, chargerid_switch-gpio:-2
07-06 09:20:56.859     0     0 E         : [OPLUS_CHG][oplus_chg_shipmode_parse_dt]Couldn't read qcom,ship-gpio rc = 0, qcom,ship-gpio:-2
07-06 09:20:56.859     0     0 E         : [OPLUS_CHG][oplus_chg_shortc_hw_parse_dt]Couldn't read qcom,shortc-gpio rc=0, qcom,shortc-gpio:-2
07-06 09:20:56.859     0     0 E [OPLUS_CHG][oplus_chg_usbtemp_parse_dt]dischg-gpio: 61
07-06 09:20:56.859     0     0 E         : [OPLUS_CHG][oplus_chg_ccdetect_parse_dt]Couldn't read qcom,ccdetect-gpio rc=0, qcom,ccdetect-gpio:-2
07-06 09:20:56.859     0     0 E [OPLUS_CHG][oplus_chg_parse_charger_dt]usb_high_than_bat_decidegc: 168
07-06 09:20:56.859     0     0 E         : [OPLUS_CHG][oplus_chg_parse_charger_dt] CONFIG_HIGH_TEMP_VERSION disabled
07-06 09:20:56.859     0     0 E         : [OPLUS_CHG][oplus_chg_parse_charger_dt] temp_freeze_fastchg_current_ma fail
07-06 09:20:56.859     0     0 E         : [OPLUS_CHG][oplus_chg_parse_charger_dt] freeze current [-20, 0, 0, 0]
07-06 09:20:56.859     0     0 E         : [OPLUS_CHG][oplus_chg_parse_charger_dt]qcom,smart_chg_bcc_support is 0
07-06 09:20:56.859     0     0 E         : [OPLUS_CHG][oplus_chg_parse_charger_dt]qcom,smart_chg_soh_support is 0
07-06 09:20:56.859     0     0 E         : [OPLUS_CHG][oplus_chg_parse_charger_dt]get full-pre-ffc-mv property error, rc=-22
07-06 09:20:56.859     0     0 E [OPLUS_CHG][oplus_chg_parse_charger_dt]full-pre-ffc-mv=4455, full_pre_ffc_judge: 0
07-06 09:20:56.859     0     0 E         : [OPLUS_CHG][oplus_chg_smooth_switch_v2_parse_dt]read from dts 0 0 0
07-06 09:20:56.859     0     0 E         : [OPLUS_CHG][oplus_chg_smooth_switch_v2_parse_dt]smooth_switch_v2 0 reserve_chg_soc 0 reserve_dis_soc 0
07-06 09:20:56.859     0     0 E         : [OPLUS_CHG][oplus_chg_parse_charger_dt]pdqc_9v_voltage_adaptive false
07-06 09:20:56.859     0     0 E         : [OPLUS_CHG][oplus_chg_parse_charger_dt]support_check_usbin_status false
07-06 09:20:56.859     0     0 I         : mt6370_pmu_charger mt6370_pmu_charger: __mt6370_set_cv: bat voreg = 4385000 (0x30)
07-06 09:20:56.860     0     0 D         : probe of debug-kinfo returned 0 after 32 usecs
07-06 09:20:56.860     0     0 I         : [OPLUS_CHG][bq25601d_float_voltage_write]bq25601d_set_float_voltage vfloat_mv = 4385 value=128
07-06 09:20:56.860     0     0 I mt6781-mt6366 sound: mt6781_mt6366_dev_probe(), ++
07-06 09:20:56.860     0     0 W mt6781-mt6366 sound: mtk_spk_update_info(), mtk_spk_i2s_mck no use
07-06 09:20:56.860     0     0 I mt6781-mt6366 sound: mtk_spk_update_info(), mtk_spk_type 0, spk_out_dai_link_idx 30, spk_out_dai_link_idx 29, mck: -1
07-06 09:20:56.860     0     0 I mt6781-mt6366 sound: mt6781_mt6366_dev_probe(), update spk dai
07-06 09:20:56.860     0     0 I mt6781-mt6366 sound: mt6781_mt6366_dev_probe(), update platform dai
07-06 09:20:56.860     0     0 I mt6781-mt6366 sound: mt6781_mt6366_dev_probe(), update audio-codec dai
07-06 09:20:56.860     0     0 I mt6781-mt6366 sound: mt6781_mt6366_dev_probe(), devm_snd_soc_register_card
07-06 09:20:56.860     0     0 D [debug][soc_sia81xx_init]: aux_dev = sia81xx.0
07-06 09:20:56.860     0     0 I mt6781-mt6366 sound: ASoC: CPU DAI audio_task_offload_dai not registered
07-06 09:20:56.860     0     0 E mt6781-mt6366 sound: mt6781_mt6366_dev_probe snd_soc_register_card fail -517
07-06 09:20:56.860     0     0 D         : probe of sound returned 0 after 167 usecs
07-06 09:20:56.860     0     0 D         : probe of odm:rt5133-gpio1 returned -517 after 0 usecs
07-06 09:20:56.860     0     0 D         : probe of odm:rt5133-gpio2 returned -517 after 0 usecs
